Archive member included to satisfy reference by file (symbol)

/usr/lib/gcc/arm-none-eabi/10.3.1/thumb/v6-m/nofp/libgcc.a(_dvmd_tls.o)
                              CMakeFiles/example.dir/home/sriram/pico/pico-sdk/src/rp2_common/pico_divider/divider.S.obj (__aeabi_idiv0)
/usr/lib/gcc/arm-none-eabi/10.3.1/../../../arm-none-eabi/lib/thumb/v6-m/nofp/libg.a(lib_a-atexit.o)
                              /usr/lib/gcc/arm-none-eabi/10.3.1/../../../arm-none-eabi/lib/thumb/v6-m/nofp/crt0.o (atexit)
/usr/lib/gcc/arm-none-eabi/10.3.1/../../../arm-none-eabi/lib/thumb/v6-m/nofp/libg.a(lib_a-calloc.o)
                              CMakeFiles/example.dir/home/sriram/pico/pico-sdk/src/rp2_common/pico_malloc/pico_malloc.c.obj (calloc)
/usr/lib/gcc/arm-none-eabi/10.3.1/../../../arm-none-eabi/lib/thumb/v6-m/nofp/libg.a(lib_a-callocr.o)
                              /usr/lib/gcc/arm-none-eabi/10.3.1/../../../arm-none-eabi/lib/thumb/v6-m/nofp/libg.a(lib_a-calloc.o) (_calloc_r)
/usr/lib/gcc/arm-none-eabi/10.3.1/../../../arm-none-eabi/lib/thumb/v6-m/nofp/libg.a(lib_a-fini.o)
                              /usr/lib/gcc/arm-none-eabi/10.3.1/../../../arm-none-eabi/lib/thumb/v6-m/nofp/crt0.o (__libc_fini_array)
/usr/lib/gcc/arm-none-eabi/10.3.1/../../../arm-none-eabi/lib/thumb/v6-m/nofp/libg.a(lib_a-impure.o)
                              /usr/lib/gcc/arm-none-eabi/10.3.1/../../../arm-none-eabi/lib/thumb/v6-m/nofp/libg.a(lib_a-calloc.o) (_impure_ptr)
/usr/lib/gcc/arm-none-eabi/10.3.1/../../../arm-none-eabi/lib/thumb/v6-m/nofp/libg.a(lib_a-init.o)
                              /usr/lib/gcc/arm-none-eabi/10.3.1/../../../arm-none-eabi/lib/thumb/v6-m/nofp/crt0.o (__libc_init_array)
/usr/lib/gcc/arm-none-eabi/10.3.1/../../../arm-none-eabi/lib/thumb/v6-m/nofp/libg.a(lib_a-malloc.o)
                              CMakeFiles/example.dir/home/sriram/pico/pico-sdk/src/rp2_common/pico_malloc/pico_malloc.c.obj (malloc)
/usr/lib/gcc/arm-none-eabi/10.3.1/../../../arm-none-eabi/lib/thumb/v6-m/nofp/libg.a(lib_a-mallocr.o)
                              /usr/lib/gcc/arm-none-eabi/10.3.1/../../../arm-none-eabi/lib/thumb/v6-m/nofp/libg.a(lib_a-callocr.o) (_malloc_r)
/usr/lib/gcc/arm-none-eabi/10.3.1/../../../arm-none-eabi/lib/thumb/v6-m/nofp/libg.a(lib_a-mlock.o)
                              /usr/lib/gcc/arm-none-eabi/10.3.1/../../../arm-none-eabi/lib/thumb/v6-m/nofp/libg.a(lib_a-mallocr.o) (__malloc_lock)
/usr/lib/gcc/arm-none-eabi/10.3.1/../../../arm-none-eabi/lib/thumb/v6-m/nofp/libg.a(lib_a-realloc.o)
                              CMakeFiles/example.dir/home/sriram/pico/pico-sdk/src/rp2_common/pico_malloc/pico_malloc.c.obj (realloc)
/usr/lib/gcc/arm-none-eabi/10.3.1/../../../arm-none-eabi/lib/thumb/v6-m/nofp/libg.a(lib_a-reallocr.o)
                              /usr/lib/gcc/arm-none-eabi/10.3.1/../../../arm-none-eabi/lib/thumb/v6-m/nofp/libg.a(lib_a-realloc.o) (_realloc_r)
/usr/lib/gcc/arm-none-eabi/10.3.1/../../../arm-none-eabi/lib/thumb/v6-m/nofp/libg.a(lib_a-sbrkr.o)
                              /usr/lib/gcc/arm-none-eabi/10.3.1/../../../arm-none-eabi/lib/thumb/v6-m/nofp/libg.a(lib_a-mallocr.o) (_sbrk_r)
/usr/lib/gcc/arm-none-eabi/10.3.1/../../../arm-none-eabi/lib/thumb/v6-m/nofp/libg.a(lib_a-strlen-stub.o)
                              CMakeFiles/example.dir/home/sriram/pico/pico-sdk/src/rp2_common/pico_stdio/stdio.c.obj (strlen)
/usr/lib/gcc/arm-none-eabi/10.3.1/../../../arm-none-eabi/lib/thumb/v6-m/nofp/libg.a(lib_a-__atexit.o)
                              /usr/lib/gcc/arm-none-eabi/10.3.1/../../../arm-none-eabi/lib/thumb/v6-m/nofp/libg.a(lib_a-atexit.o) (__register_exitproc)
/usr/lib/gcc/arm-none-eabi/10.3.1/../../../arm-none-eabi/lib/thumb/v6-m/nofp/libg.a(lib_a-freer.o)
                              /usr/lib/gcc/arm-none-eabi/10.3.1/../../../arm-none-eabi/lib/thumb/v6-m/nofp/libg.a(lib_a-malloc.o) (_free_r)
/usr/lib/gcc/arm-none-eabi/10.3.1/../../../arm-none-eabi/lib/thumb/v6-m/nofp/libg.a(lib_a-memmove.o)
                              /usr/lib/gcc/arm-none-eabi/10.3.1/../../../arm-none-eabi/lib/thumb/v6-m/nofp/libg.a(lib_a-reallocr.o) (memmove)
/usr/lib/gcc/arm-none-eabi/10.3.1/../../../arm-none-eabi/lib/thumb/v6-m/nofp/libg.a(lib_a-reent.o)
                              /usr/lib/gcc/arm-none-eabi/10.3.1/../../../arm-none-eabi/lib/thumb/v6-m/nofp/libg.a(lib_a-sbrkr.o) (errno)

Discarded input sections

 .text          0x0000000000000000        0x0 /usr/lib/gcc/arm-none-eabi/10.3.1/thumb/v6-m/nofp/crti.o
 .data          0x0000000000000000        0x0 /usr/lib/gcc/arm-none-eabi/10.3.1/thumb/v6-m/nofp/crti.o
 .bss           0x0000000000000000        0x0 /usr/lib/gcc/arm-none-eabi/10.3.1/thumb/v6-m/nofp/crti.o
 .data          0x0000000000000000        0x4 /usr/lib/gcc/arm-none-eabi/10.3.1/thumb/v6-m/nofp/crtbegin.o
 .rodata        0x0000000000000000       0x24 /usr/lib/gcc/arm-none-eabi/10.3.1/thumb/v6-m/nofp/crtbegin.o
 .fini_array    0x0000000000000000        0x4 /usr/lib/gcc/arm-none-eabi/10.3.1/thumb/v6-m/nofp/crtbegin.o
[...]
Memory Configuration

Name             Origin             Length             Attributes
FLASH            0x0000000010000000 0x0000000000200000 xr
RAM              0x0000000020000000 0x0000000000040000 xrw
SCRATCH_X        0x0000000020040000 0x0000000000001000 xrw
SCRATCH_Y        0x0000000020041000 0x0000000000001000 xrw
*default*        0x0000000000000000 0xffffffffffffffff

Linker script and memory map

LOAD /usr/lib/gcc/arm-none-eabi/10.3.1/thumb/v6-m/nofp/crti.o
LOAD /usr/lib/gcc/arm-none-eabi/10.3.1/thumb/v6-m/nofp/crtbegin.o
LOAD /usr/lib/gcc/arm-none-eabi/10.3.1/../../../arm-none-eabi/lib/thumb/v6-m/nofp/crt0.o

.flash_begin    0x0000000010000000        0x0
                0x0000000010000000                __flash_binary_start = .

.boot2          0x0000000010000000      0x100
                0x0000000010000000                __boot2_start__ = .
 *(.boot2)
 .boot2         0x0000000010000000      0x100 /tmp/ccnzheHj.o
                0x0000000010000100                __boot2_end__ = .
                0x0000000000000001                ASSERT (((__boot2_end__ - __boot2_start__) == 0x100), ERROR: Pico second stage bootloader must be 256 bytes in size)

.text           0x0000000010000100     0x74f0
                0x0000000010000100                __logical_binary_start = .
 *(.vectors)
 .vectors       0x0000000010000100       0xd4 CMakeFiles/example.dir/home/sriram/pico/pico-sdk/src/rp2_common/pico_standard_link/crt0.S.obj
                0x0000000010000100                __vectors
                0x0000000010000100                __VECTOR_TABLE
                0x00000000100001c0                isr_invalid
                0x00000000100001c0                __default_isrs_start
                0x00000000100001c2                isr_nmi
                0x00000000100001c4                isr_hardfault
                0x00000000100001c6                isr_svcall
                0x00000000100001c8                isr_pendsv
                0x00000000100001ca                isr_systick
                0x00000000100001cc                isr_irq30
                0x00000000100001cc                __unhandled_user_irq
                0x00000000100001cc                isr_irq13
                0x00000000100001cc                isr_irq27
                0x00000000100001cc                isr_irq31
                0x00000000100001cc                isr_irq5
                0x00000000100001cc                isr_irq11
                0x00000000100001cc                isr_irq23
                0x00000000100001cc                isr_irq18
                0x00000000100001cc                isr_irq28
                0x00000000100001cc                isr_irq19
                0x00000000100001cc                isr_irq0
                0x00000000100001cc                isr_irq6
                0x00000000100001cc                isr_irq22
                0x00000000100001cc                isr_irq17
                0x00000000100001cc                isr_irq14
                0x00000000100001cc                isr_irq2
                0x00000000100001cc                isr_irq10
                0x00000000100001cc                isr_irq8
                0x00000000100001cc                isr_irq24
                0x00000000100001cc                isr_irq1
                0x00000000100001cc                isr_irq7
                0x00000000100001cc                isr_irq21
                0x00000000100001cc                isr_irq20
                0x00000000100001cc                isr_irq15
                0x00000000100001cc                isr_irq25
                0x00000000100001cc                isr_irq4
                0x00000000100001cc                isr_irq16
                0x00000000100001cc                isr_irq29
                0x00000000100001cc                isr_irq26
                0x00000000100001cc                __default_isrs_end
                0x00000000100001cc                isr_irq3
                0x00000000100001cc                isr_irq12
                0x00000000100001cc                isr_irq9
                0x00000000100001d2                unhandled_user_irq_num_in_r0
 *(.binary_info_header)
 .binary_info_header
                0x00000000100001d4       0x14 CMakeFiles/example.dir/home/sriram/pico/pico-sdk/src/rp2_common/pico_standard_link/crt0.S.obj
                0x00000000100001e8                __binary_info_header_end = .
 *(.reset)
 .reset         0x00000000100001e8       0xa0 CMakeFiles/example.dir/home/sriram/pico/pico-sdk/src/rp2_common/pico_standard_link/crt0.S.obj
                0x00000000100001e8                _entry_point
 .reset         0x0000000010000288       0x30 CMakeFiles/example.dir/home/sriram/pico/pico-sdk/src/rp2_common/pico_standard_link/binary_info.c.obj
 *(.init)
 .init          0x00000000100002b8        0x4 /usr/lib/gcc/arm-none-eabi/10.3.1/thumb/v6-m/nofp/crti.o
                0x00000000100002b8                _init
 *(EXCLUDE_FILE(*libm.a: *libc.a:*lib_a-mem*.o *libgcc.a:) .text*)
 .text          0x00000000100002bc       0x98 /usr/lib/gcc/arm-none-eabi/10.3.1/thumb/v6-m/nofp/crtbegin.o
 .text.main     0x0000000010000354       0xdc CMakeFiles/example.dir/example.c.obj
                0x0000000010000354                main
 .text.i2c_write_to_memory
                0x0000000010000430       0x1e CMakeFiles/example.dir/bmx160.c.obj
 .text.i2c_read_from_memory
                0x000000001000044e       0x30 CMakeFiles/example.dir/bmx160.c.obj
 .text.read_accel_data_raw
                0x000000001000047e       0x2e CMakeFiles/example.dir/bmx160.c.obj
                0x000000001000047e                read_accel_data_raw
 .text.read_gyro_data_raw
                0x00000000100004ac       0x2e CMakeFiles/example.dir/bmx160.c.obj
                0x00000000100004ac                read_gyro_data_raw
 *fill*         0x00000000100004da        0x2 
 .text.convert_accel_data
                0x00000000100004dc       0x74 CMakeFiles/example.dir/bmx160.c.obj
                0x00000000100004dc                convert_accel_data
 .text.convert_gyro_data
                0x0000000010000550       0x94 CMakeFiles/example.dir/bmx160.c.obj
                0x0000000010000550                convert_gyro_data
 .text.read_gyro_data
                0x00000000100005e4       0x1c CMakeFiles/example.dir/bmx160.c.obj
                0x00000000100005e4                read_gyro_data
 .text.read_accel_data
                0x0000000010000600       0x1c CMakeFiles/example.dir/bmx160.c.obj
                0x0000000010000600                read_accel_data
 .text.get_default_config
                0x000000001000061c       0x24 CMakeFiles/example.dir/bmx160.c.obj
                0x000000001000061c                get_default_config
 .text.get_pmu_status
                0x0000000010000640       0x18 CMakeFiles/example.dir/bmx160.c.obj
                0x0000000010000640                get_pmu_status
 .text.set_pmu  0x0000000010000658       0x74 CMakeFiles/example.dir/bmx160.c.obj
                0x0000000010000658                set_pmu
 .text.init_sensor
                0x00000000100006cc       0x48 CMakeFiles/example.dir/bmx160.c.obj
                0x00000000100006cc                init_sensor
 .text.bmx_foc  0x0000000010000714       0x68 CMakeFiles/example.dir/bmx160.c.obj
                0x0000000010000714                bmx_foc
 .text.bmx_set_config
                0x000000001000077c       0x32 CMakeFiles/example.dir/bmx160.c.obj
                0x000000001000077c                bmx_set_config
 *fill*         0x00000000100007ae        0x2 
 .text.gpio_set_function
                0x00000000100007b0       0x30 CMakeFiles/example.dir/home/sriram/pico/pico-sdk/src/rp2_common/hardware_gpio/gpio.c.obj
                0x00000000100007b0                gpio_set_function
 .text.gpio_set_pulls
                0x00000000100007e0       0x34 CMakeFiles/example.dir/home/sriram/pico/pico-sdk/src/rp2_common/hardware_gpio/gpio.c.obj
                0x00000000100007e0                gpio_set_pulls
 .text.gpio_init
                0x0000000010000814       0x16 CMakeFiles/example.dir/home/sriram/pico/pico-sdk/src/rp2_common/hardware_gpio/gpio.c.obj
                0x0000000010000814                gpio_init
 *fill*         0x000000001000082a        0x2 
 .text.running_on_fpga
                0x000000001000082c       0x14 CMakeFiles/example.dir/home/sriram/pico/pico-sdk/src/rp2_common/pico_platform/platform.c.obj
                0x000000001000082c                running_on_fpga
 .text.hw_claim_lock
                0x0000000010000840       0x18 CMakeFiles/example.dir/home/sriram/pico/pico-sdk/src/rp2_common/hardware_claim/claim.c.obj
                0x0000000010000840                hw_claim_lock
 .text.hw_claim_unlock
                0x0000000010000858       0x14 CMakeFiles/example.dir/home/sriram/pico/pico-sdk/src/rp2_common/hardware_claim/claim.c.obj
                0x0000000010000858                hw_claim_unlock
 .text.hw_claim_or_assert
                0x000000001000086c       0x32 CMakeFiles/example.dir/home/sriram/pico/pico-sdk/src/rp2_common/hardware_claim/claim.c.obj
                0x000000001000086c                hw_claim_or_assert
 .text.hw_claim_unused_from_range
                0x000000001000089e       0x50 CMakeFiles/example.dir/home/sriram/pico/pico-sdk/src/rp2_common/hardware_claim/claim.c.obj
                0x000000001000089e                hw_claim_unused_from_range
 *fill*         0x00000000100008ee        0x2 
 .text.spin_locks_reset
                0x00000000100008f0       0x20 CMakeFiles/example.dir/home/sriram/pico/pico-sdk/src/rp2_common/hardware_sync/sync.c.obj
                0x00000000100008f0                spin_locks_reset
 .text.next_striped_spin_lock_num
                0x0000000010000910       0x1c CMakeFiles/example.dir/home/sriram/pico/pico-sdk/src/rp2_common/hardware_sync/sync.c.obj
                0x0000000010000910                next_striped_spin_lock_num
 .text.spin_lock_claim_unused
                0x000000001000092c       0x20 CMakeFiles/example.dir/home/sriram/pico/pico-sdk/src/rp2_common/hardware_sync/sync.c.obj
                0x000000001000092c                spin_lock_claim_unused
 .text.set_raw_irq_handler_and_unlock
                0x000000001000094c       0x28 CMakeFiles/example.dir/home/sriram/pico/pico-sdk/src/rp2_common/hardware_irq/irq.c.obj
 .text.make_branch
                0x0000000010000974       0x48 CMakeFiles/example.dir/home/sriram/pico/pico-sdk/src/rp2_common/hardware_irq/irq.c.obj
 .text.insert_branch_and_link
                0x00000000100009bc       0x40 CMakeFiles/example.dir/home/sriram/pico/pico-sdk/src/rp2_common/hardware_irq/irq.c.obj
 .text.irq_is_enabled
                0x00000000100009fc       0x18 CMakeFiles/example.dir/home/sriram/pico/pico-sdk/src/rp2_common/hardware_irq/irq.c.obj
                0x00000000100009fc                irq_is_enabled
 .text.irq_set_mask_enabled
                0x0000000010000a14       0x20 CMakeFiles/example.dir/home/sriram/pico/pico-sdk/src/rp2_common/hardware_irq/irq.c.obj
                0x0000000010000a14                irq_set_mask_enabled
 .text.irq_set_enabled
                0x0000000010000a34        0xe CMakeFiles/example.dir/home/sriram/pico/pico-sdk/src/rp2_common/hardware_irq/irq.c.obj
                0x0000000010000a34                irq_set_enabled
 *fill*         0x0000000010000a42        0x2 
 .text.irq_set_pending
                0x0000000010000a44       0x10 CMakeFiles/example.dir/home/sriram/pico/pico-sdk/src/rp2_common/hardware_irq/irq.c.obj
                0x0000000010000a44                irq_set_pending
 .text.irq_get_vtable_handler
                0x0000000010000a54       0x10 CMakeFiles/example.dir/home/sriram/pico/pico-sdk/src/rp2_common/hardware_irq/irq.c.obj
                0x0000000010000a54                irq_get_vtable_handler
 .text.irq_has_shared_handler
                0x0000000010000a64       0x24 CMakeFiles/example.dir/home/sriram/pico/pico-sdk/src/rp2_common/hardware_irq/irq.c.obj
                0x0000000010000a64                irq_has_shared_handler
 .text.irq_set_exclusive_handler
                0x0000000010000a88       0x54 CMakeFiles/example.dir/home/sriram/pico/pico-sdk/src/rp2_common/hardware_irq/irq.c.obj
                0x0000000010000a88                irq_set_exclusive_handler
 .text.irq_add_shared_handler
                0x0000000010000adc      0x234 CMakeFiles/example.dir/home/sriram/pico/pico-sdk/src/rp2_common/hardware_irq/irq.c.obj
                0x0000000010000adc                irq_add_shared_handler
 .text.irq_remove_handler
                0x0000000010000d10      0x1ac CMakeFiles/example.dir/home/sriram/pico/pico-sdk/src/rp2_common/hardware_irq/irq.c.obj
                0x0000000010000d10                irq_remove_handler
 .text.irq_add_tail_to_free_list
                0x0000000010000ebc       0xf0 CMakeFiles/example.dir/home/sriram/pico/pico-sdk/src/rp2_common/hardware_irq/irq.c.obj
                0x0000000010000ebc                irq_add_tail_to_free_list
 .text.irq_init_priorities
                0x0000000010000fac       0x1c CMakeFiles/example.dir/home/sriram/pico/pico-sdk/src/rp2_common/hardware_irq/irq.c.obj
                0x0000000010000fac                irq_init_priorities
 .text.user_irq_claim_unused
                0x0000000010000fc8       0x28 CMakeFiles/example.dir/home/sriram/pico/pico-sdk/src/rp2_common/hardware_irq/irq.c.obj
                0x0000000010000fc8                user_irq_claim_unused
 .text.lock_init
                0x0000000010000ff0       0x10 CMakeFiles/example.dir/home/sriram/pico/pico-sdk/src/common/pico_sync/lock_core.c.obj
                0x0000000010000ff0                lock_init
 .text.mutex_init
                0x0000000010001000       0x1a CMakeFiles/example.dir/home/sriram/pico/pico-sdk/src/common/pico_sync/mutex.c.obj
                0x0000000010001000                mutex_init
 .text.recursive_mutex_init
                0x000000001000101a       0x1e CMakeFiles/example.dir/home/sriram/pico/pico-sdk/src/common/pico_sync/mutex.c.obj
                0x000000001000101a                recursive_mutex_init
 .text.critical_section_init_with_lock_num
                0x0000000010001038       0x14 CMakeFiles/example.dir/home/sriram/pico/pico-sdk/src/common/pico_sync/critical_section.c.obj
                0x0000000010001038                critical_section_init_with_lock_num
 .text.critical_section_init
                0x000000001000104c       0x14 CMakeFiles/example.dir/home/sriram/pico/pico-sdk/src/common/pico_sync/critical_section.c.obj
                0x000000001000104c                critical_section_init
 .text.alarm_pool_post_alloc_init
                0x0000000010001060       0x40 CMakeFiles/example.dir/home/sriram/pico/pico-sdk/src/common/pico_time/time.c.obj
 .text.sleep_until_callback
                0x00000000100010a0       0x30 CMakeFiles/example.dir/home/sriram/pico/pico-sdk/src/common/pico_time/time.c.obj
 .text.timer_pool_entry_comparator
                0x00000000100010d0       0x7c CMakeFiles/example.dir/home/sriram/pico/pico-sdk/src/common/pico_time/time.c.obj
                0x00000000100010d0                timer_pool_entry_comparator
 .text.ph_add_child_node
                0x000000001000114c       0xa4 CMakeFiles/example.dir/home/sriram/pico/pico-sdk/src/common/pico_time/time.c.obj
 .text.ph_merge_nodes
                0x00000000100011f0       0x3e CMakeFiles/example.dir/home/sriram/pico/pico-sdk/src/common/pico_time/time.c.obj
 *fill*         0x000000001000122e        0x2 
 .text.add_alarm_under_lock
                0x0000000010001230      0x174 CMakeFiles/example.dir/home/sriram/pico/pico-sdk/src/common/pico_time/time.c.obj
 .text.alarm_pool_alarm_callback
                0x00000000100013a4      0x33c CMakeFiles/example.dir/home/sriram/pico/pico-sdk/src/common/pico_time/time.c.obj
 .text.alarm_pool_init_default
                0x00000000100016e0       0x40 CMakeFiles/example.dir/home/sriram/pico/pico-sdk/src/common/pico_time/time.c.obj
                0x00000000100016e0                alarm_pool_init_default
 .text.alarm_pool_get_default
                0x0000000010001720       0x2c CMakeFiles/example.dir/home/sriram/pico/pico-sdk/src/common/pico_time/time.c.obj
                0x0000000010001720                alarm_pool_get_default
 .text.alarm_pool_add_alarm_at
                0x000000001000174c      0x168 CMakeFiles/example.dir/home/sriram/pico/pico-sdk/src/common/pico_time/time.c.obj
                0x000000001000174c                alarm_pool_add_alarm_at
 .text.alarm_pool_cancel_alarm
                0x00000000100018b4       0xf8 CMakeFiles/example.dir/home/sriram/pico/pico-sdk/src/common/pico_time/time.c.obj
                0x00000000100018b4                alarm_pool_cancel_alarm
 .text.alarm_pool_core_num
                0x00000000100019ac        0x4 CMakeFiles/example.dir/home/sriram/pico/pico-sdk/src/common/pico_time/time.c.obj
                0x00000000100019ac                alarm_pool_core_num
 .text.sleep_until
                0x00000000100019b0       0xfc CMakeFiles/example.dir/home/sriram/pico/pico-sdk/src/common/pico_time/time.c.obj
                0x00000000100019b0                sleep_until
 .text.sleep_us
                0x0000000010001aac       0x58 CMakeFiles/example.dir/home/sriram/pico/pico-sdk/src/common/pico_time/time.c.obj
                0x0000000010001aac                sleep_us
 .text.sleep_ms
                0x0000000010001b04       0x14 CMakeFiles/example.dir/home/sriram/pico/pico-sdk/src/common/pico_time/time.c.obj
                0x0000000010001b04                sleep_ms
 .text.best_effort_wfe_or_timeout
                0x0000000010001b18       0xac CMakeFiles/example.dir/home/sriram/pico/pico-sdk/src/common/pico_time/time.c.obj
                0x0000000010001b18                best_effort_wfe_or_timeout
 .text.hardware_alarm_irq_handler
                0x0000000010001bc4       0x90 CMakeFiles/example.dir/home/sriram/pico/pico-sdk/src/rp2_common/hardware_timer/timer.c.obj
 .text.hardware_alarm_claim
                0x0000000010001c54       0x18 CMakeFiles/example.dir/home/sriram/pico/pico-sdk/src/rp2_common/hardware_timer/timer.c.obj
                0x0000000010001c54                hardware_alarm_claim
 .text.time_us_64
                0x0000000010001c6c       0x18 CMakeFiles/example.dir/home/sriram/pico/pico-sdk/src/rp2_common/hardware_timer/timer.c.obj
                0x0000000010001c6c                time_us_64
 .text.busy_wait_until
                0x0000000010001c84       0x28 CMakeFiles/example.dir/home/sriram/pico/pico-sdk/src/rp2_common/hardware_timer/timer.c.obj
                0x0000000010001c84                busy_wait_until
 .text.hardware_alarm_set_callback
                0x0000000010001cac       0x90 CMakeFiles/example.dir/home/sriram/pico/pico-sdk/src/rp2_common/hardware_timer/timer.c.obj
                0x0000000010001cac                hardware_alarm_set_callback
 .text.hardware_alarm_set_target
                0x0000000010001d3c       0xe8 CMakeFiles/example.dir/home/sriram/pico/pico-sdk/src/rp2_common/hardware_timer/timer.c.obj
                0x0000000010001d3c                hardware_alarm_set_target
 .text.hardware_alarm_cancel
                0x0000000010001e24       0x40 CMakeFiles/example.dir/home/sriram/pico/pico-sdk/src/rp2_common/hardware_timer/timer.c.obj
                0x0000000010001e24                hardware_alarm_cancel
 .text.ph_add_child_node
                0x0000000010001e64       0xa4 CMakeFiles/example.dir/home/sriram/pico/pico-sdk/src/common/pico_util/pheap.c.obj
 .text.ph_merge_nodes
                0x0000000010001f08       0x3e CMakeFiles/example.dir/home/sriram/pico/pico-sdk/src/common/pico_util/pheap.c.obj
 *fill*         0x0000000010001f46        0x2 
 .text.ph_clear
                0x0000000010001f48       0x70 CMakeFiles/example.dir/home/sriram/pico/pico-sdk/src/common/pico_util/pheap.c.obj
                0x0000000010001f48                ph_clear
 .text.ph_post_alloc_init
                0x0000000010001fb8        0xe CMakeFiles/example.dir/home/sriram/pico/pico-sdk/src/common/pico_util/pheap.c.obj
                0x0000000010001fb8                ph_post_alloc_init
 *fill*         0x0000000010001fc6        0x2 
 .text.ph_merge_two_pass
                0x0000000010001fc8       0xa8 CMakeFiles/example.dir/home/sriram/pico/pico-sdk/src/common/pico_util/pheap.c.obj
                0x0000000010001fc8                ph_merge_two_pass
 .text.ph_remove_any_head
                0x0000000010002070      0x128 CMakeFiles/example.dir/home/sriram/pico/pico-sdk/src/common/pico_util/pheap.c.obj
 .text.ph_remove_head
                0x0000000010002198       0x14 CMakeFiles/example.dir/home/sriram/pico/pico-sdk/src/common/pico_util/pheap.c.obj
                0x0000000010002198                ph_remove_head
 .text.ph_remove_and_free_node
                0x00000000100021ac       0xf8 CMakeFiles/example.dir/home/sriram/pico/pico-sdk/src/common/pico_util/pheap.c.obj
                0x00000000100021ac                ph_remove_and_free_node
 .text.clock_configure
                0x00000000100022a4      0x108 CMakeFiles/example.dir/home/sriram/pico/pico-sdk/src/rp2_common/hardware_clocks/clocks.c.obj
                0x00000000100022a4                clock_configure
 .text.clocks_init
                0x00000000100023ac      0x100 CMakeFiles/example.dir/home/sriram/pico/pico-sdk/src/rp2_common/hardware_clocks/clocks.c.obj
                0x00000000100023ac                clocks_init
 .text.clock_get_hz
                0x00000000100024ac        0xc CMakeFiles/example.dir/home/sriram/pico/pico-sdk/src/rp2_common/hardware_clocks/clocks.c.obj
                0x00000000100024ac                clock_get_hz
 .text.pll_init
                0x00000000100024b8      0x120 CMakeFiles/example.dir/home/sriram/pico/pico-sdk/src/rp2_common/hardware_pll/pll.c.obj
                0x00000000100024b8                pll_init
 .text.watchdog_start_tick
                0x00000000100025d8       0x10 CMakeFiles/example.dir/home/sriram/pico/pico-sdk/src/rp2_common/hardware_watchdog/watchdog.c.obj
                0x00000000100025d8                watchdog_start_tick
 .text.watchdog_update
                0x00000000100025e8       0x14 CMakeFiles/example.dir/home/sriram/pico/pico-sdk/src/rp2_common/hardware_watchdog/watchdog.c.obj
                0x00000000100025e8                watchdog_update
 .text._watchdog_enable
                0x00000000100025fc       0x78 CMakeFiles/example.dir/home/sriram/pico/pico-sdk/src/rp2_common/hardware_watchdog/watchdog.c.obj
                0x00000000100025fc                _watchdog_enable
 .text.watchdog_reboot
                0x0000000010002674       0x48 CMakeFiles/example.dir/home/sriram/pico/pico-sdk/src/rp2_common/hardware_watchdog/watchdog.c.obj
                0x0000000010002674                watchdog_reboot
 .text.xosc_init
                0x00000000100026bc       0x28 CMakeFiles/example.dir/home/sriram/pico/pico-sdk/src/rp2_common/hardware_xosc/xosc.c.obj
                0x00000000100026bc                xosc_init
 .text._exit    0x00000000100026e4        0x4 CMakeFiles/example.dir/home/sriram/pico/pico-sdk/src/rp2_common/pico_runtime/runtime.c.obj
                0x00000000100026e4                _exit
 .text.exit     0x00000000100026e8        0x6 CMakeFiles/example.dir/home/sriram/pico/pico-sdk/src/rp2_common/pico_runtime/runtime.c.obj
                0x00000000100026e8                exit
 *fill*         0x00000000100026ee        0x2 
 .text.__assert_func
                0x00000000100026f0       0x3c CMakeFiles/example.dir/home/sriram/pico/pico-sdk/src/rp2_common/pico_runtime/runtime.c.obj
                0x00000000100026f0                __assert_func
 .text.runtime_init
                0x000000001000272c       0xf8 CMakeFiles/example.dir/home/sriram/pico/pico-sdk/src/rp2_common/pico_runtime/runtime.c.obj
                0x000000001000272c                runtime_init
 .text.panic    0x0000000010002824       0x30 CMakeFiles/example.dir/home/sriram/pico/pico-sdk/src/rp2_common/pico_runtime/runtime.c.obj
                0x0000000010002824                panic
 .text._out_null
                0x0000000010002854        0x2 CMakeFiles/example.dir/home/sriram/pico/pico-sdk/src/rp2_common/pico_printf/printf.c.obj
 .text._out_fct
                0x0000000010002856        0xe CMakeFiles/example.dir/home/sriram/pico/pico-sdk/src/rp2_common/pico_printf/printf.c.obj
 .text._atoi    0x0000000010002864       0x24 CMakeFiles/example.dir/home/sriram/pico/pico-sdk/src/rp2_common/pico_printf/printf.c.obj
 .text._out_rev
                0x0000000010002888       0xae CMakeFiles/example.dir/home/sriram/pico/pico-sdk/src/rp2_common/pico_printf/printf.c.obj
 .text._ntoa_format
                0x0000000010002936      0x112 CMakeFiles/example.dir/home/sriram/pico/pico-sdk/src/rp2_common/pico_printf/printf.c.obj
 .text._ntoa_long
                0x0000000010002a48       0xbc CMakeFiles/example.dir/home/sriram/pico/pico-sdk/src/rp2_common/pico_printf/printf.c.obj
 .text._ntoa_long_long
                0x0000000010002b04       0xe2 CMakeFiles/example.dir/home/sriram/pico/pico-sdk/src/rp2_common/pico_printf/printf.c.obj
 *fill*         0x0000000010002be6        0x2 
 .text._etoa    0x0000000010002be8      0x414 CMakeFiles/example.dir/home/sriram/pico/pico-sdk/src/rp2_common/pico_printf/printf.c.obj
 .text._ftoa    0x0000000010002ffc      0x354 CMakeFiles/example.dir/home/sriram/pico/pico-sdk/src/rp2_common/pico_printf/printf.c.obj
 .text._vsnprintf
                0x0000000010003350      0x624 CMakeFiles/example.dir/home/sriram/pico/pico-sdk/src/rp2_common/pico_printf/printf.c.obj
 .text.vfctprintf
                0x0000000010003974       0x20 CMakeFiles/example.dir/home/sriram/pico/pico-sdk/src/rp2_common/pico_printf/printf.c.obj
                0x0000000010003974                vfctprintf
 .text          0x0000000010003994       0x10 CMakeFiles/example.dir/home/sriram/pico/pico-sdk/src/rp2_common/pico_bit_ops/bit_ops_aeabi.S.obj
 .text.rom_func_lookup
                0x00000000100039a4       0x10 CMakeFiles/example.dir/home/sriram/pico/pico-sdk/src/rp2_common/pico_bootrom/bootrom.c.obj
                0x00000000100039a4                rom_func_lookup
 .text.rom_data_lookup
                0x00000000100039b4       0x10 CMakeFiles/example.dir/home/sriram/pico/pico-sdk/src/rp2_common/pico_bootrom/bootrom.c.obj
                0x00000000100039b4                rom_data_lookup
 .text.rom_funcs_lookup
                0x00000000100039c4       0x36 CMakeFiles/example.dir/home/sriram/pico/pico-sdk/src/rp2_common/pico_bootrom/bootrom.c.obj
                0x00000000100039c4                rom_funcs_lookup
 *fill*         0x00000000100039fa        0x2 
 .text.__wrap___aeabi_idiv
                0x00000000100039fc       0x50 CMakeFiles/example.dir/home/sriram/pico/pico-sdk/src/rp2_common/pico_divider/divider.S.obj
                0x00000000100039fc                __wrap___aeabi_idivmod
                0x00000000100039fc                divmod_s32s32
                0x00000000100039fc                div_s32s32
                0x00000000100039fc                __wrap___aeabi_idiv
                0x0000000010003a04                divmod_s32s32_unsafe
                0x0000000010003a30                divmod_s32s32_savestate
 .text.__wrap___aeabi_uidiv
                0x0000000010003a4c       0x4c CMakeFiles/example.dir/home/sriram/pico/pico-sdk/src/rp2_common/pico_divider/divider.S.obj
                0x0000000010003a4c                __wrap___aeabi_uidiv
                0x0000000010003a4c                __wrap___aeabi_uidivmod
                0x0000000010003a4c                div_u32u32
                0x0000000010003a4c                divmod_u32u32
                0x0000000010003a54                divmod_u32u32_unsafe
                0x0000000010003a7c                divmod_u32u32_savestate
 .text.__wrap___aeabi_ldiv
                0x0000000010003a98      0x424 CMakeFiles/example.dir/home/sriram/pico/pico-sdk/src/rp2_common/pico_divider/divider.S.obj
                0x0000000010003a98                div_s64s64
                0x0000000010003a98                divmod_s64s64
                0x0000000010003a98                __wrap___aeabi_ldivmod
                0x0000000010003ac8                div_u64u64
                0x0000000010003ac8                divmod_u64u64
                0x0000000010003ac8                __wrap___aeabi_uldivmod
                0x0000000010003ad8                divmod_u64u64_savestate
                0x0000000010003af8                divmod_s64s64_unsafe
                0x0000000010003b80                divmod_u64u64_unsafe
 .text.__wrap___aeabi_darithmetic
                0x0000000010003ebc       0x80 CMakeFiles/example.dir/home/sriram/pico/pico-sdk/src/rp2_common/pico_double/double_aeabi.S.obj
                0x0000000010003ebc                __wrap___aeabi_drsub
                0x0000000010003ec2                __wrap___aeabi_dsub
                0x0000000010003ed4                __wrap___aeabi_dadd
                0x0000000010003ee6                __wrap___aeabi_ddiv
                0x0000000010003f22                __wrap___aeabi_dmul
 .text.__wrap___aeabi_cdcmple
                0x0000000010003f3c       0x6c CMakeFiles/example.dir/home/sriram/pico/pico-sdk/src/rp2_common/pico_double/double_aeabi.S.obj
                0x0000000010003f3c                __wrap___aeabi_cdrcmple
                0x0000000010003f4c                __wrap___aeabi_cdcmple
                0x0000000010003f4c                __wrap___aeabi_cdcmpeq
 .text.__wrap___aeabi_dcmplt
                0x0000000010003fa8        0xc CMakeFiles/example.dir/home/sriram/pico/pico-sdk/src/rp2_common/pico_double/double_aeabi.S.obj
                0x0000000010003fa8                __wrap___aeabi_dcmplt
 .text.__wrap___aeabi_dcmple
                0x0000000010003fb4       0x10 CMakeFiles/example.dir/home/sriram/pico/pico-sdk/src/rp2_common/pico_double/double_aeabi.S.obj
                0x0000000010003fb4                __wrap___aeabi_dcmple
 .text.__wrap___aeabi_dcmpge
                0x0000000010003fc4       0x10 CMakeFiles/example.dir/home/sriram/pico/pico-sdk/src/rp2_common/pico_double/double_aeabi.S.obj
                0x0000000010003fc4                __wrap___aeabi_dcmpge
 .text.__wrap___aeabi_dcmpgt
                0x0000000010003fd4        0xa CMakeFiles/example.dir/home/sriram/pico/pico-sdk/src/rp2_common/pico_double/double_aeabi.S.obj
                0x0000000010003fd4                __wrap___aeabi_dcmpgt
 .text.__wrap___aeabi_dcmpun
                0x0000000010003fde       0x1c CMakeFiles/example.dir/home/sriram/pico/pico-sdk/src/rp2_common/pico_double/double_aeabi.S.obj
                0x0000000010003fde                __wrap___aeabi_dcmpun
 *fill*         0x0000000010003ffa        0x2 
 .text.__wrap___aeabi_i2d
                0x0000000010003ffc       0x38 CMakeFiles/example.dir/home/sriram/pico/pico-sdk/src/rp2_common/pico_double/double_aeabi.S.obj
                0x0000000010003ffc                __wrap___aeabi_ui2d
                0x0000000010004004                __wrap___aeabi_i2d
 .text.__wrap___aeabi_d2iz
                0x0000000010004034       0x48 CMakeFiles/example.dir/home/sriram/pico/pico-sdk/src/rp2_common/pico_double/double_aeabi.S.obj
                0x0000000010004034                __wrap___aeabi_d2iz
                0x0000000010004034                double2int_z
 .text.__wrap___aeabi_d2uiz
                0x000000001000407c       0x18 CMakeFiles/example.dir/home/sriram/pico/pico-sdk/src/rp2_common/pico_double/double_aeabi.S.obj
                0x000000001000407c                double2uint
                0x000000001000407c                __wrap___aeabi_d2uiz
 .text.__aeabi_double_init
                0x0000000010004094       0xc8 CMakeFiles/example.dir/home/sriram/pico/pico-sdk/src/rp2_common/pico_double/double_init_rom.c.obj
                0x0000000010004094                __aeabi_double_init
 .text.double_table_shim_on_use_helper
                0x000000001000415c       0x34 CMakeFiles/example.dir/home/sriram/pico/pico-sdk/src/rp2_common/pico_double/double_v1_rom_shim.S.obj
                0x000000001000415c                double_table_shim_on_use_helper
 .text.__wrap___aeabi_dsub
                0x0000000010004190       0x10 CMakeFiles/example.dir/home/sriram/pico/pico-sdk/src/rp2_common/pico_double/double_v1_rom_shim.S.obj
                0x0000000010004190                drsub_shim
                0x0000000010004196                dsub_shim
 .text.dadd_shim
                0x00000000100041a0      0x15c CMakeFiles/example.dir/home/sriram/pico/pico-sdk/src/rp2_common/pico_double/double_v1_rom_shim.S.obj
                0x00000000100041a0                dadd_shim
 .text.dmul_shim
                0x00000000100042fc      0x15c CMakeFiles/example.dir/home/sriram/pico/pico-sdk/src/rp2_common/pico_double/double_v1_rom_shim.S.obj
                0x00000000100042fc                dmul_shim
 .text.ddiv_shim
                0x0000000010004458      0x1b0 CMakeFiles/example.dir/home/sriram/pico/pico-sdk/src/rp2_common/pico_double/double_v1_rom_shim.S.obj
                0x0000000010004458                ddiv_shim
 .text.double2uint_shim
                0x0000000010004608        0xe CMakeFiles/example.dir/home/sriram/pico/pico-sdk/src/rp2_common/pico_double/double_v1_rom_shim.S.obj
                0x0000000010004608                double2uint_shim
                0x000000001000460a                double2ufix_shim
 *fill*         0x0000000010004616        0x2 
 .text.double2uint64_shim
                0x0000000010004618       0x70 CMakeFiles/example.dir/home/sriram/pico/pico-sdk/src/rp2_common/pico_double/double_v1_rom_shim.S.obj
                0x0000000010004618                double2uint64_shim
                0x000000001000461a                double2ufix64_shim
                0x000000001000463a                d2fix_a
 .text.dunpacks
                0x0000000010004688       0x3c CMakeFiles/example.dir/home/sriram/pico/pico-sdk/src/rp2_common/pico_double/double_v1_rom_shim.S.obj
                0x0000000010004688                dunpacks
 .text.__aeabi_lmul
                0x00000000100046c4       0x32 CMakeFiles/example.dir/home/sriram/pico/pico-sdk/src/rp2_common/pico_int64_ops/pico_int64_ops_aeabi.S.obj
                0x00000000100046c4                __wrap___aeabi_lmul
 *fill*         0x00000000100046f6        0x2 
 .text.__aeabi_float_init
                0x00000000100046f8       0xfc CMakeFiles/example.dir/home/sriram/pico/pico-sdk/src/rp2_common/pico_float/float_init_rom.c.obj
                0x00000000100046f8                __aeabi_float_init
 .text.float_table_shim_on_use_helper
                0x00000000100047f4       0x34 CMakeFiles/example.dir/home/sriram/pico/pico-sdk/src/rp2_common/pico_float/float_v1_rom_shim.S.obj
                0x00000000100047f4                float_table_shim_on_use_helper
 .text          0x0000000010004828       0x10 CMakeFiles/example.dir/home/sriram/pico/pico-sdk/src/rp2_common/pico_mem_ops/mem_ops_aeabi.S.obj
                0x0000000010004828                __aeabi_mem_init
 .text.memset   0x0000000010004838        0xc CMakeFiles/example.dir/home/sriram/pico/pico-sdk/src/rp2_common/pico_mem_ops/mem_ops_aeabi.S.obj
                0x0000000010004838                __wrap_memset
 .text.memcpy   0x0000000010004844        0xc CMakeFiles/example.dir/home/sriram/pico/pico-sdk/src/rp2_common/pico_mem_ops/mem_ops_aeabi.S.obj
                0x0000000010004844                __wrap___aeabi_memcpy
                0x0000000010004844                __wrap_memcpy
 .text.stdio_out_chars_no_crlf
                0x0000000010004850        0xe CMakeFiles/example.dir/home/sriram/pico/pico-sdk/src/rp2_common/pico_stdio/stdio.c.obj
 *fill*         0x000000001000485e        0x2 
 .text.stdio_out_chars_crlf
                0x0000000010004860       0x80 CMakeFiles/example.dir/home/sriram/pico/pico-sdk/src/rp2_common/pico_stdio/stdio.c.obj
 .text.stdio_stack_buffer_flush
                0x00000000100048e0       0x44 CMakeFiles/example.dir/home/sriram/pico/pico-sdk/src/rp2_common/pico_stdio/stdio.c.obj
 .text.stdio_buffered_printer
                0x0000000010004924       0x20 CMakeFiles/example.dir/home/sriram/pico/pico-sdk/src/rp2_common/pico_stdio/stdio.c.obj
 .text.stdout_serialize_begin
                0x0000000010004944       0x5c CMakeFiles/example.dir/home/sriram/pico/pico-sdk/src/rp2_common/pico_stdio/stdio.c.obj
                0x0000000010004944                stdout_serialize_begin
 .text.stdout_serialize_end
                0x00000000100049a0       0x10 CMakeFiles/example.dir/home/sriram/pico/pico-sdk/src/rp2_common/pico_stdio/stdio.c.obj
                0x00000000100049a0                stdout_serialize_end
 .text.stdio_put_string
                0x00000000100049b0       0x98 CMakeFiles/example.dir/home/sriram/pico/pico-sdk/src/rp2_common/pico_stdio/stdio.c.obj
 .text.stdio_set_driver_enabled
                0x0000000010004a48       0x2c CMakeFiles/example.dir/home/sriram/pico/pico-sdk/src/rp2_common/pico_stdio/stdio.c.obj
                0x0000000010004a48                stdio_set_driver_enabled
 .text.stdio_flush
                0x0000000010004a74       0x20 CMakeFiles/example.dir/home/sriram/pico/pico-sdk/src/rp2_common/pico_stdio/stdio.c.obj
                0x0000000010004a74                stdio_flush
 .text.__wrap_puts
                0x0000000010004a94       0x1e CMakeFiles/example.dir/home/sriram/pico/pico-sdk/src/rp2_common/pico_stdio/stdio.c.obj
                0x0000000010004a94                __wrap_puts
 *fill*         0x0000000010004ab2        0x2 
 .text.__wrap_vprintf
                0x0000000010004ab4       0x40 CMakeFiles/example.dir/home/sriram/pico/pico-sdk/src/rp2_common/pico_stdio/stdio.c.obj
                0x0000000010004ab4                __wrap_vprintf
 .text.__wrap_printf
                0x0000000010004af4       0x18 CMakeFiles/example.dir/home/sriram/pico/pico-sdk/src/rp2_common/pico_stdio/stdio.c.obj
                0x0000000010004af4                __wrap_printf
 .text.stdio_init_all
                0x0000000010004b0c        0x8 CMakeFiles/example.dir/home/sriram/pico/pico-sdk/src/rp2_common/pico_stdio/stdio.c.obj
                0x0000000010004b0c                stdio_init_all
 .text.resetd_init
                0x0000000010004b14        0x2 CMakeFiles/example.dir/home/sriram/pico/pico-sdk/src/rp2_common/pico_stdio_usb/reset_interface.c.obj
 *fill*         0x0000000010004b16        0x2 
 .text.resetd_reset
                0x0000000010004b18        0xc CMakeFiles/example.dir/home/sriram/pico/pico-sdk/src/rp2_common/pico_stdio_usb/reset_interface.c.obj
 .text.resetd_open
                0x0000000010004b24       0x34 CMakeFiles/example.dir/home/sriram/pico/pico-sdk/src/rp2_common/pico_stdio_usb/reset_interface.c.obj
 .text.resetd_xfer_cb
                0x0000000010004b58        0x4 CMakeFiles/example.dir/home/sriram/pico/pico-sdk/src/rp2_common/pico_stdio_usb/reset_interface.c.obj
 .text.reset_usb_boot
                0x0000000010004b5c       0x18 CMakeFiles/example.dir/home/sriram/pico/pico-sdk/src/rp2_common/pico_stdio_usb/reset_interface.c.obj
 .text.resetd_control_xfer_cb
                0x0000000010004b74       0x5c CMakeFiles/example.dir/home/sriram/pico/pico-sdk/src/rp2_common/pico_stdio_usb/reset_interface.c.obj
 .text.usbd_app_driver_get_cb
                0x0000000010004bd0        0xc CMakeFiles/example.dir/home/sriram/pico/pico-sdk/src/rp2_common/pico_stdio_usb/reset_interface.c.obj
                0x0000000010004bd0                usbd_app_driver_get_cb
 .text.tud_cdc_line_coding_cb
                0x0000000010004bdc       0x28 CMakeFiles/example.dir/home/sriram/pico/pico-sdk/src/rp2_common/pico_stdio_usb/reset_interface.c.obj
                0x0000000010004bdc                tud_cdc_line_coding_cb
 .text.stdio_usb_set_chars_available_callback
                0x0000000010004c04       0x14 CMakeFiles/example.dir/home/sriram/pico/pico-sdk/src/rp2_common/pico_stdio_usb/stdio_usb.c.obj
                0x0000000010004c04                stdio_usb_set_chars_available_callback
 .text.usb_irq  0x0000000010004c18       0x10 CMakeFiles/example.dir/home/sriram/pico/pico-sdk/src/rp2_common/pico_stdio_usb/stdio_usb.c.obj
 .text.timer_task
                0x0000000010004c28       0x5c CMakeFiles/example.dir/home/sriram/pico/pico-sdk/src/rp2_common/pico_stdio_usb/stdio_usb.c.obj
 .text.low_priority_worker_irq
                0x0000000010004c84       0xdc CMakeFiles/example.dir/home/sriram/pico/pico-sdk/src/rp2_common/pico_stdio_usb/stdio_usb.c.obj
 .text.tud_cdc_rx_cb
                0x0000000010004d60       0x20 CMakeFiles/example.dir/home/sriram/pico/pico-sdk/src/rp2_common/pico_stdio_usb/stdio_usb.c.obj
                0x0000000010004d60                tud_cdc_rx_cb
 .text.stdio_usb_init
                0x0000000010004d80      0x11c CMakeFiles/example.dir/home/sriram/pico/pico-sdk/src/rp2_common/pico_stdio_usb/stdio_usb.c.obj
                0x0000000010004d80                stdio_usb_init
 .text.stdio_usb_connected
                0x0000000010004e9c        0xa CMakeFiles/example.dir/home/sriram/pico/pico-sdk/src/rp2_common/pico_stdio_usb/stdio_usb.c.obj
                0x0000000010004e9c                stdio_usb_connected
 *fill*         0x0000000010004ea6        0x2 
 .text.stdio_usb_in_chars
                0x0000000010004ea8       0xc4 CMakeFiles/example.dir/home/sriram/pico/pico-sdk/src/rp2_common/pico_stdio_usb/stdio_usb.c.obj
                0x0000000010004ea8                stdio_usb_in_chars
 .text.stdio_usb_out_chars
                0x0000000010004f6c      0x114 CMakeFiles/example.dir/home/sriram/pico/pico-sdk/src/rp2_common/pico_stdio_usb/stdio_usb.c.obj
 .text.tud_descriptor_device_cb
                0x0000000010005080        0x8 CMakeFiles/example.dir/home/sriram/pico/pico-sdk/src/rp2_common/pico_stdio_usb/stdio_usb_descriptors.c.obj
                0x0000000010005080                tud_descriptor_device_cb
 .text.tud_descriptor_configuration_cb
                0x0000000010005088        0x8 CMakeFiles/example.dir/home/sriram/pico/pico-sdk/src/rp2_common/pico_stdio_usb/stdio_usb_descriptors.c.obj
                0x0000000010005088                tud_descriptor_configuration_cb
 .text.tud_descriptor_string_cb
                0x0000000010005090       0x6c CMakeFiles/example.dir/home/sriram/pico/pico-sdk/src/rp2_common/pico_stdio_usb/stdio_usb_descriptors.c.obj
                0x0000000010005090                tud_descriptor_string_cb
 .text._retrieve_unique_id_on_boot
                0x00000000100050fc       0x10 CMakeFiles/example.dir/home/sriram/pico/pico-sdk/src/rp2_common/pico_unique_id/unique_id.c.obj
 .text.pico_get_unique_board_id_string
                0x000000001000510c       0x60 CMakeFiles/example.dir/home/sriram/pico/pico-sdk/src/rp2_common/pico_unique_id/unique_id.c.obj
                0x000000001000510c                pico_get_unique_board_id_string
 .text.flash_get_unique_id
                0x000000001000516c       0x46 CMakeFiles/example.dir/home/sriram/pico/pico-sdk/src/rp2_common/hardware_flash/flash.c.obj
                0x000000001000516c                flash_get_unique_id
 *fill*         0x00000000100051b2        0x2 
 .text.hw_endpoint_get_by_addr
                0x00000000100051b4       0x18 CMakeFiles/example.dir/home/sriram/pico/pico-sdk/lib/tinyusb/src/portable/raspberrypi/rp2040/dcd_rp2040.c.obj
 .text._hw_endpoint_alloc
                0x00000000100051cc       0x70 CMakeFiles/example.dir/home/sriram/pico/pico-sdk/lib/tinyusb/src/portable/raspberrypi/rp2040/dcd_rp2040.c.obj
 .text.hw_endpoint_init
                0x000000001000523c       0x88 CMakeFiles/example.dir/home/sriram/pico/pico-sdk/lib/tinyusb/src/portable/raspberrypi/rp2040/dcd_rp2040.c.obj
 .text.hw_endpoint_xfer
                0x00000000100052c4       0x14 CMakeFiles/example.dir/home/sriram/pico/pico-sdk/lib/tinyusb/src/portable/raspberrypi/rp2040/dcd_rp2040.c.obj
 .text.dcd_int_enable
                0x00000000100052d8       0x2c CMakeFiles/example.dir/home/sriram/pico/pico-sdk/lib/tinyusb/src/portable/raspberrypi/rp2040/dcd_rp2040.c.obj
                0x00000000100052d8                dcd_int_enable
 .text.dcd_set_address
                0x0000000010005304       0x2c CMakeFiles/example.dir/home/sriram/pico/pico-sdk/lib/tinyusb/src/portable/raspberrypi/rp2040/dcd_rp2040.c.obj
                0x0000000010005304                dcd_set_address
 .text.dcd_connect
                0x0000000010005330       0x10 CMakeFiles/example.dir/home/sriram/pico/pico-sdk/lib/tinyusb/src/portable/raspberrypi/rp2040/dcd_rp2040.c.obj
                0x0000000010005330                dcd_connect
 .text.dcd_init
                0x0000000010005340       0x80 CMakeFiles/example.dir/home/sriram/pico/pico-sdk/lib/tinyusb/src/portable/raspberrypi/rp2040/dcd_rp2040.c.obj
                0x0000000010005340                dcd_init
 .text.dcd_edpt0_status_complete
                0x00000000100053c0       0x1c CMakeFiles/example.dir/home/sriram/pico/pico-sdk/lib/tinyusb/src/portable/raspberrypi/rp2040/dcd_rp2040.c.obj
                0x00000000100053c0                dcd_edpt0_status_complete
 .text.dcd_edpt_open
                0x00000000100053dc       0x40 CMakeFiles/example.dir/home/sriram/pico/pico-sdk/lib/tinyusb/src/portable/raspberrypi/rp2040/dcd_rp2040.c.obj
                0x00000000100053dc                dcd_edpt_open
 .text.dcd_edpt_close_all
                0x000000001000541c        0x8 CMakeFiles/example.dir/home/sriram/pico/pico-sdk/lib/tinyusb/src/portable/raspberrypi/rp2040/dcd_rp2040.c.obj
                0x000000001000541c                dcd_edpt_close_all
 .text.dcd_edpt_xfer
                0x0000000010005424       0x34 CMakeFiles/example.dir/home/sriram/pico/pico-sdk/lib/tinyusb/src/portable/raspberrypi/rp2040/dcd_rp2040.c.obj
                0x0000000010005424                dcd_edpt_xfer
 .text.dcd_edpt_stall
                0x0000000010005458       0x2c CMakeFiles/example.dir/home/sriram/pico/pico-sdk/lib/tinyusb/src/portable/raspberrypi/rp2040/dcd_rp2040.c.obj
                0x0000000010005458                dcd_edpt_stall
 .text.dcd_edpt_clear_stall
                0x0000000010005484       0x20 CMakeFiles/example.dir/home/sriram/pico/pico-sdk/lib/tinyusb/src/portable/raspberrypi/rp2040/dcd_rp2040.c.obj
                0x0000000010005484                dcd_edpt_clear_stall
 .text.rp2040_usb_init
                0x00000000100054a4       0x4c CMakeFiles/example.dir/home/sriram/pico/pico-sdk/lib/tinyusb/src/portable/raspberrypi/rp2040/rp2040_usb.c.obj
                0x00000000100054a4                rp2040_usb_init
 .text.hw_endpoint_xfer_start
                0x00000000100054f0       0x50 CMakeFiles/example.dir/home/sriram/pico/pico-sdk/lib/tinyusb/src/portable/raspberrypi/rp2040/rp2040_usb.c.obj
                0x00000000100054f0                hw_endpoint_xfer_start
 .text.configuration_reset
                0x0000000010005540       0x84 CMakeFiles/example.dir/home/sriram/pico/pico-sdk/lib/tinyusb/src/device/usbd.c.obj
 .text.usbd_reset
                0x00000000100055c4        0xc CMakeFiles/example.dir/home/sriram/pico/pico-sdk/lib/tinyusb/src/device/usbd.c.obj
 .text.invoke_class_control
                0x00000000100055d0       0x1a CMakeFiles/example.dir/home/sriram/pico/pico-sdk/lib/tinyusb/src/device/usbd.c.obj
 *fill*         0x00000000100055ea        0x2 
 .text.process_set_config
                0x00000000100055ec      0x178 CMakeFiles/example.dir/home/sriram/pico/pico-sdk/lib/tinyusb/src/device/usbd.c.obj
 .text.process_get_descriptor
                0x0000000010005764       0xdc CMakeFiles/example.dir/home/sriram/pico/pico-sdk/lib/tinyusb/src/device/usbd.c.obj
 .text.tud_mounted
                0x0000000010005840       0x10 CMakeFiles/example.dir/home/sriram/pico/pico-sdk/lib/tinyusb/src/device/usbd.c.obj
                0x0000000010005840                tud_mounted
 .text.tud_suspended
                0x0000000010005850       0x10 CMakeFiles/example.dir/home/sriram/pico/pico-sdk/lib/tinyusb/src/device/usbd.c.obj
                0x0000000010005850                tud_suspended
 .text.tud_inited
                0x0000000010005860       0x14 CMakeFiles/example.dir/home/sriram/pico/pico-sdk/lib/tinyusb/src/device/usbd.c.obj
                0x0000000010005860                tud_inited
 .text.tud_init
                0x0000000010005874       0xcc CMakeFiles/example.dir/home/sriram/pico/pico-sdk/lib/tinyusb/src/device/usbd.c.obj
                0x0000000010005874                tud_init
 .text.usbd_defer_func
                0x0000000010005940       0x2a CMakeFiles/example.dir/home/sriram/pico/pico-sdk/lib/tinyusb/src/device/usbd.c.obj
                0x0000000010005940                usbd_defer_func
 *fill*         0x000000001000596a        0x2 
 .text.usbd_edpt_open
                0x000000001000596c       0x34 CMakeFiles/example.dir/home/sriram/pico/pico-sdk/lib/tinyusb/src/device/usbd.c.obj
                0x000000001000596c                usbd_edpt_open
 .text.usbd_open_edpt_pair
                0x00000000100059a0       0x62 CMakeFiles/example.dir/home/sriram/pico/pico-sdk/lib/tinyusb/src/device/usbd.c.obj
                0x00000000100059a0                usbd_open_edpt_pair
 *fill*         0x0000000010005a02        0x2 
 .text.usbd_edpt_claim
                0x0000000010005a04       0x28 CMakeFiles/example.dir/home/sriram/pico/pico-sdk/lib/tinyusb/src/device/usbd.c.obj
                0x0000000010005a04                usbd_edpt_claim
 .text.usbd_edpt_release
                0x0000000010005a2c       0x28 CMakeFiles/example.dir/home/sriram/pico/pico-sdk/lib/tinyusb/src/device/usbd.c.obj
                0x0000000010005a2c                usbd_edpt_release
 .text.usbd_edpt_xfer
                0x0000000010005a54       0x78 CMakeFiles/example.dir/home/sriram/pico/pico-sdk/lib/tinyusb/src/device/usbd.c.obj
                0x0000000010005a54                usbd_edpt_xfer
 .text.usbd_edpt_stall
                0x0000000010005acc       0x48 CMakeFiles/example.dir/home/sriram/pico/pico-sdk/lib/tinyusb/src/device/usbd.c.obj
                0x0000000010005acc                usbd_edpt_stall
 .text.usbd_edpt_clear_stall
                0x0000000010005b14       0x48 CMakeFiles/example.dir/home/sriram/pico/pico-sdk/lib/tinyusb/src/device/usbd.c.obj
                0x0000000010005b14                usbd_edpt_clear_stall
 .text.usbd_edpt_stalled
                0x0000000010005b5c       0x1c CMakeFiles/example.dir/home/sriram/pico/pico-sdk/lib/tinyusb/src/device/usbd.c.obj
                0x0000000010005b5c                usbd_edpt_stalled
 .text.process_control_request
                0x0000000010005b78      0x37c CMakeFiles/example.dir/home/sriram/pico/pico-sdk/lib/tinyusb/src/device/usbd.c.obj
 .text.tud_task_ext
                0x0000000010005ef4      0x1b8 CMakeFiles/example.dir/home/sriram/pico/pico-sdk/lib/tinyusb/src/device/usbd.c.obj
                0x0000000010005ef4                tud_task_ext
 .text._data_stage_xact
                0x00000000100060ac       0x58 CMakeFiles/example.dir/home/sriram/pico/pico-sdk/lib/tinyusb/src/device/usbd_control.c.obj
 .text.tud_control_status
                0x0000000010006104       0x38 CMakeFiles/example.dir/home/sriram/pico/pico-sdk/lib/tinyusb/src/device/usbd_control.c.obj
                0x0000000010006104                tud_control_status
 .text.tud_control_xfer
                0x000000001000613c       0x74 CMakeFiles/example.dir/home/sriram/pico/pico-sdk/lib/tinyusb/src/device/usbd_control.c.obj
                0x000000001000613c                tud_control_xfer
 .text.usbd_control_reset
                0x00000000100061b0       0x14 CMakeFiles/example.dir/home/sriram/pico/pico-sdk/lib/tinyusb/src/device/usbd_control.c.obj
                0x00000000100061b0                usbd_control_reset
 .text.usbd_control_set_complete_callback
                0x00000000100061c4        0xc CMakeFiles/example.dir/home/sriram/pico/pico-sdk/lib/tinyusb/src/device/usbd_control.c.obj
                0x00000000100061c4                usbd_control_set_complete_callback
 .text.usbd_control_set_request
                0x00000000100061d0       0x1c CMakeFiles/example.dir/home/sriram/pico/pico-sdk/lib/tinyusb/src/device/usbd_control.c.obj
                0x00000000100061d0                usbd_control_set_request
 .text.usbd_control_xfer_cb
                0x00000000100061ec       0xcc CMakeFiles/example.dir/home/sriram/pico/pico-sdk/lib/tinyusb/src/device/usbd_control.c.obj
                0x00000000100061ec                usbd_control_xfer_cb
 .text._prep_out_transaction
                0x00000000100062b8       0x4a CMakeFiles/example.dir/home/sriram/pico/pico-sdk/lib/tinyusb/src/class/cdc/cdc_device.c.obj
 *fill*         0x0000000010006302        0x2 
 .text.tud_cdc_n_connected
                0x0000000010006304       0x44 CMakeFiles/example.dir/home/sriram/pico/pico-sdk/lib/tinyusb/src/class/cdc/cdc_device.c.obj
                0x0000000010006304                tud_cdc_n_connected
 .text.tud_cdc_n_available
                0x0000000010006348       0x18 CMakeFiles/example.dir/home/sriram/pico/pico-sdk/lib/tinyusb/src/class/cdc/cdc_device.c.obj
                0x0000000010006348                tud_cdc_n_available
 .text.tud_cdc_n_read
                0x0000000010006360       0x28 CMakeFiles/example.dir/home/sriram/pico/pico-sdk/lib/tinyusb/src/class/cdc/cdc_device.c.obj
                0x0000000010006360                tud_cdc_n_read
 .text.tud_cdc_n_write_flush
                0x0000000010006388       0xb8 CMakeFiles/example.dir/home/sriram/pico/pico-sdk/lib/tinyusb/src/class/cdc/cdc_device.c.obj
                0x0000000010006388                tud_cdc_n_write_flush
 .text.tud_cdc_n_write
                0x0000000010006440       0x38 CMakeFiles/example.dir/home/sriram/pico/pico-sdk/lib/tinyusb/src/class/cdc/cdc_device.c.obj
                0x0000000010006440                tud_cdc_n_write
 .text.tud_cdc_n_write_available
                0x0000000010006478       0x1c CMakeFiles/example.dir/home/sriram/pico/pico-sdk/lib/tinyusb/src/class/cdc/cdc_device.c.obj
                0x0000000010006478                tud_cdc_n_write_available
 .text.cdcd_init
                0x0000000010006494       0xbc CMakeFiles/example.dir/home/sriram/pico/pico-sdk/lib/tinyusb/src/class/cdc/cdc_device.c.obj
                0x0000000010006494                cdcd_init
 .text.cdcd_reset
                0x0000000010006550       0x44 CMakeFiles/example.dir/home/sriram/pico/pico-sdk/lib/tinyusb/src/class/cdc/cdc_device.c.obj
                0x0000000010006550                cdcd_reset
 .text.cdcd_open
                0x0000000010006594       0xcc CMakeFiles/example.dir/home/sriram/pico/pico-sdk/lib/tinyusb/src/class/cdc/cdc_device.c.obj
                0x0000000010006594                cdcd_open
 .text.cdcd_control_xfer_cb
                0x0000000010006660      0x134 CMakeFiles/example.dir/home/sriram/pico/pico-sdk/lib/tinyusb/src/class/cdc/cdc_device.c.obj
                0x0000000010006660                cdcd_control_xfer_cb
 .text.cdcd_xfer_cb
                0x0000000010006794      0x130 CMakeFiles/example.dir/home/sriram/pico/pico-sdk/lib/tinyusb/src/class/cdc/cdc_device.c.obj
                0x0000000010006794                cdcd_xfer_cb
 .text.tusb_init
                0x00000000100068c4        0xa CMakeFiles/example.dir/home/sriram/pico/pico-sdk/lib/tinyusb/src/tusb.c.obj
                0x00000000100068c4                tusb_init
 .text.tusb_inited
                0x00000000100068ce        0xe CMakeFiles/example.dir/home/sriram/pico/pico-sdk/lib/tinyusb/src/tusb.c.obj
                0x00000000100068ce                tusb_inited
 .text.tu_edpt_claim
                0x00000000100068dc       0x50 CMakeFiles/example.dir/home/sriram/pico/pico-sdk/lib/tinyusb/src/tusb.c.obj
                0x00000000100068dc                tu_edpt_claim
 .text.tu_edpt_release
                0x000000001000692c       0x3c CMakeFiles/example.dir/home/sriram/pico/pico-sdk/lib/tinyusb/src/tusb.c.obj
                0x000000001000692c                tu_edpt_release
 .text.tu_edpt_validate
                0x0000000010006968       0x78 CMakeFiles/example.dir/home/sriram/pico/pico-sdk/lib/tinyusb/src/tusb.c.obj
                0x0000000010006968                tu_edpt_validate
 .text.tu_edpt_bind_driver
                0x00000000100069e0       0x26 CMakeFiles/example.dir/home/sriram/pico/pico-sdk/lib/tinyusb/src/tusb.c.obj
                0x00000000100069e0                tu_edpt_bind_driver
 .text.advance_index
                0x0000000010006a06       0x1a CMakeFiles/example.dir/home/sriram/pico/pico-sdk/lib/tinyusb/src/common/tusb_fifo.c.obj
 .text._tu_fifo_peek
                0x0000000010006a20       0x56 CMakeFiles/example.dir/home/sriram/pico/pico-sdk/lib/tinyusb/src/common/tusb_fifo.c.obj
 .text._ff_pull_const_addr
                0x0000000010006a76       0x4c CMakeFiles/example.dir/home/sriram/pico/pico-sdk/lib/tinyusb/src/common/tusb_fifo.c.obj
 .text._ff_pull_n
                0x0000000010006ac2      0x110 CMakeFiles/example.dir/home/sriram/pico/pico-sdk/lib/tinyusb/src/common/tusb_fifo.c.obj
 .text._tu_fifo_peek_n
                0x0000000010006bd2       0x6a CMakeFiles/example.dir/home/sriram/pico/pico-sdk/lib/tinyusb/src/common/tusb_fifo.c.obj
 .text._tu_fifo_read_n
                0x0000000010006c3c       0x4e CMakeFiles/example.dir/home/sriram/pico/pico-sdk/lib/tinyusb/src/common/tusb_fifo.c.obj
 .text._ff_push_const_addr
                0x0000000010006c8a       0x40 CMakeFiles/example.dir/home/sriram/pico/pico-sdk/lib/tinyusb/src/common/tusb_fifo.c.obj
 .text._ff_push_n
                0x0000000010006cca      0x10c CMakeFiles/example.dir/home/sriram/pico/pico-sdk/lib/tinyusb/src/common/tusb_fifo.c.obj
 .text._tu_fifo_write_n
                0x0000000010006dd6       0xf0 CMakeFiles/example.dir/home/sriram/pico/pico-sdk/lib/tinyusb/src/common/tusb_fifo.c.obj
 .text.tu_fifo_config
                0x0000000010006ec6       0x7c CMakeFiles/example.dir/home/sriram/pico/pico-sdk/lib/tinyusb/src/common/tusb_fifo.c.obj
                0x0000000010006ec6                tu_fifo_config
 .text.tu_fifo_count
                0x0000000010006f42       0x2a CMakeFiles/example.dir/home/sriram/pico/pico-sdk/lib/tinyusb/src/common/tusb_fifo.c.obj
                0x0000000010006f42                tu_fifo_count
 .text.tu_fifo_empty
                0x0000000010006f6c       0x10 CMakeFiles/example.dir/home/sriram/pico/pico-sdk/lib/tinyusb/src/common/tusb_fifo.c.obj
                0x0000000010006f6c                tu_fifo_empty
 .text.tu_fifo_full
                0x0000000010006f7c       0x28 CMakeFiles/example.dir/home/sriram/pico/pico-sdk/lib/tinyusb/src/common/tusb_fifo.c.obj
                0x0000000010006f7c                tu_fifo_full
 .text.tu_fifo_remaining
                0x0000000010006fa4       0x2c CMakeFiles/example.dir/home/sriram/pico/pico-sdk/lib/tinyusb/src/common/tusb_fifo.c.obj
                0x0000000010006fa4                tu_fifo_remaining
 .text.tu_fifo_read
                0x0000000010006fd0       0x42 CMakeFiles/example.dir/home/sriram/pico/pico-sdk/lib/tinyusb/src/common/tusb_fifo.c.obj
                0x0000000010006fd0                tu_fifo_read
 .text.tu_fifo_read_n
                0x0000000010007012        0xa CMakeFiles/example.dir/home/sriram/pico/pico-sdk/lib/tinyusb/src/common/tusb_fifo.c.obj
                0x0000000010007012                tu_fifo_read_n
 .text.tu_fifo_write
                0x000000001000701c       0x64 CMakeFiles/example.dir/home/sriram/pico/pico-sdk/lib/tinyusb/src/common/tusb_fifo.c.obj
                0x000000001000701c                tu_fifo_write
 .text.tu_fifo_write_n
                0x0000000010007080        0xa CMakeFiles/example.dir/home/sriram/pico/pico-sdk/lib/tinyusb/src/common/tusb_fifo.c.obj
                0x0000000010007080                tu_fifo_write_n
 .text.tu_fifo_clear
                0x000000001000708a       0x3e CMakeFiles/example.dir/home/sriram/pico/pico-sdk/lib/tinyusb/src/common/tusb_fifo.c.obj
                0x000000001000708a                tu_fifo_clear
 .text.tu_fifo_set_overwritable
                0x00000000100070c8       0x46 CMakeFiles/example.dir/home/sriram/pico/pico-sdk/lib/tinyusb/src/common/tusb_fifo.c.obj
                0x00000000100070c8                tu_fifo_set_overwritable
 .text.i2c_write_blocking_internal
                0x000000001000710e      0x140 CMakeFiles/example.dir/home/sriram/pico/pico-sdk/src/rp2_common/hardware_i2c/i2c.c.obj
 .text.i2c_read_blocking_internal
                0x000000001000724e       0xe6 CMakeFiles/example.dir/home/sriram/pico/pico-sdk/src/rp2_common/hardware_i2c/i2c.c.obj
 .text.i2c_set_baudrate
                0x0000000010007334       0xf0 CMakeFiles/example.dir/home/sriram/pico/pico-sdk/src/rp2_common/hardware_i2c/i2c.c.obj
                0x0000000010007334                i2c_set_baudrate
 .text.i2c_init
                0x0000000010007424       0x58 CMakeFiles/example.dir/home/sriram/pico/pico-sdk/src/rp2_common/hardware_i2c/i2c.c.obj
                0x0000000010007424                i2c_init
 .text.i2c_write_blocking
                0x000000001000747c       0x18 CMakeFiles/example.dir/home/sriram/pico/pico-sdk/src/rp2_common/hardware_i2c/i2c.c.obj
                0x000000001000747c                i2c_write_blocking
 .text.i2c_read_blocking
                0x0000000010007494       0x18 CMakeFiles/example.dir/home/sriram/pico/pico-sdk/src/rp2_common/hardware_i2c/i2c.c.obj
                0x0000000010007494                i2c_read_blocking
 .text          0x00000000100074ac       0x5c /usr/lib/gcc/arm-none-eabi/10.3.1/../../../arm-none-eabi/lib/thumb/v6-m/nofp/libg.a(lib_a-strlen-stub.o)
                0x00000000100074ac                strlen
 *(.fini)
 .fini          0x0000000010007508        0x4 /usr/lib/gcc/arm-none-eabi/10.3.1/thumb/v6-m/nofp/crti.o
                0x0000000010007508                _fini
 *fill*         0x000000001000750c        0x4 
 .fini.__stub   0x0000000010007510       0xe0 linker stubs
 *crtbegin.o(.ctors)
 *crtbegin?.o(.ctors)
 *(EXCLUDE_FILE(*crtend.o *crtend?.o) .ctors)
 *(SORT_BY_NAME(.ctors.*))
 *(.ctors)
 *crtbegin.o(.dtors)
 *crtbegin?.o(.dtors)
 *(EXCLUDE_FILE(*crtend.o *crtend?.o) .dtors)
 *(SORT_BY_NAME(.dtors.*))
 *(.dtors)
 *(.eh_frame*)
 .eh_frame      0x00000000100075f0        0x0 /usr/lib/gcc/arm-none-eabi/10.3.1/thumb/v6-m/nofp/crtbegin.o
                0x00000000100075f0                . = ALIGN (0x4)

.glue_7         0x00000000100075f0        0x0
 .glue_7        0x00000000100075f0        0x0 linker stubs

.glue_7t        0x00000000100075f0        0x0
 .glue_7t       0x00000000100075f0        0x0 linker stubs

.vfp11_veneer   0x00000000100075f0        0x0
 .vfp11_veneer  0x00000000100075f0        0x0 linker stubs

.v4_bx          0x00000000100075f0        0x0
 .v4_bx         0x00000000100075f0        0x0 linker stubs

.iplt           0x00000000100075f0        0x0
 .iplt          0x00000000100075f0        0x0 /usr/lib/gcc/arm-none-eabi/10.3.1/thumb/v6-m/nofp/crtbegin.o

.rodata         0x00000000100075f0     0x160c
 *(EXCLUDE_FILE(*libm.a: *libc.a:*lib_a-mem*.o *libgcc.a:) .rodata*)
 .rodata.main.str1.4
                0x00000000100075f0       0x35 CMakeFiles/example.dir/example.c.obj
 *fill*         0x0000000010007625        0x3 
 .rodata.convert_gyro_data
                0x0000000010007628       0x14 CMakeFiles/example.dir/bmx160.c.obj
 .rodata.spin_lock_claim_unused.str1.4
                0x000000001000763c       0x1b CMakeFiles/example.dir/home/sriram/pico/pico-sdk/src/rp2_common/hardware_sync/sync.c.obj
 *fill*         0x0000000010007657        0x1 
 .rodata.make_branch.str1.4
                0x0000000010007658       0x6d CMakeFiles/example.dir/home/sriram/pico/pico-sdk/src/rp2_common/hardware_irq/irq.c.obj
 *fill*         0x00000000100076c5        0x3 
 .rodata.insert_branch_and_link.str1.4
                0x00000000100076c8       0x10 CMakeFiles/example.dir/home/sriram/pico/pico-sdk/src/rp2_common/hardware_irq/irq.c.obj
 .rodata.irq_set_exclusive_handler.str1.4
                0x00000000100076d8       0x36 CMakeFiles/example.dir/home/sriram/pico/pico-sdk/src/rp2_common/hardware_irq/irq.c.obj
 *fill*         0x000000001000770e        0x2 
 .rodata.irq_add_shared_handler.str1.4
                0x0000000010007710       0xd9 CMakeFiles/example.dir/home/sriram/pico/pico-sdk/src/rp2_common/hardware_irq/irq.c.obj
 *fill*         0x00000000100077e9        0x3 
 .rodata.irq_remove_handler.str1.4
                0x00000000100077ec       0x3a CMakeFiles/example.dir/home/sriram/pico/pico-sdk/src/rp2_common/hardware_irq/irq.c.obj
 *fill*         0x0000000010007826        0x2 
 .rodata.irq_add_tail_to_free_list.str1.4
                0x0000000010007828       0x3a CMakeFiles/example.dir/home/sriram/pico/pico-sdk/src/rp2_common/hardware_irq/irq.c.obj
 *fill*         0x0000000010007862        0x2 
 .rodata.user_irq_claim_unused.str1.4
                0x0000000010007864       0x1b CMakeFiles/example.dir/home/sriram/pico/pico-sdk/src/rp2_common/hardware_irq/irq.c.obj
 *fill*         0x000000001000787f        0x1 
 .rodata.__func__.0
                0x0000000010007880       0x1a CMakeFiles/example.dir/home/sriram/pico/pico-sdk/src/rp2_common/hardware_irq/irq.c.obj
 *fill*         0x000000001000789a        0x2 
 .rodata.__func__.1
                0x000000001000789c       0x17 CMakeFiles/example.dir/home/sriram/pico/pico-sdk/src/rp2_common/hardware_irq/irq.c.obj
 *fill*         0x00000000100078b3        0x1 
 .rodata.__func__.2
                0x00000000100078b4       0x13 CMakeFiles/example.dir/home/sriram/pico/pico-sdk/src/rp2_common/hardware_irq/irq.c.obj
 *fill*         0x00000000100078c7        0x1 
 .rodata.__func__.3
                0x00000000100078c8        0xc CMakeFiles/example.dir/home/sriram/pico/pico-sdk/src/rp2_common/hardware_irq/irq.c.obj
 .rodata.__func__.4
                0x00000000100078d4        0xf CMakeFiles/example.dir/home/sriram/pico/pico-sdk/src/rp2_common/hardware_irq/irq.c.obj
 *fill*         0x00000000100078e3        0x1 
 .rodata.__func__.5
                0x00000000100078e4       0x17 CMakeFiles/example.dir/home/sriram/pico/pico-sdk/src/rp2_common/hardware_irq/irq.c.obj
 *fill*         0x00000000100078fb        0x1 
 .rodata.__func__.6
                0x00000000100078fc       0x1a CMakeFiles/example.dir/home/sriram/pico/pico-sdk/src/rp2_common/hardware_irq/irq.c.obj
 *fill*         0x0000000010007916        0x2 
 .rodata.str1.4
                0x0000000010007918       0xed CMakeFiles/example.dir/home/sriram/pico/pico-sdk/src/common/pico_sync/mutex.c.obj
 *fill*         0x0000000010007a05        0x3 
 .rodata.__func__.1
                0x0000000010007a08        0xb CMakeFiles/example.dir/home/sriram/pico/pico-sdk/src/common/pico_sync/mutex.c.obj
 *fill*         0x0000000010007a13        0x1 
 .rodata.__func__.3
                0x0000000010007a14       0x18 CMakeFiles/example.dir/home/sriram/pico/pico-sdk/src/common/pico_sync/mutex.c.obj
 .rodata.__func__.4
                0x0000000010007a2c       0x15 CMakeFiles/example.dir/home/sriram/pico/pico-sdk/src/common/pico_sync/mutex.c.obj
 *fill*         0x0000000010007a41        0x3 
 .rodata.repeating_timer_callback.str1.4
                0x0000000010007a44       0x4b CMakeFiles/example.dir/home/sriram/pico/pico-sdk/src/common/pico_time/time.c.obj
 *fill*         0x0000000010007a8f        0x1 
 .rodata.timer_pool_entry_comparator.str1.4
                0x0000000010007a90       0x22 CMakeFiles/example.dir/home/sriram/pico/pico-sdk/src/common/pico_time/time.c.obj
 *fill*         0x0000000010007ab2        0x2 
 .rodata.ph_add_child_node.str1.4
                0x0000000010007ab4       0x96 CMakeFiles/example.dir/home/sriram/pico/pico-sdk/src/common/pico_time/time.c.obj
 *fill*         0x0000000010007b4a        0x2 
 .rodata.add_alarm_under_lock.str1.4
                0x0000000010007b4c       0x28 CMakeFiles/example.dir/home/sriram/pico/pico-sdk/src/common/pico_time/time.c.obj
                                         0x2b (size before relaxing)
 .rodata.alarm_pool_alarm_callback.str1.4
                0x0000000010007b74       0x98 CMakeFiles/example.dir/home/sriram/pico/pico-sdk/src/common/pico_time/time.c.obj
                                         0xfc (size before relaxing)
 .rodata.alarm_pool_get_default.str1.4
                0x0000000010007c0c       0x21 CMakeFiles/example.dir/home/sriram/pico/pico-sdk/src/common/pico_time/time.c.obj
 *fill*         0x0000000010007c2d        0x3 
 .rodata.alarm_pool_cancel_alarm.str1.4
                0x0000000010007c30       0x27 CMakeFiles/example.dir/home/sriram/pico/pico-sdk/src/common/pico_time/time.c.obj
 *fill*         0x0000000010007c57        0x1 
 .rodata.sleep_until.str1.4
                0x0000000010007c58       0x4d CMakeFiles/example.dir/home/sriram/pico/pico-sdk/src/common/pico_time/time.c.obj
 *fill*         0x0000000010007ca5        0x3 
 .rodata.__func__.1
                0x0000000010007ca8       0x18 CMakeFiles/example.dir/home/sriram/pico/pico-sdk/src/common/pico_time/time.c.obj
 .rodata.__func__.10
                0x0000000010007cc0       0x15 CMakeFiles/example.dir/home/sriram/pico/pico-sdk/src/common/pico_time/time.c.obj
 *fill*         0x0000000010007cd5        0x3 
 .rodata.__func__.11
                0x0000000010007cd8       0x1a CMakeFiles/example.dir/home/sriram/pico/pico-sdk/src/common/pico_time/time.c.obj
 *fill*         0x0000000010007cf2        0x2 
 .rodata.__func__.12
                0x0000000010007cf4        0xa CMakeFiles/example.dir/home/sriram/pico/pico-sdk/src/common/pico_time/time.c.obj
 *fill*         0x0000000010007cfe        0x2 
 .rodata.__func__.3
                0x0000000010007d00       0x17 CMakeFiles/example.dir/home/sriram/pico/pico-sdk/src/common/pico_time/time.c.obj
 *fill*         0x0000000010007d17        0x1 
 .rodata.__func__.4
                0x0000000010007d18       0x12 CMakeFiles/example.dir/home/sriram/pico/pico-sdk/src/common/pico_time/time.c.obj
 *fill*         0x0000000010007d2a        0x2 
 .rodata.__func__.5
                0x0000000010007d2c        0xd CMakeFiles/example.dir/home/sriram/pico/pico-sdk/src/common/pico_time/time.c.obj
 *fill*         0x0000000010007d39        0x3 
 .rodata.__func__.6
                0x0000000010007d3c       0x12 CMakeFiles/example.dir/home/sriram/pico/pico-sdk/src/common/pico_time/time.c.obj
 *fill*         0x0000000010007d4e        0x2 
 .rodata.__func__.7
                0x0000000010007d50        0xf CMakeFiles/example.dir/home/sriram/pico/pico-sdk/src/common/pico_time/time.c.obj
 *fill*         0x0000000010007d5f        0x1 
 .rodata.__func__.8
                0x0000000010007d60        0xc CMakeFiles/example.dir/home/sriram/pico/pico-sdk/src/common/pico_time/time.c.obj
 .rodata.__func__.9
                0x0000000010007d6c       0x15 CMakeFiles/example.dir/home/sriram/pico/pico-sdk/src/common/pico_time/time.c.obj
 *fill*         0x0000000010007d81        0x3 
 .rodata.hardware_alarm_claim.str1.4
                0x0000000010007d84       0x22 CMakeFiles/example.dir/home/sriram/pico/pico-sdk/src/rp2_common/hardware_timer/timer.c.obj
 *fill*         0x0000000010007da6        0x2 
 .rodata.hardware_alarm_set_target.str1.4
                0x0000000010007da8       0x65 CMakeFiles/example.dir/home/sriram/pico/pico-sdk/src/rp2_common/hardware_timer/timer.c.obj
 *fill*         0x0000000010007e0d        0x3 
 .rodata.__func__.0
                0x0000000010007e10       0x1a CMakeFiles/example.dir/home/sriram/pico/pico-sdk/src/rp2_common/hardware_timer/timer.c.obj
 .rodata.ph_add_child_node.str1.4
                0x0000000010007e2a       0x96 CMakeFiles/example.dir/home/sriram/pico/pico-sdk/src/common/pico_util/pheap.c.obj
 *fill*         0x0000000010007e2a        0x2 
 .rodata.ph_remove_any_head.str1.4
                0x0000000010007e2c       0x8c CMakeFiles/example.dir/home/sriram/pico/pico-sdk/src/common/pico_util/pheap.c.obj
                                         0xa0 (size before relaxing)
 .rodata.ph_remove_and_free_node.str1.4
                0x0000000010007eb8       0x1e CMakeFiles/example.dir/home/sriram/pico/pico-sdk/src/common/pico_util/pheap.c.obj
                                         0x26 (size before relaxing)
 *fill*         0x0000000010007ed6        0x2 
 .rodata.__func__.0
                0x0000000010007ed8       0x18 CMakeFiles/example.dir/home/sriram/pico/pico-sdk/src/common/pico_util/pheap.c.obj
 .rodata.__func__.1
                0x0000000010007ef0       0x13 CMakeFiles/example.dir/home/sriram/pico/pico-sdk/src/common/pico_util/pheap.c.obj
 *fill*         0x0000000010007f03        0x1 
 .rodata.__func__.2
                0x0000000010007f04       0x12 CMakeFiles/example.dir/home/sriram/pico/pico-sdk/src/common/pico_util/pheap.c.obj
 *fill*         0x0000000010007f16        0x2 
 .rodata.__func__.3
                0x0000000010007f18        0xc CMakeFiles/example.dir/home/sriram/pico/pico-sdk/src/common/pico_util/pheap.c.obj
 .rodata.clock_configure.str1.4
                0x0000000010007f24       0x57 CMakeFiles/example.dir/home/sriram/pico/pico-sdk/src/rp2_common/hardware_clocks/clocks.c.obj
 *fill*         0x0000000010007f7b        0x1 
 .rodata.__func__.1
                0x0000000010007f7c       0x10 CMakeFiles/example.dir/home/sriram/pico/pico-sdk/src/rp2_common/hardware_clocks/clocks.c.obj
 .rodata.pll_init.str1.4
                0x0000000010007f8c      0x124 CMakeFiles/example.dir/home/sriram/pico/pico-sdk/src/rp2_common/hardware_pll/pll.c.obj
 .rodata.__func__.0
                0x00000000100080b0        0x9 CMakeFiles/example.dir/home/sriram/pico/pico-sdk/src/rp2_common/hardware_pll/pll.c.obj
 *fill*         0x00000000100080b9        0x3 
 .rodata.__assert_func.str1.4
                0x00000000100080bc       0x3f CMakeFiles/example.dir/home/sriram/pico/pico-sdk/src/rp2_common/pico_runtime/runtime.c.obj
                                         0x43 (size before relaxing)
 *fill*         0x00000000100080fb        0x1 
 .rodata.runtime_init.str1.4
                0x00000000100080fc       0x61 CMakeFiles/example.dir/home/sriram/pico/pico-sdk/src/rp2_common/pico_runtime/runtime.c.obj
 *fill*         0x000000001000815d        0x3 
 .rodata.panic.str1.4
                0x0000000010008160       0x10 CMakeFiles/example.dir/home/sriram/pico/pico-sdk/src/rp2_common/pico_runtime/runtime.c.obj
                                         0x12 (size before relaxing)
 .rodata.__func__.2
                0x0000000010008170        0xd CMakeFiles/example.dir/home/sriram/pico/pico-sdk/src/rp2_common/pico_runtime/runtime.c.obj
 *fill*         0x000000001000817d        0x3 
 .rodata._ftoa.str1.4
                0x0000000010008180       0x15 CMakeFiles/example.dir/home/sriram/pico/pico-sdk/src/rp2_common/pico_printf/printf.c.obj
 *fill*         0x0000000010008195        0x3 
 .rodata._vsnprintf
                0x0000000010008198      0x1e0 CMakeFiles/example.dir/home/sriram/pico/pico-sdk/src/rp2_common/pico_printf/printf.c.obj
 .rodata.pow10.0
                0x0000000010008378       0x50 CMakeFiles/example.dir/home/sriram/pico/pico-sdk/src/rp2_common/pico_printf/printf.c.obj
 .rodata.__aeabi_double_init.str1.4
                0x00000000100083c8       0x9c CMakeFiles/example.dir/home/sriram/pico/pico-sdk/src/rp2_common/pico_double/double_init_rom.c.obj
 .rodata.__func__.0
                0x0000000010008464       0x14 CMakeFiles/example.dir/home/sriram/pico/pico-sdk/src/rp2_common/pico_double/double_init_rom.c.obj
 .rodata.__aeabi_float_init.str1.4
                0x0000000010008478       0x7a CMakeFiles/example.dir/home/sriram/pico/pico-sdk/src/rp2_common/pico_float/float_init_rom.c.obj
                                         0x7e (size before relaxing)
 *fill*         0x00000000100084f2        0x2 
 .rodata.__func__.0
                0x00000000100084f4       0x13 CMakeFiles/example.dir/home/sriram/pico/pico-sdk/src/rp2_common/pico_float/float_init_rom.c.obj
 *fill*         0x0000000010008507        0x1 
 .rodata.str1.4
                0x0000000010008508       0x3c CMakeFiles/example.dir/home/sriram/pico/pico-sdk/src/rp2_common/pico_standard_link/binary_info.c.obj
 .rodata.__bi_44
                0x0000000010008544        0xc CMakeFiles/example.dir/home/sriram/pico/pico-sdk/src/rp2_common/pico_standard_link/binary_info.c.obj
 .rodata.__bi_75
                0x0000000010008550        0xc CMakeFiles/example.dir/home/sriram/pico/pico-sdk/src/rp2_common/pico_standard_link/binary_info.c.obj
 .rodata.__bi_81
                0x000000001000855c        0xc CMakeFiles/example.dir/home/sriram/pico/pico-sdk/src/rp2_common/pico_standard_link/binary_info.c.obj
 .rodata.stdout_serialize_begin.str1.4
                0x0000000010008568       0x61 CMakeFiles/example.dir/home/sriram/pico/pico-sdk/src/rp2_common/pico_stdio/stdio.c.obj
 .rodata.__func__.3
                0x0000000010008568       0x15 CMakeFiles/example.dir/home/sriram/pico/pico-sdk/src/rp2_common/pico_stdio/stdio.c.obj
 *fill*         0x000000001000857d        0x3 
 .rodata.crlf_str.2
                0x0000000010008580        0x2 CMakeFiles/example.dir/home/sriram/pico/pico-sdk/src/rp2_common/pico_stdio/stdio.c.obj
 *fill*         0x0000000010008582        0x2 
 .rodata._resetd_driver
                0x0000000010008584       0x18 CMakeFiles/example.dir/home/sriram/pico/pico-sdk/src/rp2_common/pico_stdio_usb/reset_interface.c.obj
 .rodata.low_priority_worker_irq.str1.4
                0x000000001000859c       0x61 CMakeFiles/example.dir/home/sriram/pico/pico-sdk/src/rp2_common/pico_stdio_usb/stdio_usb.c.obj
 .rodata.stdio_usb_init.str1.4
                0x000000001000859c       0x45 CMakeFiles/example.dir/home/sriram/pico/pico-sdk/src/rp2_common/pico_stdio_usb/stdio_usb.c.obj
                                         0x4d (size before relaxing)
 *fill*         0x00000000100085e1        0x3 
 .rodata.str1.4
                0x00000000100085e4       0x13 CMakeFiles/example.dir/home/sriram/pico/pico-sdk/src/rp2_common/pico_stdio_usb/stdio_usb.c.obj
 *fill*         0x00000000100085f7        0x1 
 .rodata.__bi_182.0
                0x00000000100085f8        0xc CMakeFiles/example.dir/home/sriram/pico/pico-sdk/src/rp2_common/pico_stdio_usb/stdio_usb.c.obj
 .rodata.__func__.1
                0x0000000010008604        0xf CMakeFiles/example.dir/home/sriram/pico/pico-sdk/src/rp2_common/pico_stdio_usb/stdio_usb.c.obj
 *fill*         0x0000000010008613        0x1 
 .rodata.__func__.3
                0x0000000010008614       0x15 CMakeFiles/example.dir/home/sriram/pico/pico-sdk/src/rp2_common/pico_stdio_usb/stdio_usb.c.obj
 *fill*         0x0000000010008629        0x3 
 .rodata.str1.4
                0x000000001000862c       0x2a CMakeFiles/example.dir/home/sriram/pico/pico-sdk/src/rp2_common/pico_stdio_usb/stdio_usb_descriptors.c.obj
 *fill*         0x0000000010008656        0x2 
 .rodata.usbd_desc_cfg
                0x0000000010008658       0x54 CMakeFiles/example.dir/home/sriram/pico/pico-sdk/src/rp2_common/pico_stdio_usb/stdio_usb_descriptors.c.obj
 .rodata.usbd_desc_device
                0x00000000100086ac       0x12 CMakeFiles/example.dir/home/sriram/pico/pico-sdk/src/rp2_common/pico_stdio_usb/stdio_usb_descriptors.c.obj
 *fill*         0x00000000100086be        0x2 
 .rodata.usbd_desc_str
                0x00000000100086c0       0x18 CMakeFiles/example.dir/home/sriram/pico/pico-sdk/src/rp2_common/pico_stdio_usb/stdio_usb_descriptors.c.obj
 .rodata.pico_get_unique_board_id_string.str1.4
                0x00000000100086d8       0x4d CMakeFiles/example.dir/home/sriram/pico/pico-sdk/src/rp2_common/pico_unique_id/unique_id.c.obj
 *fill*         0x0000000010008725        0x3 
 .rodata.__func__.0
                0x0000000010008728       0x20 CMakeFiles/example.dir/home/sriram/pico/pico-sdk/src/rp2_common/pico_unique_id/unique_id.c.obj
 .rodata.str1.4
                0x0000000010008748      0x15a CMakeFiles/example.dir/home/sriram/pico/pico-sdk/src/rp2_common/hardware_flash/flash.c.obj
 *fill*         0x00000000100088a2        0x2 
 .rodata.__func__.0
                0x00000000100088a4        0xd CMakeFiles/example.dir/home/sriram/pico/pico-sdk/src/rp2_common/hardware_flash/flash.c.obj
 *fill*         0x00000000100088b1        0x3 
 .rodata._hw_endpoint_alloc.str1.4
                0x00000000100088b4       0xb5 CMakeFiles/example.dir/home/sriram/pico/pico-sdk/lib/tinyusb/src/portable/raspberrypi/rp2040/dcd_rp2040.c.obj
 *fill*         0x0000000010008969        0x3 
 .rodata.str1.4
                0x000000001000896c       0x14 CMakeFiles/example.dir/home/sriram/pico/pico-sdk/lib/tinyusb/src/portable/raspberrypi/rp2040/dcd_rp2040.c.obj
 .rodata.dcd_int_enable.str1.4
                0x0000000010008980        0xc CMakeFiles/example.dir/home/sriram/pico/pico-sdk/lib/tinyusb/src/portable/raspberrypi/rp2040/dcd_rp2040.c.obj
 .rodata.__func__.0
                0x000000001000898c        0xe CMakeFiles/example.dir/home/sriram/pico/pico-sdk/lib/tinyusb/src/portable/raspberrypi/rp2040/dcd_rp2040.c.obj
 *fill*         0x000000001000899a        0x2 
 .rodata.__func__.1
                0x000000001000899c        0xe CMakeFiles/example.dir/home/sriram/pico/pico-sdk/lib/tinyusb/src/portable/raspberrypi/rp2040/dcd_rp2040.c.obj
 *fill*         0x00000000100089aa        0x2 
 .rodata.__func__.3
                0x00000000100089ac       0x10 CMakeFiles/example.dir/home/sriram/pico/pico-sdk/lib/tinyusb/src/portable/raspberrypi/rp2040/dcd_rp2040.c.obj
 .rodata.__func__.5
                0x00000000100089bc        0xf CMakeFiles/example.dir/home/sriram/pico/pico-sdk/lib/tinyusb/src/portable/raspberrypi/rp2040/dcd_rp2040.c.obj
 *fill*         0x00000000100089cb        0x1 
 .rodata.__func__.6
                0x00000000100089cc       0x13 CMakeFiles/example.dir/home/sriram/pico/pico-sdk/lib/tinyusb/src/portable/raspberrypi/rp2040/dcd_rp2040.c.obj
 *fill*         0x00000000100089df        0x1 
 .rodata.__func__.7
                0x00000000100089e0        0x9 CMakeFiles/example.dir/home/sriram/pico/pico-sdk/lib/tinyusb/src/portable/raspberrypi/rp2040/dcd_rp2040.c.obj
 *fill*         0x00000000100089e9        0x3 
 .rodata.str1.4
                0x00000000100089ec       0xe7 CMakeFiles/example.dir/home/sriram/pico/pico-sdk/lib/tinyusb/src/portable/raspberrypi/rp2040/rp2040_usb.c.obj
 *fill*         0x0000000010008ad3        0x1 
 .rodata.__func__.0
                0x0000000010008ad4        0xf CMakeFiles/example.dir/home/sriram/pico/pico-sdk/lib/tinyusb/src/portable/raspberrypi/rp2040/rp2040_usb.c.obj
 *fill*         0x0000000010008ae3        0x1 
 .rodata.process_get_descriptor
                0x0000000010008ae4       0x40 CMakeFiles/example.dir/home/sriram/pico/pico-sdk/lib/tinyusb/src/device/usbd.c.obj
 .rodata.process_control_request
                0x0000000010008b24       0x28 CMakeFiles/example.dir/home/sriram/pico/pico-sdk/lib/tinyusb/src/device/usbd.c.obj
 .rodata.tud_task_ext
                0x0000000010008b4c       0x24 CMakeFiles/example.dir/home/sriram/pico/pico-sdk/lib/tinyusb/src/device/usbd.c.obj
 .rodata._usbd_driver
                0x0000000010008b70       0x18 CMakeFiles/example.dir/home/sriram/pico/pico-sdk/lib/tinyusb/src/device/usbd.c.obj
 .rodata.i2c_set_baudrate.str1.4
                0x0000000010008b88       0x5d CMakeFiles/example.dir/home/sriram/pico/pico-sdk/src/rp2_common/hardware_i2c/i2c.c.obj
 *fill*         0x0000000010008be5        0x3 
 .rodata.__func__.0
                0x0000000010008be8       0x11 CMakeFiles/example.dir/home/sriram/pico/pico-sdk/src/rp2_common/hardware_i2c/i2c.c.obj
                0x0000000010008bfc                . = ALIGN (0x4)
 *fill*         0x0000000010008bf9        0x3 
 *(SORT_BY_ALIGNMENT(SORT_BY_NAME(.flashdata*)))
                0x0000000010008bfc                . = ALIGN (0x4)

.ARM.extab
 *(.ARM.extab* .gnu.linkonce.armextab.*)
                0x0000000010008bfc                __exidx_start = .

.ARM.exidx
 *(.ARM.exidx* .gnu.linkonce.armexidx.*)
                0x0000000010008bfc                __exidx_end = .
                0x0000000010008bfc                . = ALIGN (0x4)
                0x0000000010008bfc                __binary_info_start = .

.binary_info    0x0000000010008bfc       0x20
 *(.binary_info.keep.*)
 .binary_info.keep.__bi_ptr22
                0x0000000010008bfc        0x4 CMakeFiles/example.dir/home/sriram/pico/pico-sdk/src/rp2_common/pico_standard_link/binary_info.c.obj
 .binary_info.keep.__bi_ptr30
                0x0000000010008c00        0x4 CMakeFiles/example.dir/home/sriram/pico/pico-sdk/src/rp2_common/pico_standard_link/binary_info.c.obj
 .binary_info.keep.__bi_ptr38
                0x0000000010008c04        0x4 CMakeFiles/example.dir/home/sriram/pico/pico-sdk/src/rp2_common/pico_standard_link/binary_info.c.obj
 .binary_info.keep.__bi_ptr44
                0x0000000010008c08        0x4 CMakeFiles/example.dir/home/sriram/pico/pico-sdk/src/rp2_common/pico_standard_link/binary_info.c.obj
 .binary_info.keep.__bi_ptr50
                0x0000000010008c0c        0x4 CMakeFiles/example.dir/home/sriram/pico/pico-sdk/src/rp2_common/pico_standard_link/binary_info.c.obj
 .binary_info.keep.__bi_ptr75
                0x0000000010008c10        0x4 CMakeFiles/example.dir/home/sriram/pico/pico-sdk/src/rp2_common/pico_standard_link/binary_info.c.obj
 .binary_info.keep.__bi_ptr81
                0x0000000010008c14        0x4 CMakeFiles/example.dir/home/sriram/pico/pico-sdk/src/rp2_common/pico_standard_link/binary_info.c.obj
 *(.binary_info.*)
 .binary_info.__bi_ptr182
                0x0000000010008c18        0x4 CMakeFiles/example.dir/home/sriram/pico/pico-sdk/src/rp2_common/pico_stdio_usb/stdio_usb.c.obj
                0x0000000010008c1c                __binary_info_end = .

.rel.dyn        0x0000000010008c1c        0x0
 .rel.iplt      0x0000000010008c1c        0x0 /usr/lib/gcc/arm-none-eabi/10.3.1/thumb/v6-m/nofp/crtbegin.o
                0x0000000010008c1c                . = ALIGN (0x4)

.ram_vector_table
                0x0000000020000000       0xc0
 *(.ram_vector_table)
 .ram_vector_table
                0x0000000020000000       0xc0 CMakeFiles/example.dir/home/sriram/pico/pico-sdk/src/rp2_common/pico_runtime/runtime.c.obj
                0x0000000020000000                ram_vector_table

.data           0x00000000200000c0      0xbf8 load address 0x0000000010008c1c
                0x00000000200000c0                __data_start__ = .
 *(vtable)
 *(.time_critical*)
 .time_critical.mutex_try_enter
                0x00000000200000c0       0x46 CMakeFiles/example.dir/home/sriram/pico/pico-sdk/src/common/pico_sync/mutex.c.obj
                0x00000000200000c0                mutex_try_enter
 *fill*         0x0000000020000106        0x2 
 .time_critical.mutex_enter_block_until
                0x0000000020000108       0x8c CMakeFiles/example.dir/home/sriram/pico/pico-sdk/src/common/pico_sync/mutex.c.obj
                0x0000000020000108                mutex_enter_block_until
 .time_critical.mutex_try_enter_block_until
                0x0000000020000194       0x34 CMakeFiles/example.dir/home/sriram/pico/pico-sdk/src/common/pico_sync/mutex.c.obj
                0x0000000020000194                mutex_try_enter_block_until
 .time_critical.mutex_enter_timeout_ms
                0x00000000200001c8       0x68 CMakeFiles/example.dir/home/sriram/pico/pico-sdk/src/common/pico_sync/mutex.c.obj
                0x00000000200001c8                mutex_enter_timeout_ms
 .time_critical.mutex_exit
                0x0000000020000230       0x4c CMakeFiles/example.dir/home/sriram/pico/pico-sdk/src/common/pico_sync/mutex.c.obj
                0x0000000020000230                mutex_exit
 .time_critical.flash_init_boot2_copyout
                0x000000002000027c       0x30 CMakeFiles/example.dir/home/sriram/pico/pico-sdk/src/rp2_common/hardware_flash/flash.c.obj
 .time_critical.flash_enable_xip_via_boot2
                0x00000000200002ac       0x10 CMakeFiles/example.dir/home/sriram/pico/pico-sdk/src/rp2_common/hardware_flash/flash.c.obj
 .time_critical.flash_cs_force
                0x00000000200002bc       0x28 CMakeFiles/example.dir/home/sriram/pico/pico-sdk/src/rp2_common/hardware_flash/flash.c.obj
 .time_critical.flash_do_cmd
                0x00000000200002e4       0xd8 CMakeFiles/example.dir/home/sriram/pico/pico-sdk/src/rp2_common/hardware_flash/flash.c.obj
                0x00000000200002e4                flash_do_cmd
 .time_critical.reset_non_control_endpoints
                0x00000000200003bc       0x40 CMakeFiles/example.dir/home/sriram/pico/pico-sdk/lib/tinyusb/src/portable/raspberrypi/rp2040/dcd_rp2040.c.obj
 .time_critical.hw_handle_buff_status
                0x00000000200003fc       0xa4 CMakeFiles/example.dir/home/sriram/pico/pico-sdk/lib/tinyusb/src/portable/raspberrypi/rp2040/dcd_rp2040.c.obj
 .time_critical.dcd_rp2040_irq
                0x00000000200004a0      0x1cc CMakeFiles/example.dir/home/sriram/pico/pico-sdk/lib/tinyusb/src/portable/raspberrypi/rp2040/dcd_rp2040.c.obj
 .time_critical.e15_is_bulkin_ep
                0x000000002000066c       0x2c CMakeFiles/example.dir/home/sriram/pico/pico-sdk/lib/tinyusb/src/portable/raspberrypi/rp2040/rp2040_usb.c.obj
 .time_critical.e15_is_critical_frame_period
                0x0000000020000698       0x30 CMakeFiles/example.dir/home/sriram/pico/pico-sdk/lib/tinyusb/src/portable/raspberrypi/rp2040/rp2040_usb.c.obj
 .time_critical.prepare_ep_buffer
                0x00000000200006c8       0x70 CMakeFiles/example.dir/home/sriram/pico/pico-sdk/lib/tinyusb/src/portable/raspberrypi/rp2040/rp2040_usb.c.obj
 .time_critical.sync_ep_buffer
                0x0000000020000738       0x80 CMakeFiles/example.dir/home/sriram/pico/pico-sdk/lib/tinyusb/src/portable/raspberrypi/rp2040/rp2040_usb.c.obj
 .time_critical._hw_endpoint_xfer_sync
                0x00000000200007b8       0x28 CMakeFiles/example.dir/home/sriram/pico/pico-sdk/lib/tinyusb/src/portable/raspberrypi/rp2040/rp2040_usb.c.obj
 .time_critical.hw_endpoint_reset_transfer
                0x00000000200007e0        0xc CMakeFiles/example.dir/home/sriram/pico/pico-sdk/lib/tinyusb/src/portable/raspberrypi/rp2040/rp2040_usb.c.obj
                0x00000000200007e0                hw_endpoint_reset_transfer
 .time_critical._hw_endpoint_buffer_control_update32
                0x00000000200007ec       0x58 CMakeFiles/example.dir/home/sriram/pico/pico-sdk/lib/tinyusb/src/portable/raspberrypi/rp2040/rp2040_usb.c.obj
                0x00000000200007ec                _hw_endpoint_buffer_control_update32
 .time_critical.hw_endpoint_start_next_buffer
                0x0000000020000844       0x88 CMakeFiles/example.dir/home/sriram/pico/pico-sdk/lib/tinyusb/src/portable/raspberrypi/rp2040/rp2040_usb.c.obj
                0x0000000020000844                hw_endpoint_start_next_buffer
 .time_critical.hw_endpoint_xfer_continue
                0x00000000200008cc       0x50 CMakeFiles/example.dir/home/sriram/pico/pico-sdk/lib/tinyusb/src/portable/raspberrypi/rp2040/rp2040_usb.c.obj
                0x00000000200008cc                hw_endpoint_xfer_continue
 .time_critical.tinyusb
                0x000000002000091c      0x200 CMakeFiles/example.dir/home/sriram/pico/pico-sdk/lib/tinyusb/src/device/usbd.c.obj
                0x000000002000091c                dcd_event_handler
 *(.text*)
 .text          0x0000000020000b1c        0x4 /usr/lib/gcc/arm-none-eabi/10.3.1/thumb/v6-m/nofp/libgcc.a(_dvmd_tls.o)
                0x0000000020000b1c                __aeabi_ldiv0
                0x0000000020000b1c                __aeabi_idiv0
 .text.__stub   0x0000000020000b20       0x90 linker stubs
                0x0000000020000bb0                . = ALIGN (0x4)
 *(.rodata*)
                0x0000000020000bb0                . = ALIGN (0x4)
 *(.data*)
 .data.striped_spin_lock_num
                0x0000000020000bb0        0x1 CMakeFiles/example.dir/home/sriram/pico/pico-sdk/src/rp2_common/hardware_sync/sync.c.obj
 *fill*         0x0000000020000bb1        0x3 
 .data          0x0000000020000bb4       0x48 CMakeFiles/example.dir/home/sriram/pico/pico-sdk/src/rp2_common/hardware_irq/irq_handler_chain.S.obj
                0x0000000020000bb4                irq_handler_chain_slots
                0x0000000020000be4                irq_handler_chain_first_slot
                0x0000000020000bee                irq_handler_chain_remove_tail
 .data.default_alarm_pool
                0x0000000020000bfc       0x18 CMakeFiles/example.dir/home/sriram/pico/pico-sdk/src/common/pico_time/time.c.obj
 .data.default_alarm_pool_heap
                0x0000000020000c14       0x10 CMakeFiles/example.dir/home/sriram/pico/pico-sdk/src/common/pico_time/time.c.obj
 *fill*         0x0000000020000c24        0xc 
 .data.aeabi_bits_funcs
                0x0000000020000c30       0x10 CMakeFiles/example.dir/home/sriram/pico/pico-sdk/src/rp2_common/pico_bit_ops/bit_ops_aeabi.S.obj
                0x0000000020000c30                aeabi_bits_funcs
                0x0000000020000c40                aeabi_bits_funcs_end
 .data.aeabi_mem_funcs
                0x0000000020000c40       0x10 CMakeFiles/example.dir/home/sriram/pico/pico-sdk/src/rp2_common/pico_mem_ops/mem_ops_aeabi.S.obj
                0x0000000020000c40                aeabi_mem_funcs
                0x0000000020000c50                aeabi_mem_funcs_end
 .data.stdio_usb
                0x0000000020000c50       0x18 CMakeFiles/example.dir/home/sriram/pico/pico-sdk/src/rp2_common/pico_stdio_usb/stdio_usb.c.obj
                0x0000000020000c50                stdio_usb
 .data.ep_dir_string
                0x0000000020000c68        0x8 CMakeFiles/example.dir/home/sriram/pico/pico-sdk/lib/tinyusb/src/portable/raspberrypi/rp2040/rp2040_usb.c.obj
                0x0000000020000c68                ep_dir_string
 .data._usbd_qdef
                0x0000000020000c70       0x1c CMakeFiles/example.dir/home/sriram/pico/pico-sdk/lib/tinyusb/src/device/usbd.c.obj
                0x0000000020000c70                _usbd_qdef
 .data._usbd_rhport
                0x0000000020000c8c        0x1 CMakeFiles/example.dir/home/sriram/pico/pico-sdk/lib/tinyusb/src/device/usbd.c.obj
 *fill*         0x0000000020000c8d        0x3 
 .data.i2c0_inst
                0x0000000020000c90        0x8 CMakeFiles/example.dir/home/sriram/pico/pico-sdk/src/rp2_common/hardware_i2c/i2c.c.obj
                0x0000000020000c90                i2c0_inst
                0x0000000020000c98                . = ALIGN (0x4)
 *(.after_data.*)
                0x0000000020000c98                . = ALIGN (0x4)
                0x0000000020000c98                PROVIDE (__mutex_array_start = .)
 *(SORT_BY_NAME(.mutex_array.*))