Archive member included to satisfy reference by file (symbol)

/usr/lib/gcc/arm-none-eabi/10.3.1/thumb/v6-m/nofp/libgcc.a(_dvmd_tls.o)
                              CMakeFiles/example.dir/home/sriram/pico/pico-sdk/src/rp2_common/pico_divider/divider.S.obj (__aeabi_idiv0)
/usr/lib/gcc/arm-none-eabi/10.3.1/../../../arm-none-eabi/lib/thumb/v6-m/nofp/libg.a(lib_a-atexit.o)
                              /usr/lib/gcc/arm-none-eabi/10.3.1/../../../arm-none-eabi/lib/thumb/v6-m/nofp/crt0.o (atexit)
/usr/lib/gcc/arm-none-eabi/10.3.1/../../../arm-none-eabi/lib/thumb/v6-m/nofp/libg.a(lib_a-calloc.o)
                              CMakeFiles/example.dir/home/sriram/pico/pico-sdk/src/rp2_common/pico_malloc/pico_malloc.c.obj (calloc)
/usr/lib/gcc/arm-none-eabi/10.3.1/../../../arm-none-eabi/lib/thumb/v6-m/nofp/libg.a(lib_a-callocr.o)
                              /usr/lib/gcc/arm-none-eabi/10.3.1/../../../arm-none-eabi/lib/thumb/v6-m/nofp/libg.a(lib_a-calloc.o) (_calloc_r)
/usr/lib/gcc/arm-none-eabi/10.3.1/../../../arm-none-eabi/lib/thumb/v6-m/nofp/libg.a(lib_a-fini.o)
                              /usr/lib/gcc/arm-none-eabi/10.3.1/../../../arm-none-eabi/lib/thumb/v6-m/nofp/crt0.o (__libc_fini_array)
/usr/lib/gcc/arm-none-eabi/10.3.1/../../../arm-none-eabi/lib/thumb/v6-m/nofp/libg.a(lib_a-impure.o)
                              /usr/lib/gcc/arm-none-eabi/10.3.1/../../../arm-none-eabi/lib/thumb/v6-m/nofp/libg.a(lib_a-calloc.o) (_impure_ptr)
/usr/lib/gcc/arm-none-eabi/10.3.1/../../../arm-none-eabi/lib/thumb/v6-m/nofp/libg.a(lib_a-init.o)
                              /usr/lib/gcc/arm-none-eabi/10.3.1/../../../arm-none-eabi/lib/thumb/v6-m/nofp/crt0.o (__libc_init_array)
/usr/lib/gcc/arm-none-eabi/10.3.1/../../../arm-none-eabi/lib/thumb/v6-m/nofp/libg.a(lib_a-malloc.o)
                              CMakeFiles/example.dir/home/sriram/pico/pico-sdk/src/rp2_common/pico_malloc/pico_malloc.c.obj (malloc)
/usr/lib/gcc/arm-none-eabi/10.3.1/../../../arm-none-eabi/lib/thumb/v6-m/nofp/libg.a(lib_a-mallocr.o)
                              /usr/lib/gcc/arm-none-eabi/10.3.1/../../../arm-none-eabi/lib/thumb/v6-m/nofp/libg.a(lib_a-callocr.o) (_malloc_r)
/usr/lib/gcc/arm-none-eabi/10.3.1/../../../arm-none-eabi/lib/thumb/v6-m/nofp/libg.a(lib_a-mlock.o)
                              /usr/lib/gcc/arm-none-eabi/10.3.1/../../../arm-none-eabi/lib/thumb/v6-m/nofp/libg.a(lib_a-mallocr.o) (__malloc_lock)
/usr/lib/gcc/arm-none-eabi/10.3.1/../../../arm-none-eabi/lib/thumb/v6-m/nofp/libg.a(lib_a-realloc.o)
                              CMakeFiles/example.dir/home/sriram/pico/pico-sdk/src/rp2_common/pico_malloc/pico_malloc.c.obj (realloc)
/usr/lib/gcc/arm-none-eabi/10.3.1/../../../arm-none-eabi/lib/thumb/v6-m/nofp/libg.a(lib_a-reallocr.o)
                              /usr/lib/gcc/arm-none-eabi/10.3.1/../../../arm-none-eabi/lib/thumb/v6-m/nofp/libg.a(lib_a-realloc.o) (_realloc_r)
/usr/lib/gcc/arm-none-eabi/10.3.1/../../../arm-none-eabi/lib/thumb/v6-m/nofp/libg.a(lib_a-sbrkr.o)
                              /usr/lib/gcc/arm-none-eabi/10.3.1/../../../arm-none-eabi/lib/thumb/v6-m/nofp/libg.a(lib_a-mallocr.o) (_sbrk_r)
/usr/lib/gcc/arm-none-eabi/10.3.1/../../../arm-none-eabi/lib/thumb/v6-m/nofp/libg.a(lib_a-strlen-stub.o)
                              CMakeFiles/example.dir/home/sriram/pico/pico-sdk/src/rp2_common/pico_stdio/stdio.c.obj (strlen)
/usr/lib/gcc/arm-none-eabi/10.3.1/../../../arm-none-eabi/lib/thumb/v6-m/nofp/libg.a(lib_a-__atexit.o)
                              /usr/lib/gcc/arm-none-eabi/10.3.1/../../../arm-none-eabi/lib/thumb/v6-m/nofp/libg.a(lib_a-atexit.o) (__register_exitproc)
/usr/lib/gcc/arm-none-eabi/10.3.1/../../../arm-none-eabi/lib/thumb/v6-m/nofp/libg.a(lib_a-freer.o)
                              /usr/lib/gcc/arm-none-eabi/10.3.1/../../../arm-none-eabi/lib/thumb/v6-m/nofp/libg.a(lib_a-malloc.o) (_free_r)
/usr/lib/gcc/arm-none-eabi/10.3.1/../../../arm-none-eabi/lib/thumb/v6-m/nofp/libg.a(lib_a-memmove.o)
                              /usr/lib/gcc/arm-none-eabi/10.3.1/../../../arm-none-eabi/lib/thumb/v6-m/nofp/libg.a(lib_a-reallocr.o) (memmove)
/usr/lib/gcc/arm-none-eabi/10.3.1/../../../arm-none-eabi/lib/thumb/v6-m/nofp/libg.a(lib_a-reent.o)
                              /usr/lib/gcc/arm-none-eabi/10.3.1/../../../arm-none-eabi/lib/thumb/v6-m/nofp/libg.a(lib_a-sbrkr.o) (errno)

Discarded input sections

 .text          0x0000000000000000        0x0 /usr/lib/gcc/arm-none-eabi/10.3.1/thumb/v6-m/nofp/crti.o
 .data          0x0000000000000000        0x0 /usr/lib/gcc/arm-none-eabi/10.3.1/thumb/v6-m/nofp/crti.o
 .bss           0x0000000000000000        0x0 /usr/lib/gcc/arm-none-eabi/10.3.1/thumb/v6-m/nofp/crti.o
 .data          0x0000000000000000        0x4 /usr/lib/gcc/arm-none-eabi/10.3.1/thumb/v6-m/nofp/crtbegin.o
 .rodata        0x0000000000000000       0x24 /usr/lib/gcc/arm-none-eabi/10.3.1/thumb/v6-m/nofp/crtbegin.o
 .fini_array    0x0000000000000000        0x4 /usr/lib/gcc/arm-none-eabi/10.3.1/thumb/v6-m/nofp/crtbegin.o
[...]
Memory Configuration

Name             Origin             Length             Attributes
FLASH            0x0000000010000000 0x0000000000200000 xr
RAM              0x0000000020000000 0x0000000000040000 xrw
SCRATCH_X        0x0000000020040000 0x0000000000001000 xrw
SCRATCH_Y        0x0000000020041000 0x0000000000001000 xrw
*default*        0x0000000000000000 0xffffffffffffffff

Linker script and memory map

LOAD /usr/lib/gcc/arm-none-eabi/10.3.1/thumb/v6-m/nofp/crti.o
LOAD /usr/lib/gcc/arm-none-eabi/10.3.1/thumb/v6-m/nofp/crtbegin.o
LOAD /usr/lib/gcc/arm-none-eabi/10.3.1/../../../arm-none-eabi/lib/thumb/v6-m/nofp/crt0.o

.flash_begin    0x0000000010000000        0x0
                0x0000000010000000                __flash_binary_start = .

.boot2          0x0000000010000000      0x100
                0x0000000010000000                __boot2_start__ = .
 *(.boot2)
 .boot2         0x0000000010000000      0x100 /tmp/ccX5DwRM.o
                0x0000000010000100                __boot2_end__ = .
                0x0000000000000001                ASSERT (((__boot2_end__ - __boot2_start__) == 0x100), ERROR: Pico second stage bootloader must be 256 bytes in size)

.text           0x0000000010000100     0x7230
                0x0000000010000100                __logical_binary_start = .
 *(.vectors)
 .vectors       0x0000000010000100       0xd4 CMakeFiles/example.dir/home/sriram/pico/pico-sdk/src/rp2_common/pico_standard_link/crt0.S.obj
                0x0000000010000100                __vectors
                0x0000000010000100                __VECTOR_TABLE
                0x00000000100001c0                isr_invalid
                0x00000000100001c0                __default_isrs_start
                0x00000000100001c2                isr_nmi
                0x00000000100001c4                isr_hardfault
                0x00000000100001c6                isr_svcall
                0x00000000100001c8                isr_pendsv
                0x00000000100001ca                isr_systick
                0x00000000100001cc                isr_irq30
                0x00000000100001cc                __unhandled_user_irq
                0x00000000100001cc                isr_irq13
                0x00000000100001cc                isr_irq27
                0x00000000100001cc                isr_irq31
                0x00000000100001cc                isr_irq5
                0x00000000100001cc                isr_irq11
                0x00000000100001cc                isr_irq23
                0x00000000100001cc                isr_irq18
                0x00000000100001cc                isr_irq28
                0x00000000100001cc                isr_irq19
                0x00000000100001cc                isr_irq0
                0x00000000100001cc                isr_irq6
                0x00000000100001cc                isr_irq22
                0x00000000100001cc                isr_irq17
                0x00000000100001cc                isr_irq14
                0x00000000100001cc                isr_irq2
                0x00000000100001cc                isr_irq10
                0x00000000100001cc                isr_irq8
                0x00000000100001cc                isr_irq24
                0x00000000100001cc                isr_irq1
                0x00000000100001cc                isr_irq7
                0x00000000100001cc                isr_irq21
                0x00000000100001cc                isr_irq20
                0x00000000100001cc                isr_irq15
                0x00000000100001cc                isr_irq25
                0x00000000100001cc                isr_irq4
                0x00000000100001cc                isr_irq16
                0x00000000100001cc                isr_irq29
                0x00000000100001cc                isr_irq26
                0x00000000100001cc                __default_isrs_end
                0x00000000100001cc                isr_irq3
                0x00000000100001cc                isr_irq12
                0x00000000100001cc                isr_irq9
                0x00000000100001d2                unhandled_user_irq_num_in_r0
 *(.binary_info_header)
 .binary_info_header
                0x00000000100001d4       0x14 CMakeFiles/example.dir/home/sriram/pico/pico-sdk/src/rp2_common/pico_standard_link/crt0.S.obj
                0x00000000100001e8                __binary_info_header_end = .
 *(.reset)
 .reset         0x00000000100001e8       0xa0 CMakeFiles/example.dir/home/sriram/pico/pico-sdk/src/rp2_common/pico_standard_link/crt0.S.obj
                0x00000000100001e8                _entry_point
 .reset         0x0000000010000288       0x30 CMakeFiles/example.dir/home/sriram/pico/pico-sdk/src/rp2_common/pico_standard_link/binary_info.c.obj
 *(.init)
 .init          0x00000000100002b8        0x4 /usr/lib/gcc/arm-none-eabi/10.3.1/thumb/v6-m/nofp/crti.o
                0x00000000100002b8                _init
 *(EXCLUDE_FILE(*libm.a: *libc.a:*lib_a-mem*.o *libgcc.a:) .text*)
 .text          0x00000000100002bc       0x98 /usr/lib/gcc/arm-none-eabi/10.3.1/thumb/v6-m/nofp/crtbegin.o
 .text.main     0x0000000010000354       0x54 CMakeFiles/example.dir/example.c.obj
                0x0000000010000354                main
 .text.get_default_config
                0x00000000100003a8       0x34 CMakeFiles/example.dir/bmx160.c.obj
                0x00000000100003a8                get_default_config
 .text.get_pmu_status
                0x00000000100003dc       0x44 CMakeFiles/example.dir/bmx160.c.obj
                0x00000000100003dc                get_pmu_status
 .text.set_pmu  0x0000000010000420       0x94 CMakeFiles/example.dir/bmx160.c.obj
                0x0000000010000420                set_pmu
 .text.init_sensor
                0x00000000100004b4       0x40 CMakeFiles/example.dir/bmx160.c.obj
                0x00000000100004b4                init_sensor
 .text.gpio_set_function
                0x00000000100004f4       0x30 CMakeFiles/example.dir/home/sriram/pico/pico-sdk/src/rp2_common/hardware_gpio/gpio.c.obj
                0x00000000100004f4                gpio_set_function
 .text.gpio_set_pulls
                0x0000000010000524       0x34 CMakeFiles/example.dir/home/sriram/pico/pico-sdk/src/rp2_common/hardware_gpio/gpio.c.obj
                0x0000000010000524                gpio_set_pulls
 .text.gpio_init
                0x0000000010000558       0x16 CMakeFiles/example.dir/home/sriram/pico/pico-sdk/src/rp2_common/hardware_gpio/gpio.c.obj
                0x0000000010000558                gpio_init
 *fill*         0x000000001000056e        0x2 
 .text.running_on_fpga
                0x0000000010000570       0x14 CMakeFiles/example.dir/home/sriram/pico/pico-sdk/src/rp2_common/pico_platform/platform.c.obj
                0x0000000010000570                running_on_fpga
 .text.hw_claim_lock
                0x0000000010000584       0x18 CMakeFiles/example.dir/home/sriram/pico/pico-sdk/src/rp2_common/hardware_claim/claim.c.obj
                0x0000000010000584                hw_claim_lock
 .text.hw_claim_unlock
                0x000000001000059c       0x14 CMakeFiles/example.dir/home/sriram/pico/pico-sdk/src/rp2_common/hardware_claim/claim.c.obj
                0x000000001000059c                hw_claim_unlock
 .text.hw_claim_or_assert
                0x00000000100005b0       0x32 CMakeFiles/example.dir/home/sriram/pico/pico-sdk/src/rp2_common/hardware_claim/claim.c.obj
                0x00000000100005b0                hw_claim_or_assert
 .text.hw_claim_unused_from_range
                0x00000000100005e2       0x50 CMakeFiles/example.dir/home/sriram/pico/pico-sdk/src/rp2_common/hardware_claim/claim.c.obj
                0x00000000100005e2                hw_claim_unused_from_range
 *fill*         0x0000000010000632        0x2 
 .text.spin_locks_reset
                0x0000000010000634       0x20 CMakeFiles/example.dir/home/sriram/pico/pico-sdk/src/rp2_common/hardware_sync/sync.c.obj
                0x0000000010000634                spin_locks_reset
 .text.next_striped_spin_lock_num
                0x0000000010000654       0x1c CMakeFiles/example.dir/home/sriram/pico/pico-sdk/src/rp2_common/hardware_sync/sync.c.obj
                0x0000000010000654                next_striped_spin_lock_num
 .text.spin_lock_claim_unused
                0x0000000010000670       0x20 CMakeFiles/example.dir/home/sriram/pico/pico-sdk/src/rp2_common/hardware_sync/sync.c.obj
                0x0000000010000670                spin_lock_claim_unused
 .text.set_raw_irq_handler_and_unlock
                0x0000000010000690       0x28 CMakeFiles/example.dir/home/sriram/pico/pico-sdk/src/rp2_common/hardware_irq/irq.c.obj
 .text.make_branch
                0x00000000100006b8       0x48 CMakeFiles/example.dir/home/sriram/pico/pico-sdk/src/rp2_common/hardware_irq/irq.c.obj
 .text.insert_branch_and_link
                0x0000000010000700       0x40 CMakeFiles/example.dir/home/sriram/pico/pico-sdk/src/rp2_common/hardware_irq/irq.c.obj
 .text.irq_is_enabled
                0x0000000010000740       0x18 CMakeFiles/example.dir/home/sriram/pico/pico-sdk/src/rp2_common/hardware_irq/irq.c.obj
                0x0000000010000740                irq_is_enabled
 .text.irq_set_mask_enabled
                0x0000000010000758       0x20 CMakeFiles/example.dir/home/sriram/pico/pico-sdk/src/rp2_common/hardware_irq/irq.c.obj
                0x0000000010000758                irq_set_mask_enabled
 .text.irq_set_enabled
                0x0000000010000778        0xe CMakeFiles/example.dir/home/sriram/pico/pico-sdk/src/rp2_common/hardware_irq/irq.c.obj
                0x0000000010000778                irq_set_enabled
 *fill*         0x0000000010000786        0x2 
 .text.irq_set_pending
                0x0000000010000788       0x10 CMakeFiles/example.dir/home/sriram/pico/pico-sdk/src/rp2_common/hardware_irq/irq.c.obj
                0x0000000010000788                irq_set_pending
 .text.irq_get_vtable_handler
                0x0000000010000798       0x10 CMakeFiles/example.dir/home/sriram/pico/pico-sdk/src/rp2_common/hardware_irq/irq.c.obj
                0x0000000010000798                irq_get_vtable_handler
 .text.irq_has_shared_handler
                0x00000000100007a8       0x24 CMakeFiles/example.dir/home/sriram/pico/pico-sdk/src/rp2_common/hardware_irq/irq.c.obj
                0x00000000100007a8                irq_has_shared_handler
 .text.irq_set_exclusive_handler
                0x00000000100007cc       0x54 CMakeFiles/example.dir/home/sriram/pico/pico-sdk/src/rp2_common/hardware_irq/irq.c.obj
                0x00000000100007cc                irq_set_exclusive_handler
 .text.irq_add_shared_handler
                0x0000000010000820      0x234 CMakeFiles/example.dir/home/sriram/pico/pico-sdk/src/rp2_common/hardware_irq/irq.c.obj
                0x0000000010000820                irq_add_shared_handler
 .text.irq_remove_handler
                0x0000000010000a54      0x1ac CMakeFiles/example.dir/home/sriram/pico/pico-sdk/src/rp2_common/hardware_irq/irq.c.obj
                0x0000000010000a54                irq_remove_handler
 .text.irq_add_tail_to_free_list
                0x0000000010000c00       0xf0 CMakeFiles/example.dir/home/sriram/pico/pico-sdk/src/rp2_common/hardware_irq/irq.c.obj
                0x0000000010000c00                irq_add_tail_to_free_list
 .text.irq_init_priorities
                0x0000000010000cf0       0x1c CMakeFiles/example.dir/home/sriram/pico/pico-sdk/src/rp2_common/hardware_irq/irq.c.obj
                0x0000000010000cf0                irq_init_priorities
 .text.user_irq_claim_unused
                0x0000000010000d0c       0x28 CMakeFiles/example.dir/home/sriram/pico/pico-sdk/src/rp2_common/hardware_irq/irq.c.obj
                0x0000000010000d0c                user_irq_claim_unused
 .text.lock_init
                0x0000000010000d34       0x10 CMakeFiles/example.dir/home/sriram/pico/pico-sdk/src/common/pico_sync/lock_core.c.obj
                0x0000000010000d34                lock_init
 .text.mutex_init
                0x0000000010000d44       0x1a CMakeFiles/example.dir/home/sriram/pico/pico-sdk/src/common/pico_sync/mutex.c.obj
                0x0000000010000d44                mutex_init
 .text.recursive_mutex_init
                0x0000000010000d5e       0x1e CMakeFiles/example.dir/home/sriram/pico/pico-sdk/src/common/pico_sync/mutex.c.obj
                0x0000000010000d5e                recursive_mutex_init
 .text.critical_section_init_with_lock_num
                0x0000000010000d7c       0x14 CMakeFiles/example.dir/home/sriram/pico/pico-sdk/src/common/pico_sync/critical_section.c.obj
                0x0000000010000d7c                critical_section_init_with_lock_num
 .text.critical_section_init
                0x0000000010000d90       0x14 CMakeFiles/example.dir/home/sriram/pico/pico-sdk/src/common/pico_sync/critical_section.c.obj
                0x0000000010000d90                critical_section_init
 .text.alarm_pool_post_alloc_init
                0x0000000010000da4       0x40 CMakeFiles/example.dir/home/sriram/pico/pico-sdk/src/common/pico_time/time.c.obj
 .text.sleep_until_callback
                0x0000000010000de4       0x30 CMakeFiles/example.dir/home/sriram/pico/pico-sdk/src/common/pico_time/time.c.obj
 .text.timer_pool_entry_comparator
                0x0000000010000e14       0x7c CMakeFiles/example.dir/home/sriram/pico/pico-sdk/src/common/pico_time/time.c.obj
                0x0000000010000e14                timer_pool_entry_comparator
 .text.ph_add_child_node
                0x0000000010000e90       0xa4 CMakeFiles/example.dir/home/sriram/pico/pico-sdk/src/common/pico_time/time.c.obj
 .text.ph_merge_nodes
                0x0000000010000f34       0x3e CMakeFiles/example.dir/home/sriram/pico/pico-sdk/src/common/pico_time/time.c.obj
 *fill*         0x0000000010000f72        0x2 
 .text.add_alarm_under_lock
                0x0000000010000f74      0x174 CMakeFiles/example.dir/home/sriram/pico/pico-sdk/src/common/pico_time/time.c.obj
 .text.alarm_pool_alarm_callback
                0x00000000100010e8      0x33c CMakeFiles/example.dir/home/sriram/pico/pico-sdk/src/common/pico_time/time.c.obj
 .text.alarm_pool_init_default
                0x0000000010001424       0x40 CMakeFiles/example.dir/home/sriram/pico/pico-sdk/src/common/pico_time/time.c.obj
                0x0000000010001424                alarm_pool_init_default
 .text.alarm_pool_get_default
                0x0000000010001464       0x2c CMakeFiles/example.dir/home/sriram/pico/pico-sdk/src/common/pico_time/time.c.obj
                0x0000000010001464                alarm_pool_get_default
 .text.alarm_pool_add_alarm_at
                0x0000000010001490      0x168 CMakeFiles/example.dir/home/sriram/pico/pico-sdk/src/common/pico_time/time.c.obj
                0x0000000010001490                alarm_pool_add_alarm_at
 .text.alarm_pool_cancel_alarm
                0x00000000100015f8       0xf8 CMakeFiles/example.dir/home/sriram/pico/pico-sdk/src/common/pico_time/time.c.obj
                0x00000000100015f8                alarm_pool_cancel_alarm
 .text.alarm_pool_core_num
                0x00000000100016f0        0x4 CMakeFiles/example.dir/home/sriram/pico/pico-sdk/src/common/pico_time/time.c.obj
                0x00000000100016f0                alarm_pool_core_num
 .text.sleep_until
                0x00000000100016f4       0xfc CMakeFiles/example.dir/home/sriram/pico/pico-sdk/src/common/pico_time/time.c.obj
                0x00000000100016f4                sleep_until
 .text.sleep_us
                0x00000000100017f0       0x58 CMakeFiles/example.dir/home/sriram/pico/pico-sdk/src/common/pico_time/time.c.obj
                0x00000000100017f0                sleep_us
 .text.sleep_ms
                0x0000000010001848       0x14 CMakeFiles/example.dir/home/sriram/pico/pico-sdk/src/common/pico_time/time.c.obj
                0x0000000010001848                sleep_ms
 .text.best_effort_wfe_or_timeout
                0x000000001000185c       0xac CMakeFiles/example.dir/home/sriram/pico/pico-sdk/src/common/pico_time/time.c.obj
                0x000000001000185c                best_effort_wfe_or_timeout
 .text.hardware_alarm_irq_handler
                0x0000000010001908       0x90 CMakeFiles/example.dir/home/sriram/pico/pico-sdk/src/rp2_common/hardware_timer/timer.c.obj
 .text.hardware_alarm_claim
                0x0000000010001998       0x18 CMakeFiles/example.dir/home/sriram/pico/pico-sdk/src/rp2_common/hardware_timer/timer.c.obj
                0x0000000010001998                hardware_alarm_claim
 .text.time_us_64
                0x00000000100019b0       0x18 CMakeFiles/example.dir/home/sriram/pico/pico-sdk/src/rp2_common/hardware_timer/timer.c.obj
                0x00000000100019b0                time_us_64
 .text.busy_wait_until
                0x00000000100019c8       0x28 CMakeFiles/example.dir/home/sriram/pico/pico-sdk/src/rp2_common/hardware_timer/timer.c.obj
                0x00000000100019c8                busy_wait_until
 .text.hardware_alarm_set_callback
                0x00000000100019f0       0x90 CMakeFiles/example.dir/home/sriram/pico/pico-sdk/src/rp2_common/hardware_timer/timer.c.obj
                0x00000000100019f0                hardware_alarm_set_callback
 .text.hardware_alarm_set_target
                0x0000000010001a80       0xe8 CMakeFiles/example.dir/home/sriram/pico/pico-sdk/src/rp2_common/hardware_timer/timer.c.obj
                0x0000000010001a80                hardware_alarm_set_target
 .text.hardware_alarm_cancel
                0x0000000010001b68       0x40 CMakeFiles/example.dir/home/sriram/pico/pico-sdk/src/rp2_common/hardware_timer/timer.c.obj
                0x0000000010001b68                hardware_alarm_cancel
 .text.ph_add_child_node
                0x0000000010001ba8       0xa4 CMakeFiles/example.dir/home/sriram/pico/pico-sdk/src/common/pico_util/pheap.c.obj
 .text.ph_merge_nodes
                0x0000000010001c4c       0x3e CMakeFiles/example.dir/home/sriram/pico/pico-sdk/src/common/pico_util/pheap.c.obj
 *fill*         0x0000000010001c8a        0x2 
 .text.ph_clear
                0x0000000010001c8c       0x70 CMakeFiles/example.dir/home/sriram/pico/pico-sdk/src/common/pico_util/pheap.c.obj
                0x0000000010001c8c                ph_clear
 .text.ph_post_alloc_init
                0x0000000010001cfc        0xe CMakeFiles/example.dir/home/sriram/pico/pico-sdk/src/common/pico_util/pheap.c.obj
                0x0000000010001cfc                ph_post_alloc_init
 *fill*         0x0000000010001d0a        0x2 
 .text.ph_merge_two_pass
                0x0000000010001d0c       0xa8 CMakeFiles/example.dir/home/sriram/pico/pico-sdk/src/common/pico_util/pheap.c.obj
                0x0000000010001d0c                ph_merge_two_pass
 .text.ph_remove_any_head
                0x0000000010001db4      0x128 CMakeFiles/example.dir/home/sriram/pico/pico-sdk/src/common/pico_util/pheap.c.obj
 .text.ph_remove_head
                0x0000000010001edc       0x14 CMakeFiles/example.dir/home/sriram/pico/pico-sdk/src/common/pico_util/pheap.c.obj
                0x0000000010001edc                ph_remove_head
 .text.ph_remove_and_free_node
                0x0000000010001ef0       0xf8 CMakeFiles/example.dir/home/sriram/pico/pico-sdk/src/common/pico_util/pheap.c.obj
                0x0000000010001ef0                ph_remove_and_free_node
 .text.clock_configure
                0x0000000010001fe8      0x108 CMakeFiles/example.dir/home/sriram/pico/pico-sdk/src/rp2_common/hardware_clocks/clocks.c.obj
                0x0000000010001fe8                clock_configure
 .text.clocks_init
                0x00000000100020f0      0x100 CMakeFiles/example.dir/home/sriram/pico/pico-sdk/src/rp2_common/hardware_clocks/clocks.c.obj
                0x00000000100020f0                clocks_init
 .text.clock_get_hz
                0x00000000100021f0        0xc CMakeFiles/example.dir/home/sriram/pico/pico-sdk/src/rp2_common/hardware_clocks/clocks.c.obj
                0x00000000100021f0                clock_get_hz
 .text.pll_init
                0x00000000100021fc      0x120 CMakeFiles/example.dir/home/sriram/pico/pico-sdk/src/rp2_common/hardware_pll/pll.c.obj
                0x00000000100021fc                pll_init
 .text.watchdog_start_tick
                0x000000001000231c       0x10 CMakeFiles/example.dir/home/sriram/pico/pico-sdk/src/rp2_common/hardware_watchdog/watchdog.c.obj
                0x000000001000231c                watchdog_start_tick
 .text.watchdog_update
                0x000000001000232c       0x14 CMakeFiles/example.dir/home/sriram/pico/pico-sdk/src/rp2_common/hardware_watchdog/watchdog.c.obj
                0x000000001000232c                watchdog_update
 .text._watchdog_enable
                0x0000000010002340       0x78 CMakeFiles/example.dir/home/sriram/pico/pico-sdk/src/rp2_common/hardware_watchdog/watchdog.c.obj
                0x0000000010002340                _watchdog_enable
 .text.watchdog_reboot
                0x00000000100023b8       0x48 CMakeFiles/example.dir/home/sriram/pico/pico-sdk/src/rp2_common/hardware_watchdog/watchdog.c.obj
                0x00000000100023b8                watchdog_reboot
 .text.xosc_init
                0x0000000010002400       0x28 CMakeFiles/example.dir/home/sriram/pico/pico-sdk/src/rp2_common/hardware_xosc/xosc.c.obj
                0x0000000010002400                xosc_init
 .text._exit    0x0000000010002428        0x4 CMakeFiles/example.dir/home/sriram/pico/pico-sdk/src/rp2_common/pico_runtime/runtime.c.obj
                0x0000000010002428                _exit
 .text.exit     0x000000001000242c        0x6 CMakeFiles/example.dir/home/sriram/pico/pico-sdk/src/rp2_common/pico_runtime/runtime.c.obj
                0x000000001000242c                exit
 *fill*         0x0000000010002432        0x2 
 .text.__assert_func
                0x0000000010002434       0x3c CMakeFiles/example.dir/home/sriram/pico/pico-sdk/src/rp2_common/pico_runtime/runtime.c.obj
                0x0000000010002434                __assert_func
 .text.runtime_init
                0x0000000010002470       0xf8 CMakeFiles/example.dir/home/sriram/pico/pico-sdk/src/rp2_common/pico_runtime/runtime.c.obj
                0x0000000010002470                runtime_init
 .text.panic    0x0000000010002568       0x30 CMakeFiles/example.dir/home/sriram/pico/pico-sdk/src/rp2_common/pico_runtime/runtime.c.obj
                0x0000000010002568                panic
 .text._out_null
                0x0000000010002598        0x2 CMakeFiles/example.dir/home/sriram/pico/pico-sdk/src/rp2_common/pico_printf/printf.c.obj
 .text._out_fct
                0x000000001000259a        0xe CMakeFiles/example.dir/home/sriram/pico/pico-sdk/src/rp2_common/pico_printf/printf.c.obj
 .text._atoi    0x00000000100025a8       0x24 CMakeFiles/example.dir/home/sriram/pico/pico-sdk/src/rp2_common/pico_printf/printf.c.obj
 .text._out_rev
                0x00000000100025cc       0xae CMakeFiles/example.dir/home/sriram/pico/pico-sdk/src/rp2_common/pico_printf/printf.c.obj
 .text._ntoa_format
                0x000000001000267a      0x112 CMakeFiles/example.dir/home/sriram/pico/pico-sdk/src/rp2_common/pico_printf/printf.c.obj
 .text._ntoa_long
                0x000000001000278c       0xbc CMakeFiles/example.dir/home/sriram/pico/pico-sdk/src/rp2_common/pico_printf/printf.c.obj
 .text._ntoa_long_long
                0x0000000010002848       0xe2 CMakeFiles/example.dir/home/sriram/pico/pico-sdk/src/rp2_common/pico_printf/printf.c.obj
 *fill*         0x000000001000292a        0x2 
 .text._etoa    0x000000001000292c      0x414 CMakeFiles/example.dir/home/sriram/pico/pico-sdk/src/rp2_common/pico_printf/printf.c.obj
 .text._ftoa    0x0000000010002d40      0x354 CMakeFiles/example.dir/home/sriram/pico/pico-sdk/src/rp2_common/pico_printf/printf.c.obj
 .text._vsnprintf
                0x0000000010003094      0x624 CMakeFiles/example.dir/home/sriram/pico/pico-sdk/src/rp2_common/pico_printf/printf.c.obj
 .text.vfctprintf
                0x00000000100036b8       0x20 CMakeFiles/example.dir/home/sriram/pico/pico-sdk/src/rp2_common/pico_printf/printf.c.obj
                0x00000000100036b8                vfctprintf
 .text          0x00000000100036d8       0x10 CMakeFiles/example.dir/home/sriram/pico/pico-sdk/src/rp2_common/pico_bit_ops/bit_ops_aeabi.S.obj
 .text.rom_func_lookup
                0x00000000100036e8       0x10 CMakeFiles/example.dir/home/sriram/pico/pico-sdk/src/rp2_common/pico_bootrom/bootrom.c.obj
                0x00000000100036e8                rom_func_lookup
 .text.rom_data_lookup
                0x00000000100036f8       0x10 CMakeFiles/example.dir/home/sriram/pico/pico-sdk/src/rp2_common/pico_bootrom/bootrom.c.obj
                0x00000000100036f8                rom_data_lookup
 .text.rom_funcs_lookup
                0x0000000010003708       0x36 CMakeFiles/example.dir/home/sriram/pico/pico-sdk/src/rp2_common/pico_bootrom/bootrom.c.obj
                0x0000000010003708                rom_funcs_lookup
 *fill*         0x000000001000373e        0x2 
 .text.__wrap___aeabi_idiv
                0x0000000010003740       0x50 CMakeFiles/example.dir/home/sriram/pico/pico-sdk/src/rp2_common/pico_divider/divider.S.obj
                0x0000000010003740                __wrap___aeabi_idivmod
                0x0000000010003740                divmod_s32s32
                0x0000000010003740                div_s32s32
                0x0000000010003740                __wrap___aeabi_idiv
                0x0000000010003748                divmod_s32s32_unsafe
                0x0000000010003774                divmod_s32s32_savestate
 .text.__wrap___aeabi_uidiv
                0x0000000010003790       0x4c CMakeFiles/example.dir/home/sriram/pico/pico-sdk/src/rp2_common/pico_divider/divider.S.obj
                0x0000000010003790                __wrap___aeabi_uidiv
                0x0000000010003790                __wrap___aeabi_uidivmod
                0x0000000010003790                div_u32u32
                0x0000000010003790                divmod_u32u32
                0x0000000010003798                divmod_u32u32_unsafe
                0x00000000100037c0                divmod_u32u32_savestate
 .text.__wrap___aeabi_ldiv
                0x00000000100037dc      0x424 CMakeFiles/example.dir/home/sriram/pico/pico-sdk/src/rp2_common/pico_divider/divider.S.obj
                0x00000000100037dc                div_s64s64
                0x00000000100037dc                divmod_s64s64
                0x00000000100037dc                __wrap___aeabi_ldivmod
                0x000000001000380c                div_u64u64
                0x000000001000380c                divmod_u64u64
                0x000000001000380c                __wrap___aeabi_uldivmod
                0x000000001000381c                divmod_u64u64_savestate
                0x000000001000383c                divmod_s64s64_unsafe
                0x00000000100038c4                divmod_u64u64_unsafe
 .text.__wrap___aeabi_darithmetic
                0x0000000010003c00       0x80 CMakeFiles/example.dir/home/sriram/pico/pico-sdk/src/rp2_common/pico_double/double_aeabi.S.obj
                0x0000000010003c00                __wrap___aeabi_drsub
                0x0000000010003c06                __wrap___aeabi_dsub
                0x0000000010003c18                __wrap___aeabi_dadd
                0x0000000010003c2a                __wrap___aeabi_ddiv
                0x0000000010003c66                __wrap___aeabi_dmul
 .text.__wrap___aeabi_cdcmple
                0x0000000010003c80       0x6c CMakeFiles/example.dir/home/sriram/pico/pico-sdk/src/rp2_common/pico_double/double_aeabi.S.obj
                0x0000000010003c80                __wrap___aeabi_cdrcmple
                0x0000000010003c90                __wrap___aeabi_cdcmple
                0x0000000010003c90                __wrap___aeabi_cdcmpeq
 .text.__wrap___aeabi_dcmplt
                0x0000000010003cec        0xc CMakeFiles/example.dir/home/sriram/pico/pico-sdk/src/rp2_common/pico_double/double_aeabi.S.obj
                0x0000000010003cec                __wrap___aeabi_dcmplt
 .text.__wrap___aeabi_dcmple
                0x0000000010003cf8       0x10 CMakeFiles/example.dir/home/sriram/pico/pico-sdk/src/rp2_common/pico_double/double_aeabi.S.obj
                0x0000000010003cf8                __wrap___aeabi_dcmple
 .text.__wrap___aeabi_dcmpge
                0x0000000010003d08       0x10 CMakeFiles/example.dir/home/sriram/pico/pico-sdk/src/rp2_common/pico_double/double_aeabi.S.obj
                0x0000000010003d08                __wrap___aeabi_dcmpge
 .text.__wrap___aeabi_dcmpgt
                0x0000000010003d18        0xa CMakeFiles/example.dir/home/sriram/pico/pico-sdk/src/rp2_common/pico_double/double_aeabi.S.obj
                0x0000000010003d18                __wrap___aeabi_dcmpgt
 .text.__wrap___aeabi_dcmpun
                0x0000000010003d22       0x1c CMakeFiles/example.dir/home/sriram/pico/pico-sdk/src/rp2_common/pico_double/double_aeabi.S.obj
                0x0000000010003d22                __wrap___aeabi_dcmpun
 *fill*         0x0000000010003d3e        0x2 
 .text.__wrap___aeabi_i2d
                0x0000000010003d40       0x38 CMakeFiles/example.dir/home/sriram/pico/pico-sdk/src/rp2_common/pico_double/double_aeabi.S.obj
                0x0000000010003d40                __wrap___aeabi_ui2d
                0x0000000010003d48                __wrap___aeabi_i2d
 .text.__wrap___aeabi_d2iz
                0x0000000010003d78       0x48 CMakeFiles/example.dir/home/sriram/pico/pico-sdk/src/rp2_common/pico_double/double_aeabi.S.obj
                0x0000000010003d78                __wrap___aeabi_d2iz
                0x0000000010003d78                double2int_z
 .text.__wrap___aeabi_d2uiz
                0x0000000010003dc0       0x18 CMakeFiles/example.dir/home/sriram/pico/pico-sdk/src/rp2_common/pico_double/double_aeabi.S.obj
                0x0000000010003dc0                double2uint
                0x0000000010003dc0                __wrap___aeabi_d2uiz
 .text.__aeabi_double_init
                0x0000000010003dd8       0xc8 CMakeFiles/example.dir/home/sriram/pico/pico-sdk/src/rp2_common/pico_double/double_init_rom.c.obj
                0x0000000010003dd8                __aeabi_double_init
 .text.double_table_shim_on_use_helper
                0x0000000010003ea0       0x34 CMakeFiles/example.dir/home/sriram/pico/pico-sdk/src/rp2_common/pico_double/double_v1_rom_shim.S.obj
                0x0000000010003ea0                double_table_shim_on_use_helper
 .text.__wrap___aeabi_dsub
                0x0000000010003ed4       0x10 CMakeFiles/example.dir/home/sriram/pico/pico-sdk/src/rp2_common/pico_double/double_v1_rom_shim.S.obj
                0x0000000010003ed4                drsub_shim
                0x0000000010003eda                dsub_shim
 .text.dadd_shim
                0x0000000010003ee4      0x15c CMakeFiles/example.dir/home/sriram/pico/pico-sdk/src/rp2_common/pico_double/double_v1_rom_shim.S.obj
                0x0000000010003ee4                dadd_shim
 .text.dmul_shim
                0x0000000010004040      0x15c CMakeFiles/example.dir/home/sriram/pico/pico-sdk/src/rp2_common/pico_double/double_v1_rom_shim.S.obj
                0x0000000010004040                dmul_shim
 .text.ddiv_shim
                0x000000001000419c      0x1b0 CMakeFiles/example.dir/home/sriram/pico/pico-sdk/src/rp2_common/pico_double/double_v1_rom_shim.S.obj
                0x000000001000419c                ddiv_shim
 .text.double2uint_shim
                0x000000001000434c        0xe CMakeFiles/example.dir/home/sriram/pico/pico-sdk/src/rp2_common/pico_double/double_v1_rom_shim.S.obj
                0x000000001000434c                double2uint_shim
                0x000000001000434e                double2ufix_shim
 *fill*         0x000000001000435a        0x2 
 .text.double2uint64_shim
                0x000000001000435c       0x70 CMakeFiles/example.dir/home/sriram/pico/pico-sdk/src/rp2_common/pico_double/double_v1_rom_shim.S.obj
                0x000000001000435c                double2uint64_shim
                0x000000001000435e                double2ufix64_shim
                0x000000001000437e                d2fix_a
 .text.dunpacks
                0x00000000100043cc       0x3c CMakeFiles/example.dir/home/sriram/pico/pico-sdk/src/rp2_common/pico_double/double_v1_rom_shim.S.obj
                0x00000000100043cc                dunpacks
 .text.__aeabi_lmul
                0x0000000010004408       0x32 CMakeFiles/example.dir/home/sriram/pico/pico-sdk/src/rp2_common/pico_int64_ops/pico_int64_ops_aeabi.S.obj
                0x0000000010004408                __wrap___aeabi_lmul
 *fill*         0x000000001000443a        0x2 
 .text.__aeabi_float_init
                0x000000001000443c       0xfc CMakeFiles/example.dir/home/sriram/pico/pico-sdk/src/rp2_common/pico_float/float_init_rom.c.obj
                0x000000001000443c                __aeabi_float_init
 .text.float_table_shim_on_use_helper
                0x0000000010004538       0x34 CMakeFiles/example.dir/home/sriram/pico/pico-sdk/src/rp2_common/pico_float/float_v1_rom_shim.S.obj
                0x0000000010004538                float_table_shim_on_use_helper
 .text          0x000000001000456c       0x10 CMakeFiles/example.dir/home/sriram/pico/pico-sdk/src/rp2_common/pico_mem_ops/mem_ops_aeabi.S.obj
                0x000000001000456c                __aeabi_mem_init
 .text.memset   0x000000001000457c        0xc CMakeFiles/example.dir/home/sriram/pico/pico-sdk/src/rp2_common/pico_mem_ops/mem_ops_aeabi.S.obj
                0x000000001000457c                __wrap_memset
 .text.memcpy   0x0000000010004588        0xc CMakeFiles/example.dir/home/sriram/pico/pico-sdk/src/rp2_common/pico_mem_ops/mem_ops_aeabi.S.obj
                0x0000000010004588                __wrap___aeabi_memcpy
                0x0000000010004588                __wrap_memcpy
 .text.stdio_out_chars_no_crlf
                0x0000000010004594        0xe CMakeFiles/example.dir/home/sriram/pico/pico-sdk/src/rp2_common/pico_stdio/stdio.c.obj
 *fill*         0x00000000100045a2        0x2 
 .text.stdio_out_chars_crlf
                0x00000000100045a4       0x80 CMakeFiles/example.dir/home/sriram/pico/pico-sdk/src/rp2_common/pico_stdio/stdio.c.obj
 .text.stdio_stack_buffer_flush
                0x0000000010004624       0x44 CMakeFiles/example.dir/home/sriram/pico/pico-sdk/src/rp2_common/pico_stdio/stdio.c.obj
 .text.stdio_buffered_printer
                0x0000000010004668       0x20 CMakeFiles/example.dir/home/sriram/pico/pico-sdk/src/rp2_common/pico_stdio/stdio.c.obj
 .text.stdout_serialize_begin
                0x0000000010004688       0x5c CMakeFiles/example.dir/home/sriram/pico/pico-sdk/src/rp2_common/pico_stdio/stdio.c.obj
                0x0000000010004688                stdout_serialize_begin
 .text.stdout_serialize_end
                0x00000000100046e4       0x10 CMakeFiles/example.dir/home/sriram/pico/pico-sdk/src/rp2_common/pico_stdio/stdio.c.obj
                0x00000000100046e4                stdout_serialize_end
 .text.stdio_put_string
                0x00000000100046f4       0x98 CMakeFiles/example.dir/home/sriram/pico/pico-sdk/src/rp2_common/pico_stdio/stdio.c.obj
 .text.stdio_set_driver_enabled
                0x000000001000478c       0x2c CMakeFiles/example.dir/home/sriram/pico/pico-sdk/src/rp2_common/pico_stdio/stdio.c.obj
                0x000000001000478c                stdio_set_driver_enabled
 .text.stdio_flush
                0x00000000100047b8       0x20 CMakeFiles/example.dir/home/sriram/pico/pico-sdk/src/rp2_common/pico_stdio/stdio.c.obj
                0x00000000100047b8                stdio_flush
 .text.__wrap_puts
                0x00000000100047d8       0x1e CMakeFiles/example.dir/home/sriram/pico/pico-sdk/src/rp2_common/pico_stdio/stdio.c.obj
                0x00000000100047d8                __wrap_puts
 *fill*         0x00000000100047f6        0x2 
 .text.__wrap_vprintf
                0x00000000100047f8       0x40 CMakeFiles/example.dir/home/sriram/pico/pico-sdk/src/rp2_common/pico_stdio/stdio.c.obj
                0x00000000100047f8                __wrap_vprintf
 .text.__wrap_printf
                0x0000000010004838       0x18 CMakeFiles/example.dir/home/sriram/pico/pico-sdk/src/rp2_common/pico_stdio/stdio.c.obj
                0x0000000010004838                __wrap_printf
 .text.stdio_init_all
                0x0000000010004850        0x8 CMakeFiles/example.dir/home/sriram/pico/pico-sdk/src/rp2_common/pico_stdio/stdio.c.obj
                0x0000000010004850                stdio_init_all
 .text.resetd_init
                0x0000000010004858        0x2 CMakeFiles/example.dir/home/sriram/pico/pico-sdk/src/rp2_common/pico_stdio_usb/reset_interface.c.obj
 *fill*         0x000000001000485a        0x2 
 .text.resetd_reset
                0x000000001000485c        0xc CMakeFiles/example.dir/home/sriram/pico/pico-sdk/src/rp2_common/pico_stdio_usb/reset_interface.c.obj
 .text.resetd_open
                0x0000000010004868       0x34 CMakeFiles/example.dir/home/sriram/pico/pico-sdk/src/rp2_common/pico_stdio_usb/reset_interface.c.obj
 .text.resetd_xfer_cb
                0x000000001000489c        0x4 CMakeFiles/example.dir/home/sriram/pico/pico-sdk/src/rp2_common/pico_stdio_usb/reset_interface.c.obj
 .text.reset_usb_boot
                0x00000000100048a0       0x18 CMakeFiles/example.dir/home/sriram/pico/pico-sdk/src/rp2_common/pico_stdio_usb/reset_interface.c.obj
 .text.resetd_control_xfer_cb
                0x00000000100048b8       0x5c CMakeFiles/example.dir/home/sriram/pico/pico-sdk/src/rp2_common/pico_stdio_usb/reset_interface.c.obj
 .text.usbd_app_driver_get_cb
                0x0000000010004914        0xc CMakeFiles/example.dir/home/sriram/pico/pico-sdk/src/rp2_common/pico_stdio_usb/reset_interface.c.obj
                0x0000000010004914                usbd_app_driver_get_cb
 .text.tud_cdc_line_coding_cb
                0x0000000010004920       0x28 CMakeFiles/example.dir/home/sriram/pico/pico-sdk/src/rp2_common/pico_stdio_usb/reset_interface.c.obj
                0x0000000010004920                tud_cdc_line_coding_cb
 .text.stdio_usb_set_chars_available_callback
                0x0000000010004948       0x14 CMakeFiles/example.dir/home/sriram/pico/pico-sdk/src/rp2_common/pico_stdio_usb/stdio_usb.c.obj
                0x0000000010004948                stdio_usb_set_chars_available_callback
 .text.usb_irq  0x000000001000495c       0x10 CMakeFiles/example.dir/home/sriram/pico/pico-sdk/src/rp2_common/pico_stdio_usb/stdio_usb.c.obj
 .text.timer_task
                0x000000001000496c       0x5c CMakeFiles/example.dir/home/sriram/pico/pico-sdk/src/rp2_common/pico_stdio_usb/stdio_usb.c.obj
 .text.low_priority_worker_irq
                0x00000000100049c8       0xdc CMakeFiles/example.dir/home/sriram/pico/pico-sdk/src/rp2_common/pico_stdio_usb/stdio_usb.c.obj
 .text.tud_cdc_rx_cb
                0x0000000010004aa4       0x20 CMakeFiles/example.dir/home/sriram/pico/pico-sdk/src/rp2_common/pico_stdio_usb/stdio_usb.c.obj
                0x0000000010004aa4                tud_cdc_rx_cb
 .text.stdio_usb_init
                0x0000000010004ac4      0x11c CMakeFiles/example.dir/home/sriram/pico/pico-sdk/src/rp2_common/pico_stdio_usb/stdio_usb.c.obj
                0x0000000010004ac4                stdio_usb_init
 .text.stdio_usb_connected
                0x0000000010004be0        0xa CMakeFiles/example.dir/home/sriram/pico/pico-sdk/src/rp2_common/pico_stdio_usb/stdio_usb.c.obj
                0x0000000010004be0                stdio_usb_connected
 *fill*         0x0000000010004bea        0x2 
 .text.stdio_usb_in_chars
                0x0000000010004bec       0xc4 CMakeFiles/example.dir/home/sriram/pico/pico-sdk/src/rp2_common/pico_stdio_usb/stdio_usb.c.obj
                0x0000000010004bec                stdio_usb_in_chars
 .text.stdio_usb_out_chars
                0x0000000010004cb0      0x114 CMakeFiles/example.dir/home/sriram/pico/pico-sdk/src/rp2_common/pico_stdio_usb/stdio_usb.c.obj
 .text.tud_descriptor_device_cb
                0x0000000010004dc4        0x8 CMakeFiles/example.dir/home/sriram/pico/pico-sdk/src/rp2_common/pico_stdio_usb/stdio_usb_descriptors.c.obj
                0x0000000010004dc4                tud_descriptor_device_cb
 .text.tud_descriptor_configuration_cb
                0x0000000010004dcc        0x8 CMakeFiles/example.dir/home/sriram/pico/pico-sdk/src/rp2_common/pico_stdio_usb/stdio_usb_descriptors.c.obj
                0x0000000010004dcc                tud_descriptor_configuration_cb
 .text.tud_descriptor_string_cb
                0x0000000010004dd4       0x6c CMakeFiles/example.dir/home/sriram/pico/pico-sdk/src/rp2_common/pico_stdio_usb/stdio_usb_descriptors.c.obj
                0x0000000010004dd4                tud_descriptor_string_cb
 .text._retrieve_unique_id_on_boot
                0x0000000010004e40       0x10 CMakeFiles/example.dir/home/sriram/pico/pico-sdk/src/rp2_common/pico_unique_id/unique_id.c.obj
 .text.pico_get_unique_board_id_string
                0x0000000010004e50       0x60 CMakeFiles/example.dir/home/sriram/pico/pico-sdk/src/rp2_common/pico_unique_id/unique_id.c.obj
                0x0000000010004e50                pico_get_unique_board_id_string
 .text.flash_get_unique_id
                0x0000000010004eb0       0x46 CMakeFiles/example.dir/home/sriram/pico/pico-sdk/src/rp2_common/hardware_flash/flash.c.obj
                0x0000000010004eb0                flash_get_unique_id
 *fill*         0x0000000010004ef6        0x2 
 .text.hw_endpoint_get_by_addr
                0x0000000010004ef8       0x18 CMakeFiles/example.dir/home/sriram/pico/pico-sdk/lib/tinyusb/src/portable/raspberrypi/rp2040/dcd_rp2040.c.obj
 .text._hw_endpoint_alloc
                0x0000000010004f10       0x70 CMakeFiles/example.dir/home/sriram/pico/pico-sdk/lib/tinyusb/src/portable/raspberrypi/rp2040/dcd_rp2040.c.obj
 .text.hw_endpoint_init
                0x0000000010004f80       0x88 CMakeFiles/example.dir/home/sriram/pico/pico-sdk/lib/tinyusb/src/portable/raspberrypi/rp2040/dcd_rp2040.c.obj
 .text.hw_endpoint_xfer
                0x0000000010005008       0x14 CMakeFiles/example.dir/home/sriram/pico/pico-sdk/lib/tinyusb/src/portable/raspberrypi/rp2040/dcd_rp2040.c.obj
 .text.dcd_int_enable
                0x000000001000501c       0x2c CMakeFiles/example.dir/home/sriram/pico/pico-sdk/lib/tinyusb/src/portable/raspberrypi/rp2040/dcd_rp2040.c.obj
                0x000000001000501c                dcd_int_enable
 .text.dcd_set_address
                0x0000000010005048       0x2c CMakeFiles/example.dir/home/sriram/pico/pico-sdk/lib/tinyusb/src/portable/raspberrypi/rp2040/dcd_rp2040.c.obj
                0x0000000010005048                dcd_set_address
 .text.dcd_connect
                0x0000000010005074       0x10 CMakeFiles/example.dir/home/sriram/pico/pico-sdk/lib/tinyusb/src/portable/raspberrypi/rp2040/dcd_rp2040.c.obj
                0x0000000010005074                dcd_connect
 .text.dcd_init
                0x0000000010005084       0x80 CMakeFiles/example.dir/home/sriram/pico/pico-sdk/lib/tinyusb/src/portable/raspberrypi/rp2040/dcd_rp2040.c.obj
                0x0000000010005084                dcd_init
 .text.dcd_edpt0_status_complete
                0x0000000010005104       0x1c CMakeFiles/example.dir/home/sriram/pico/pico-sdk/lib/tinyusb/src/portable/raspberrypi/rp2040/dcd_rp2040.c.obj
                0x0000000010005104                dcd_edpt0_status_complete
 .text.dcd_edpt_open
                0x0000000010005120       0x40 CMakeFiles/example.dir/home/sriram/pico/pico-sdk/lib/tinyusb/src/portable/raspberrypi/rp2040/dcd_rp2040.c.obj
                0x0000000010005120                dcd_edpt_open
 .text.dcd_edpt_close_all
                0x0000000010005160        0x8 CMakeFiles/example.dir/home/sriram/pico/pico-sdk/lib/tinyusb/src/portable/raspberrypi/rp2040/dcd_rp2040.c.obj
                0x0000000010005160                dcd_edpt_close_all
 .text.dcd_edpt_xfer
                0x0000000010005168       0x34 CMakeFiles/example.dir/home/sriram/pico/pico-sdk/lib/tinyusb/src/portable/raspberrypi/rp2040/dcd_rp2040.c.obj
                0x0000000010005168                dcd_edpt_xfer
 .text.dcd_edpt_stall
                0x000000001000519c       0x2c CMakeFiles/example.dir/home/sriram/pico/pico-sdk/lib/tinyusb/src/portable/raspberrypi/rp2040/dcd_rp2040.c.obj
                0x000000001000519c                dcd_edpt_stall
 .text.dcd_edpt_clear_stall
                0x00000000100051c8       0x20 CMakeFiles/example.dir/home/sriram/pico/pico-sdk/lib/tinyusb/src/portable/raspberrypi/rp2040/dcd_rp2040.c.obj
                0x00000000100051c8                dcd_edpt_clear_stall
 .text.rp2040_usb_init
                0x00000000100051e8       0x4c CMakeFiles/example.dir/home/sriram/pico/pico-sdk/lib/tinyusb/src/portable/raspberrypi/rp2040/rp2040_usb.c.obj
                0x00000000100051e8                rp2040_usb_init
 .text.hw_endpoint_xfer_start
                0x0000000010005234       0x50 CMakeFiles/example.dir/home/sriram/pico/pico-sdk/lib/tinyusb/src/portable/raspberrypi/rp2040/rp2040_usb.c.obj
                0x0000000010005234                hw_endpoint_xfer_start
 .text.configuration_reset
                0x0000000010005284       0x84 CMakeFiles/example.dir/home/sriram/pico/pico-sdk/lib/tinyusb/src/device/usbd.c.obj
 .text.usbd_reset
                0x0000000010005308        0xc CMakeFiles/example.dir/home/sriram/pico/pico-sdk/lib/tinyusb/src/device/usbd.c.obj
 .text.invoke_class_control
                0x0000000010005314       0x1a CMakeFiles/example.dir/home/sriram/pico/pico-sdk/lib/tinyusb/src/device/usbd.c.obj
 *fill*         0x000000001000532e        0x2 
 .text.process_set_config
                0x0000000010005330      0x178 CMakeFiles/example.dir/home/sriram/pico/pico-sdk/lib/tinyusb/src/device/usbd.c.obj
 .text.process_get_descriptor
                0x00000000100054a8       0xdc CMakeFiles/example.dir/home/sriram/pico/pico-sdk/lib/tinyusb/src/device/usbd.c.obj
 .text.tud_mounted
                0x0000000010005584       0x10 CMakeFiles/example.dir/home/sriram/pico/pico-sdk/lib/tinyusb/src/device/usbd.c.obj
                0x0000000010005584                tud_mounted
 .text.tud_suspended
                0x0000000010005594       0x10 CMakeFiles/example.dir/home/sriram/pico/pico-sdk/lib/tinyusb/src/device/usbd.c.obj
                0x0000000010005594                tud_suspended
 .text.tud_inited
                0x00000000100055a4       0x14 CMakeFiles/example.dir/home/sriram/pico/pico-sdk/lib/tinyusb/src/device/usbd.c.obj
                0x00000000100055a4                tud_inited
 .text.tud_init
                0x00000000100055b8       0xcc CMakeFiles/example.dir/home/sriram/pico/pico-sdk/lib/tinyusb/src/device/usbd.c.obj
                0x00000000100055b8                tud_init
 .text.usbd_defer_func
                0x0000000010005684       0x2a CMakeFiles/example.dir/home/sriram/pico/pico-sdk/lib/tinyusb/src/device/usbd.c.obj
                0x0000000010005684                usbd_defer_func
 *fill*         0x00000000100056ae        0x2 
 .text.usbd_edpt_open
                0x00000000100056b0       0x34 CMakeFiles/example.dir/home/sriram/pico/pico-sdk/lib/tinyusb/src/device/usbd.c.obj
                0x00000000100056b0                usbd_edpt_open
 .text.usbd_open_edpt_pair
                0x00000000100056e4       0x62 CMakeFiles/example.dir/home/sriram/pico/pico-sdk/lib/tinyusb/src/device/usbd.c.obj
                0x00000000100056e4                usbd_open_edpt_pair
 *fill*         0x0000000010005746        0x2 
 .text.usbd_edpt_claim
                0x0000000010005748       0x28 CMakeFiles/example.dir/home/sriram/pico/pico-sdk/lib/tinyusb/src/device/usbd.c.obj
                0x0000000010005748                usbd_edpt_claim
 .text.usbd_edpt_release
                0x0000000010005770       0x28 CMakeFiles/example.dir/home/sriram/pico/pico-sdk/lib/tinyusb/src/device/usbd.c.obj
                0x0000000010005770                usbd_edpt_release
 .text.usbd_edpt_xfer
                0x0000000010005798       0x78 CMakeFiles/example.dir/home/sriram/pico/pico-sdk/lib/tinyusb/src/device/usbd.c.obj
                0x0000000010005798                usbd_edpt_xfer
 .text.usbd_edpt_stall
                0x0000000010005810       0x48 CMakeFiles/example.dir/home/sriram/pico/pico-sdk/lib/tinyusb/src/device/usbd.c.obj
                0x0000000010005810                usbd_edpt_stall
 .text.usbd_edpt_clear_stall
                0x0000000010005858       0x48 CMakeFiles/example.dir/home/sriram/pico/pico-sdk/lib/tinyusb/src/device/usbd.c.obj
                0x0000000010005858                usbd_edpt_clear_stall
 .text.usbd_edpt_stalled
                0x00000000100058a0       0x1c CMakeFiles/example.dir/home/sriram/pico/pico-sdk/lib/tinyusb/src/device/usbd.c.obj
                0x00000000100058a0                usbd_edpt_stalled
 .text.process_control_request
                0x00000000100058bc      0x37c CMakeFiles/example.dir/home/sriram/pico/pico-sdk/lib/tinyusb/src/device/usbd.c.obj
 .text.tud_task_ext
                0x0000000010005c38      0x1b8 CMakeFiles/example.dir/home/sriram/pico/pico-sdk/lib/tinyusb/src/device/usbd.c.obj
                0x0000000010005c38                tud_task_ext
 .text._data_stage_xact
                0x0000000010005df0       0x58 CMakeFiles/example.dir/home/sriram/pico/pico-sdk/lib/tinyusb/src/device/usbd_control.c.obj
 .text.tud_control_status
                0x0000000010005e48       0x38 CMakeFiles/example.dir/home/sriram/pico/pico-sdk/lib/tinyusb/src/device/usbd_control.c.obj
                0x0000000010005e48                tud_control_status
 .text.tud_control_xfer
                0x0000000010005e80       0x74 CMakeFiles/example.dir/home/sriram/pico/pico-sdk/lib/tinyusb/src/device/usbd_control.c.obj
                0x0000000010005e80                tud_control_xfer
 .text.usbd_control_reset
                0x0000000010005ef4       0x14 CMakeFiles/example.dir/home/sriram/pico/pico-sdk/lib/tinyusb/src/device/usbd_control.c.obj
                0x0000000010005ef4                usbd_control_reset
 .text.usbd_control_set_complete_callback
                0x0000000010005f08        0xc CMakeFiles/example.dir/home/sriram/pico/pico-sdk/lib/tinyusb/src/device/usbd_control.c.obj
                0x0000000010005f08                usbd_control_set_complete_callback
 .text.usbd_control_set_request
                0x0000000010005f14       0x1c CMakeFiles/example.dir/home/sriram/pico/pico-sdk/lib/tinyusb/src/device/usbd_control.c.obj
                0x0000000010005f14                usbd_control_set_request
 .text.usbd_control_xfer_cb
                0x0000000010005f30       0xcc CMakeFiles/example.dir/home/sriram/pico/pico-sdk/lib/tinyusb/src/device/usbd_control.c.obj
                0x0000000010005f30                usbd_control_xfer_cb
 .text._prep_out_transaction
                0x0000000010005ffc       0x4a CMakeFiles/example.dir/home/sriram/pico/pico-sdk/lib/tinyusb/src/class/cdc/cdc_device.c.obj
 *fill*         0x0000000010006046        0x2 
 .text.tud_cdc_n_connected
                0x0000000010006048       0x44 CMakeFiles/example.dir/home/sriram/pico/pico-sdk/lib/tinyusb/src/class/cdc/cdc_device.c.obj
                0x0000000010006048                tud_cdc_n_connected
 .text.tud_cdc_n_available
                0x000000001000608c       0x18 CMakeFiles/example.dir/home/sriram/pico/pico-sdk/lib/tinyusb/src/class/cdc/cdc_device.c.obj
                0x000000001000608c                tud_cdc_n_available
 .text.tud_cdc_n_read
                0x00000000100060a4       0x28 CMakeFiles/example.dir/home/sriram/pico/pico-sdk/lib/tinyusb/src/class/cdc/cdc_device.c.obj
                0x00000000100060a4                tud_cdc_n_read
 .text.tud_cdc_n_write_flush
                0x00000000100060cc       0xb8 CMakeFiles/example.dir/home/sriram/pico/pico-sdk/lib/tinyusb/src/class/cdc/cdc_device.c.obj
                0x00000000100060cc                tud_cdc_n_write_flush
 .text.tud_cdc_n_write
                0x0000000010006184       0x38 CMakeFiles/example.dir/home/sriram/pico/pico-sdk/lib/tinyusb/src/class/cdc/cdc_device.c.obj
                0x0000000010006184                tud_cdc_n_write
 .text.tud_cdc_n_write_available
                0x00000000100061bc       0x1c CMakeFiles/example.dir/home/sriram/pico/pico-sdk/lib/tinyusb/src/class/cdc/cdc_device.c.obj
                0x00000000100061bc                tud_cdc_n_write_available
 .text.cdcd_init
                0x00000000100061d8       0xbc CMakeFiles/example.dir/home/sriram/pico/pico-sdk/lib/tinyusb/src/class/cdc/cdc_device.c.obj
                0x00000000100061d8                cdcd_init
 .text.cdcd_reset
                0x0000000010006294       0x44 CMakeFiles/example.dir/home/sriram/pico/pico-sdk/lib/tinyusb/src/class/cdc/cdc_device.c.obj
                0x0000000010006294                cdcd_reset
 .text.cdcd_open
                0x00000000100062d8       0xcc CMakeFiles/example.dir/home/sriram/pico/pico-sdk/lib/tinyusb/src/class/cdc/cdc_device.c.obj
                0x00000000100062d8                cdcd_open
 .text.cdcd_control_xfer_cb
                0x00000000100063a4      0x134 CMakeFiles/example.dir/home/sriram/pico/pico-sdk/lib/tinyusb/src/class/cdc/cdc_device.c.obj
                0x00000000100063a4                cdcd_control_xfer_cb
 .text.cdcd_xfer_cb
                0x00000000100064d8      0x130 CMakeFiles/example.dir/home/sriram/pico/pico-sdk/lib/tinyusb/src/class/cdc/cdc_device.c.obj
                0x00000000100064d8                cdcd_xfer_cb
 .text.tusb_init
                0x0000000010006608        0xa CMakeFiles/example.dir/home/sriram/pico/pico-sdk/lib/tinyusb/src/tusb.c.obj
                0x0000000010006608                tusb_init
 .text.tusb_inited
                0x0000000010006612        0xe CMakeFiles/example.dir/home/sriram/pico/pico-sdk/lib/tinyusb/src/tusb.c.obj
                0x0000000010006612                tusb_inited
 .text.tu_edpt_claim
                0x0000000010006620       0x50 CMakeFiles/example.dir/home/sriram/pico/pico-sdk/lib/tinyusb/src/tusb.c.obj
                0x0000000010006620                tu_edpt_claim
 .text.tu_edpt_release
                0x0000000010006670       0x3c CMakeFiles/example.dir/home/sriram/pico/pico-sdk/lib/tinyusb/src/tusb.c.obj
                0x0000000010006670                tu_edpt_release
 .text.tu_edpt_validate
                0x00000000100066ac       0x78 CMakeFiles/example.dir/home/sriram/pico/pico-sdk/lib/tinyusb/src/tusb.c.obj
                0x00000000100066ac                tu_edpt_validate
 .text.tu_edpt_bind_driver
                0x0000000010006724       0x26 CMakeFiles/example.dir/home/sriram/pico/pico-sdk/lib/tinyusb/src/tusb.c.obj
                0x0000000010006724                tu_edpt_bind_driver
 .text.advance_index
                0x000000001000674a       0x1a CMakeFiles/example.dir/home/sriram/pico/pico-sdk/lib/tinyusb/src/common/tusb_fifo.c.obj
 .text._tu_fifo_peek
                0x0000000010006764       0x56 CMakeFiles/example.dir/home/sriram/pico/pico-sdk/lib/tinyusb/src/common/tusb_fifo.c.obj
 .text._ff_pull_const_addr
                0x00000000100067ba       0x4c CMakeFiles/example.dir/home/sriram/pico/pico-sdk/lib/tinyusb/src/common/tusb_fifo.c.obj
 .text._ff_pull_n
                0x0000000010006806      0x110 CMakeFiles/example.dir/home/sriram/pico/pico-sdk/lib/tinyusb/src/common/tusb_fifo.c.obj
 .text._tu_fifo_peek_n
                0x0000000010006916       0x6a CMakeFiles/example.dir/home/sriram/pico/pico-sdk/lib/tinyusb/src/common/tusb_fifo.c.obj
 .text._tu_fifo_read_n
                0x0000000010006980       0x4e CMakeFiles/example.dir/home/sriram/pico/pico-sdk/lib/tinyusb/src/common/tusb_fifo.c.obj
 .text._ff_push_const_addr
                0x00000000100069ce       0x40 CMakeFiles/example.dir/home/sriram/pico/pico-sdk/lib/tinyusb/src/common/tusb_fifo.c.obj
 .text._ff_push_n
                0x0000000010006a0e      0x10c CMakeFiles/example.dir/home/sriram/pico/pico-sdk/lib/tinyusb/src/common/tusb_fifo.c.obj
 .text._tu_fifo_write_n
                0x0000000010006b1a       0xf0 CMakeFiles/example.dir/home/sriram/pico/pico-sdk/lib/tinyusb/src/common/tusb_fifo.c.obj
 .text.tu_fifo_config
                0x0000000010006c0a       0x7c CMakeFiles/example.dir/home/sriram/pico/pico-sdk/lib/tinyusb/src/common/tusb_fifo.c.obj
                0x0000000010006c0a                tu_fifo_config
 .text.tu_fifo_count
                0x0000000010006c86       0x2a CMakeFiles/example.dir/home/sriram/pico/pico-sdk/lib/tinyusb/src/common/tusb_fifo.c.obj
                0x0000000010006c86                tu_fifo_count
 .text.tu_fifo_empty
                0x0000000010006cb0       0x10 CMakeFiles/example.dir/home/sriram/pico/pico-sdk/lib/tinyusb/src/common/tusb_fifo.c.obj
                0x0000000010006cb0                tu_fifo_empty
 .text.tu_fifo_full
                0x0000000010006cc0       0x28 CMakeFiles/example.dir/home/sriram/pico/pico-sdk/lib/tinyusb/src/common/tusb_fifo.c.obj
                0x0000000010006cc0                tu_fifo_full
 .text.tu_fifo_remaining
                0x0000000010006ce8       0x2c CMakeFiles/example.dir/home/sriram/pico/pico-sdk/lib/tinyusb/src/common/tusb_fifo.c.obj
                0x0000000010006ce8                tu_fifo_remaining
 .text.tu_fifo_read
                0x0000000010006d14       0x42 CMakeFiles/example.dir/home/sriram/pico/pico-sdk/lib/tinyusb/src/common/tusb_fifo.c.obj
                0x0000000010006d14                tu_fifo_read
 .text.tu_fifo_read_n
                0x0000000010006d56        0xa CMakeFiles/example.dir/home/sriram/pico/pico-sdk/lib/tinyusb/src/common/tusb_fifo.c.obj
                0x0000000010006d56                tu_fifo_read_n
 .text.tu_fifo_write
                0x0000000010006d60       0x64 CMakeFiles/example.dir/home/sriram/pico/pico-sdk/lib/tinyusb/src/common/tusb_fifo.c.obj
                0x0000000010006d60                tu_fifo_write
 .text.tu_fifo_write_n
                0x0000000010006dc4        0xa CMakeFiles/example.dir/home/sriram/pico/pico-sdk/lib/tinyusb/src/common/tusb_fifo.c.obj
                0x0000000010006dc4                tu_fifo_write_n
 .text.tu_fifo_clear
                0x0000000010006dce       0x3e CMakeFiles/example.dir/home/sriram/pico/pico-sdk/lib/tinyusb/src/common/tusb_fifo.c.obj
                0x0000000010006dce                tu_fifo_clear
 .text.tu_fifo_set_overwritable
                0x0000000010006e0c       0x46 CMakeFiles/example.dir/home/sriram/pico/pico-sdk/lib/tinyusb/src/common/tusb_fifo.c.obj
                0x0000000010006e0c                tu_fifo_set_overwritable
 .text.i2c_write_blocking_internal
                0x0000000010006e52      0x140 CMakeFiles/example.dir/home/sriram/pico/pico-sdk/src/rp2_common/hardware_i2c/i2c.c.obj
 .text.i2c_read_blocking_internal
                0x0000000010006f92       0xe6 CMakeFiles/example.dir/home/sriram/pico/pico-sdk/src/rp2_common/hardware_i2c/i2c.c.obj
 .text.i2c_set_baudrate
                0x0000000010007078       0xf0 CMakeFiles/example.dir/home/sriram/pico/pico-sdk/src/rp2_common/hardware_i2c/i2c.c.obj
                0x0000000010007078                i2c_set_baudrate
 .text.i2c_init
                0x0000000010007168       0x58 CMakeFiles/example.dir/home/sriram/pico/pico-sdk/src/rp2_common/hardware_i2c/i2c.c.obj
                0x0000000010007168                i2c_init
 .text.i2c_write_blocking
                0x00000000100071c0       0x18 CMakeFiles/example.dir/home/sriram/pico/pico-sdk/src/rp2_common/hardware_i2c/i2c.c.obj
                0x00000000100071c0                i2c_write_blocking
 .text.i2c_read_blocking
                0x00000000100071d8       0x18 CMakeFiles/example.dir/home/sriram/pico/pico-sdk/src/rp2_common/hardware_i2c/i2c.c.obj
                0x00000000100071d8                i2c_read_blocking
 .text          0x00000000100071f0       0x5c /usr/lib/gcc/arm-none-eabi/10.3.1/../../../arm-none-eabi/lib/thumb/v6-m/nofp/libg.a(lib_a-strlen-stub.o)
                0x00000000100071f0                strlen
 *(.fini)
 .fini          0x000000001000724c        0x4 /usr/lib/gcc/arm-none-eabi/10.3.1/thumb/v6-m/nofp/crti.o
                0x000000001000724c                _fini
 .fini.__stub   0x0000000010007250       0xe0 linker stubs
 *crtbegin.o(.ctors)
 *crtbegin?.o(.ctors)
 *(EXCLUDE_FILE(*crtend.o *crtend?.o) .ctors)
 *(SORT_BY_NAME(.ctors.*))
 *(.ctors)
 *crtbegin.o(.dtors)
 *crtbegin?.o(.dtors)
 *(EXCLUDE_FILE(*crtend.o *crtend?.o) .dtors)
 *(SORT_BY_NAME(.dtors.*))
 *(.dtors)
 *(.eh_frame*)
 .eh_frame      0x0000000010007330        0x0 /usr/lib/gcc/arm-none-eabi/10.3.1/thumb/v6-m/nofp/crtbegin.o
                0x0000000010007330                . = ALIGN (0x4)

.glue_7         0x0000000010007330        0x0
 .glue_7        0x0000000010007330        0x0 linker stubs

.glue_7t        0x0000000010007330        0x0
 .glue_7t       0x0000000010007330        0x0 linker stubs

.vfp11_veneer   0x0000000010007330        0x0
 .vfp11_veneer  0x0000000010007330        0x0 linker stubs

.v4_bx          0x0000000010007330        0x0
 .v4_bx         0x0000000010007330        0x0 linker stubs

.iplt           0x0000000010007330        0x0
 .iplt          0x0000000010007330        0x0 /usr/lib/gcc/arm-none-eabi/10.3.1/thumb/v6-m/nofp/crtbegin.o

.rodata         0x0000000010007330     0x1604
 *(EXCLUDE_FILE(*libm.a: *libc.a:*lib_a-mem*.o *libgcc.a:) .rodata*)
 .rodata.main.str1.4
                0x0000000010007330       0x3a CMakeFiles/example.dir/example.c.obj
 *fill*         0x000000001000736a        0x2 
 .rodata.spin_lock_claim_unused.str1.4
                0x000000001000736c       0x1b CMakeFiles/example.dir/home/sriram/pico/pico-sdk/src/rp2_common/hardware_sync/sync.c.obj
 *fill*         0x0000000010007387        0x1 
 .rodata.make_branch.str1.4
                0x0000000010007388       0x6d CMakeFiles/example.dir/home/sriram/pico/pico-sdk/src/rp2_common/hardware_irq/irq.c.obj
 *fill*         0x00000000100073f5        0x3 
 .rodata.insert_branch_and_link.str1.4
                0x00000000100073f8       0x10 CMakeFiles/example.dir/home/sriram/pico/pico-sdk/src/rp2_common/hardware_irq/irq.c.obj
 .rodata.irq_set_exclusive_handler.str1.4
                0x0000000010007408       0x36 CMakeFiles/example.dir/home/sriram/pico/pico-sdk/src/rp2_common/hardware_irq/irq.c.obj
 *fill*         0x000000001000743e        0x2 
 .rodata.irq_add_shared_handler.str1.4
                0x0000000010007440       0xd9 CMakeFiles/example.dir/home/sriram/pico/pico-sdk/src/rp2_common/hardware_irq/irq.c.obj
 *fill*         0x0000000010007519        0x3 
 .rodata.irq_remove_handler.str1.4
                0x000000001000751c       0x3a CMakeFiles/example.dir/home/sriram/pico/pico-sdk/src/rp2_common/hardware_irq/irq.c.obj
 *fill*         0x0000000010007556        0x2 
 .rodata.irq_add_tail_to_free_list.str1.4
                0x0000000010007558       0x3a CMakeFiles/example.dir/home/sriram/pico/pico-sdk/src/rp2_common/hardware_irq/irq.c.obj
 *fill*         0x0000000010007592        0x2 
 .rodata.user_irq_claim_unused.str1.4
                0x0000000010007594       0x1b CMakeFiles/example.dir/home/sriram/pico/pico-sdk/src/rp2_common/hardware_irq/irq.c.obj
 *fill*         0x00000000100075af        0x1 
 .rodata.__func__.0
                0x00000000100075b0       0x1a CMakeFiles/example.dir/home/sriram/pico/pico-sdk/src/rp2_common/hardware_irq/irq.c.obj
 *fill*         0x00000000100075ca        0x2 
 .rodata.__func__.1
                0x00000000100075cc       0x17 CMakeFiles/example.dir/home/sriram/pico/pico-sdk/src/rp2_common/hardware_irq/irq.c.obj
 *fill*         0x00000000100075e3        0x1 
 .rodata.__func__.2
                0x00000000100075e4       0x13 CMakeFiles/example.dir/home/sriram/pico/pico-sdk/src/rp2_common/hardware_irq/irq.c.obj
 *fill*         0x00000000100075f7        0x1 
 .rodata.__func__.3
                0x00000000100075f8        0xc CMakeFiles/example.dir/home/sriram/pico/pico-sdk/src/rp2_common/hardware_irq/irq.c.obj
 .rodata.__func__.4
                0x0000000010007604        0xf CMakeFiles/example.dir/home/sriram/pico/pico-sdk/src/rp2_common/hardware_irq/irq.c.obj
 *fill*         0x0000000010007613        0x1 
 .rodata.__func__.5
                0x0000000010007614       0x17 CMakeFiles/example.dir/home/sriram/pico/pico-sdk/src/rp2_common/hardware_irq/irq.c.obj
 *fill*         0x000000001000762b        0x1 
 .rodata.__func__.6
                0x000000001000762c       0x1a CMakeFiles/example.dir/home/sriram/pico/pico-sdk/src/rp2_common/hardware_irq/irq.c.obj
 *fill*         0x0000000010007646        0x2 
 .rodata.str1.4
                0x0000000010007648       0xed CMakeFiles/example.dir/home/sriram/pico/pico-sdk/src/common/pico_sync/mutex.c.obj
 *fill*         0x0000000010007735        0x3 
 .rodata.__func__.1
                0x0000000010007738        0xb CMakeFiles/example.dir/home/sriram/pico/pico-sdk/src/common/pico_sync/mutex.c.obj
 *fill*         0x0000000010007743        0x1 
 .rodata.__func__.3
                0x0000000010007744       0x18 CMakeFiles/example.dir/home/sriram/pico/pico-sdk/src/common/pico_sync/mutex.c.obj
 .rodata.__func__.4
                0x000000001000775c       0x15 CMakeFiles/example.dir/home/sriram/pico/pico-sdk/src/common/pico_sync/mutex.c.obj
 *fill*         0x0000000010007771        0x3 
 .rodata.repeating_timer_callback.str1.4
                0x0000000010007774       0x4b CMakeFiles/example.dir/home/sriram/pico/pico-sdk/src/common/pico_time/time.c.obj
 *fill*         0x00000000100077bf        0x1 
 .rodata.timer_pool_entry_comparator.str1.4
                0x00000000100077c0       0x22 CMakeFiles/example.dir/home/sriram/pico/pico-sdk/src/common/pico_time/time.c.obj
 *fill*         0x00000000100077e2        0x2 
 .rodata.ph_add_child_node.str1.4
                0x00000000100077e4       0x96 CMakeFiles/example.dir/home/sriram/pico/pico-sdk/src/common/pico_time/time.c.obj
 *fill*         0x000000001000787a        0x2 
 .rodata.add_alarm_under_lock.str1.4
                0x000000001000787c       0x28 CMakeFiles/example.dir/home/sriram/pico/pico-sdk/src/common/pico_time/time.c.obj
                                         0x2b (size before relaxing)
 .rodata.alarm_pool_alarm_callback.str1.4
                0x00000000100078a4       0x98 CMakeFiles/example.dir/home/sriram/pico/pico-sdk/src/common/pico_time/time.c.obj
                                         0xfc (size before relaxing)
 .rodata.alarm_pool_get_default.str1.4
                0x000000001000793c       0x21 CMakeFiles/example.dir/home/sriram/pico/pico-sdk/src/common/pico_time/time.c.obj
 *fill*         0x000000001000795d        0x3 
 .rodata.alarm_pool_cancel_alarm.str1.4
                0x0000000010007960       0x27 CMakeFiles/example.dir/home/sriram/pico/pico-sdk/src/common/pico_time/time.c.obj
 *fill*         0x0000000010007987        0x1 
 .rodata.sleep_until.str1.4
                0x0000000010007988       0x4d CMakeFiles/example.dir/home/sriram/pico/pico-sdk/src/common/pico_time/time.c.obj
 *fill*         0x00000000100079d5        0x3 
 .rodata.__func__.1
                0x00000000100079d8       0x18 CMakeFiles/example.dir/home/sriram/pico/pico-sdk/src/common/pico_time/time.c.obj
 .rodata.__func__.10
                0x00000000100079f0       0x15 CMakeFiles/example.dir/home/sriram/pico/pico-sdk/src/common/pico_time/time.c.obj
 *fill*         0x0000000010007a05        0x3 
 .rodata.__func__.11
                0x0000000010007a08       0x1a CMakeFiles/example.dir/home/sriram/pico/pico-sdk/src/common/pico_time/time.c.obj
 *fill*         0x0000000010007a22        0x2 
 .rodata.__func__.12
                0x0000000010007a24        0xa CMakeFiles/example.dir/home/sriram/pico/pico-sdk/src/common/pico_time/time.c.obj
 *fill*         0x0000000010007a2e        0x2 
 .rodata.__func__.3
                0x0000000010007a30       0x17 CMakeFiles/example.dir/home/sriram/pico/pico-sdk/src/common/pico_time/time.c.obj
 *fill*         0x0000000010007a47        0x1 
 .rodata.__func__.4
                0x0000000010007a48       0x12 CMakeFiles/example.dir/home/sriram/pico/pico-sdk/src/common/pico_time/time.c.obj
 *fill*         0x0000000010007a5a        0x2 
 .rodata.__func__.5
                0x0000000010007a5c        0xd CMakeFiles/example.dir/home/sriram/pico/pico-sdk/src/common/pico_time/time.c.obj
 *fill*         0x0000000010007a69        0x3 
 .rodata.__func__.6
                0x0000000010007a6c       0x12 CMakeFiles/example.dir/home/sriram/pico/pico-sdk/src/common/pico_time/time.c.obj
 *fill*         0x0000000010007a7e        0x2 
 .rodata.__func__.7
                0x0000000010007a80        0xf CMakeFiles/example.dir/home/sriram/pico/pico-sdk/src/common/pico_time/time.c.obj
 *fill*         0x0000000010007a8f        0x1 
 .rodata.__func__.8
                0x0000000010007a90        0xc CMakeFiles/example.dir/home/sriram/pico/pico-sdk/src/common/pico_time/time.c.obj
 .rodata.__func__.9
                0x0000000010007a9c       0x15 CMakeFiles/example.dir/home/sriram/pico/pico-sdk/src/common/pico_time/time.c.obj
 *fill*         0x0000000010007ab1        0x3 
 .rodata.hardware_alarm_claim.str1.4
                0x0000000010007ab4       0x22 CMakeFiles/example.dir/home/sriram/pico/pico-sdk/src/rp2_common/hardware_timer/timer.c.obj
 *fill*         0x0000000010007ad6        0x2 
 .rodata.hardware_alarm_set_target.str1.4
                0x0000000010007ad8       0x65 CMakeFiles/example.dir/home/sriram/pico/pico-sdk/src/rp2_common/hardware_timer/timer.c.obj
 *fill*         0x0000000010007b3d        0x3 
 .rodata.__func__.0
                0x0000000010007b40       0x1a CMakeFiles/example.dir/home/sriram/pico/pico-sdk/src/rp2_common/hardware_timer/timer.c.obj
 .rodata.ph_add_child_node.str1.4
                0x0000000010007b5a       0x96 CMakeFiles/example.dir/home/sriram/pico/pico-sdk/src/common/pico_util/pheap.c.obj
 *fill*         0x0000000010007b5a        0x2 
 .rodata.ph_remove_any_head.str1.4
                0x0000000010007b5c       0x8c CMakeFiles/example.dir/home/sriram/pico/pico-sdk/src/common/pico_util/pheap.c.obj
                                         0xa0 (size before relaxing)
 .rodata.ph_remove_and_free_node.str1.4
                0x0000000010007be8       0x1e CMakeFiles/example.dir/home/sriram/pico/pico-sdk/src/common/pico_util/pheap.c.obj
                                         0x26 (size before relaxing)
 *fill*         0x0000000010007c06        0x2 
 .rodata.__func__.0
                0x0000000010007c08       0x18 CMakeFiles/example.dir/home/sriram/pico/pico-sdk/src/common/pico_util/pheap.c.obj
 .rodata.__func__.1
                0x0000000010007c20       0x13 CMakeFiles/example.dir/home/sriram/pico/pico-sdk/src/common/pico_util/pheap.c.obj
 *fill*         0x0000000010007c33        0x1 
 .rodata.__func__.2
                0x0000000010007c34       0x12 CMakeFiles/example.dir/home/sriram/pico/pico-sdk/src/common/pico_util/pheap.c.obj
 *fill*         0x0000000010007c46        0x2 
 .rodata.__func__.3
                0x0000000010007c48        0xc CMakeFiles/example.dir/home/sriram/pico/pico-sdk/src/common/pico_util/pheap.c.obj
 .rodata.clock_configure.str1.4
                0x0000000010007c54       0x57 CMakeFiles/example.dir/home/sriram/pico/pico-sdk/src/rp2_common/hardware_clocks/clocks.c.obj
 *fill*         0x0000000010007cab        0x1 
 .rodata.__func__.1
                0x0000000010007cac       0x10 CMakeFiles/example.dir/home/sriram/pico/pico-sdk/src/rp2_common/hardware_clocks/clocks.c.obj
 .rodata.pll_init.str1.4
                0x0000000010007cbc      0x124 CMakeFiles/example.dir/home/sriram/pico/pico-sdk/src/rp2_common/hardware_pll/pll.c.obj
 .rodata.__func__.0
                0x0000000010007de0        0x9 CMakeFiles/example.dir/home/sriram/pico/pico-sdk/src/rp2_common/hardware_pll/pll.c.obj
 *fill*         0x0000000010007de9        0x3 
 .rodata.__assert_func.str1.4
                0x0000000010007dec       0x3f CMakeFiles/example.dir/home/sriram/pico/pico-sdk/src/rp2_common/pico_runtime/runtime.c.obj
                                         0x43 (size before relaxing)
 *fill*         0x0000000010007e2b        0x1 
 .rodata.runtime_init.str1.4
                0x0000000010007e2c       0x61 CMakeFiles/example.dir/home/sriram/pico/pico-sdk/src/rp2_common/pico_runtime/runtime.c.obj
 *fill*         0x0000000010007e8d        0x3 
 .rodata.panic.str1.4
                0x0000000010007e90       0x12 CMakeFiles/example.dir/home/sriram/pico/pico-sdk/src/rp2_common/pico_runtime/runtime.c.obj
 *fill*         0x0000000010007ea2        0x2 
 .rodata.__func__.2
                0x0000000010007ea4        0xd CMakeFiles/example.dir/home/sriram/pico/pico-sdk/src/rp2_common/pico_runtime/runtime.c.obj
 *fill*         0x0000000010007eb1        0x3 
 .rodata._ftoa.str1.4
                0x0000000010007eb4       0x15 CMakeFiles/example.dir/home/sriram/pico/pico-sdk/src/rp2_common/pico_printf/printf.c.obj
 *fill*         0x0000000010007ec9        0x3 
 .rodata._vsnprintf
                0x0000000010007ecc      0x1e0 CMakeFiles/example.dir/home/sriram/pico/pico-sdk/src/rp2_common/pico_printf/printf.c.obj
 *fill*         0x00000000100080ac        0x4 
 .rodata.pow10.0
                0x00000000100080b0       0x50 CMakeFiles/example.dir/home/sriram/pico/pico-sdk/src/rp2_common/pico_printf/printf.c.obj
 .rodata.__aeabi_double_init.str1.4
                0x0000000010008100       0x9c CMakeFiles/example.dir/home/sriram/pico/pico-sdk/src/rp2_common/pico_double/double_init_rom.c.obj
 .rodata.__func__.0
                0x000000001000819c       0x14 CMakeFiles/example.dir/home/sriram/pico/pico-sdk/src/rp2_common/pico_double/double_init_rom.c.obj
 .rodata.__aeabi_float_init.str1.4
                0x00000000100081b0       0x7a CMakeFiles/example.dir/home/sriram/pico/pico-sdk/src/rp2_common/pico_float/float_init_rom.c.obj
                                         0x7e (size before relaxing)
 *fill*         0x000000001000822a        0x2 
 .rodata.__func__.0
                0x000000001000822c       0x13 CMakeFiles/example.dir/home/sriram/pico/pico-sdk/src/rp2_common/pico_float/float_init_rom.c.obj
 *fill*         0x000000001000823f        0x1 
 .rodata.str1.4
                0x0000000010008240       0x3c CMakeFiles/example.dir/home/sriram/pico/pico-sdk/src/rp2_common/pico_standard_link/binary_info.c.obj
 .rodata.__bi_44
                0x000000001000827c        0xc CMakeFiles/example.dir/home/sriram/pico/pico-sdk/src/rp2_common/pico_standard_link/binary_info.c.obj
 .rodata.__bi_75
                0x0000000010008288        0xc CMakeFiles/example.dir/home/sriram/pico/pico-sdk/src/rp2_common/pico_standard_link/binary_info.c.obj
 .rodata.__bi_81
                0x0000000010008294        0xc CMakeFiles/example.dir/home/sriram/pico/pico-sdk/src/rp2_common/pico_standard_link/binary_info.c.obj
 .rodata.stdout_serialize_begin.str1.4
                0x00000000100082a0       0x61 CMakeFiles/example.dir/home/sriram/pico/pico-sdk/src/rp2_common/pico_stdio/stdio.c.obj
 .rodata.__func__.3
                0x00000000100082a0       0x15 CMakeFiles/example.dir/home/sriram/pico/pico-sdk/src/rp2_common/pico_stdio/stdio.c.obj
 *fill*         0x00000000100082b5        0x3 
 .rodata.crlf_str.2
                0x00000000100082b8        0x2 CMakeFiles/example.dir/home/sriram/pico/pico-sdk/src/rp2_common/pico_stdio/stdio.c.obj
 *fill*         0x00000000100082ba        0x2 
 .rodata._resetd_driver
                0x00000000100082bc       0x18 CMakeFiles/example.dir/home/sriram/pico/pico-sdk/src/rp2_common/pico_stdio_usb/reset_interface.c.obj
 .rodata.low_priority_worker_irq.str1.4
                0x00000000100082d4       0x61 CMakeFiles/example.dir/home/sriram/pico/pico-sdk/src/rp2_common/pico_stdio_usb/stdio_usb.c.obj
 .rodata.stdio_usb_init.str1.4
                0x00000000100082d4       0x45 CMakeFiles/example.dir/home/sriram/pico/pico-sdk/src/rp2_common/pico_stdio_usb/stdio_usb.c.obj
                                         0x4d (size before relaxing)
 *fill*         0x0000000010008319        0x3 
 .rodata.str1.4
                0x000000001000831c       0x13 CMakeFiles/example.dir/home/sriram/pico/pico-sdk/src/rp2_common/pico_stdio_usb/stdio_usb.c.obj
 *fill*         0x000000001000832f        0x1 
 .rodata.__bi_182.0
                0x0000000010008330        0xc CMakeFiles/example.dir/home/sriram/pico/pico-sdk/src/rp2_common/pico_stdio_usb/stdio_usb.c.obj
 .rodata.__func__.1
                0x000000001000833c        0xf CMakeFiles/example.dir/home/sriram/pico/pico-sdk/src/rp2_common/pico_stdio_usb/stdio_usb.c.obj
 *fill*         0x000000001000834b        0x1 
 .rodata.__func__.3
                0x000000001000834c       0x15 CMakeFiles/example.dir/home/sriram/pico/pico-sdk/src/rp2_common/pico_stdio_usb/stdio_usb.c.obj
 *fill*         0x0000000010008361        0x3 
 .rodata.str1.4
                0x0000000010008364       0x2a CMakeFiles/example.dir/home/sriram/pico/pico-sdk/src/rp2_common/pico_stdio_usb/stdio_usb_descriptors.c.obj
 *fill*         0x000000001000838e        0x2 
 .rodata.usbd_desc_cfg
                0x0000000010008390       0x54 CMakeFiles/example.dir/home/sriram/pico/pico-sdk/src/rp2_common/pico_stdio_usb/stdio_usb_descriptors.c.obj
 .rodata.usbd_desc_device
                0x00000000100083e4       0x12 CMakeFiles/example.dir/home/sriram/pico/pico-sdk/src/rp2_common/pico_stdio_usb/stdio_usb_descriptors.c.obj
 *fill*         0x00000000100083f6        0x2 
 .rodata.usbd_desc_str
                0x00000000100083f8       0x18 CMakeFiles/example.dir/home/sriram/pico/pico-sdk/src/rp2_common/pico_stdio_usb/stdio_usb_descriptors.c.obj
 .rodata.pico_get_unique_board_id_string.str1.4
                0x0000000010008410       0x4d CMakeFiles/example.dir/home/sriram/pico/pico-sdk/src/rp2_common/pico_unique_id/unique_id.c.obj
 *fill*         0x000000001000845d        0x3 
 .rodata.__func__.0
                0x0000000010008460       0x20 CMakeFiles/example.dir/home/sriram/pico/pico-sdk/src/rp2_common/pico_unique_id/unique_id.c.obj
 .rodata.str1.4
                0x0000000010008480      0x15a CMakeFiles/example.dir/home/sriram/pico/pico-sdk/src/rp2_common/hardware_flash/flash.c.obj
 *fill*         0x00000000100085da        0x2 
 .rodata.__func__.0
                0x00000000100085dc        0xd CMakeFiles/example.dir/home/sriram/pico/pico-sdk/src/rp2_common/hardware_flash/flash.c.obj
 *fill*         0x00000000100085e9        0x3 
 .rodata._hw_endpoint_alloc.str1.4
                0x00000000100085ec       0xb5 CMakeFiles/example.dir/home/sriram/pico/pico-sdk/lib/tinyusb/src/portable/raspberrypi/rp2040/dcd_rp2040.c.obj
 *fill*         0x00000000100086a1        0x3 
 .rodata.str1.4
                0x00000000100086a4       0x14 CMakeFiles/example.dir/home/sriram/pico/pico-sdk/lib/tinyusb/src/portable/raspberrypi/rp2040/dcd_rp2040.c.obj
 .rodata.dcd_int_enable.str1.4
                0x00000000100086b8        0xc CMakeFiles/example.dir/home/sriram/pico/pico-sdk/lib/tinyusb/src/portable/raspberrypi/rp2040/dcd_rp2040.c.obj
 .rodata.__func__.0
                0x00000000100086c4        0xe CMakeFiles/example.dir/home/sriram/pico/pico-sdk/lib/tinyusb/src/portable/raspberrypi/rp2040/dcd_rp2040.c.obj
 *fill*         0x00000000100086d2        0x2 
 .rodata.__func__.1
                0x00000000100086d4        0xe CMakeFiles/example.dir/home/sriram/pico/pico-sdk/lib/tinyusb/src/portable/raspberrypi/rp2040/dcd_rp2040.c.obj
 *fill*         0x00000000100086e2        0x2 
 .rodata.__func__.3
                0x00000000100086e4       0x10 CMakeFiles/example.dir/home/sriram/pico/pico-sdk/lib/tinyusb/src/portable/raspberrypi/rp2040/dcd_rp2040.c.obj
 .rodata.__func__.5
                0x00000000100086f4        0xf CMakeFiles/example.dir/home/sriram/pico/pico-sdk/lib/tinyusb/src/portable/raspberrypi/rp2040/dcd_rp2040.c.obj
 *fill*         0x0000000010008703        0x1 
 .rodata.__func__.6
                0x0000000010008704       0x13 CMakeFiles/example.dir/home/sriram/pico/pico-sdk/lib/tinyusb/src/portable/raspberrypi/rp2040/dcd_rp2040.c.obj
 *fill*         0x0000000010008717        0x1 
 .rodata.__func__.7
                0x0000000010008718        0x9 CMakeFiles/example.dir/home/sriram/pico/pico-sdk/lib/tinyusb/src/portable/raspberrypi/rp2040/dcd_rp2040.c.obj
 *fill*         0x0000000010008721        0x3 
 .rodata.str1.4
                0x0000000010008724       0xe7 CMakeFiles/example.dir/home/sriram/pico/pico-sdk/lib/tinyusb/src/portable/raspberrypi/rp2040/rp2040_usb.c.obj
 *fill*         0x000000001000880b        0x1 
 .rodata.__func__.0
                0x000000001000880c        0xf CMakeFiles/example.dir/home/sriram/pico/pico-sdk/lib/tinyusb/src/portable/raspberrypi/rp2040/rp2040_usb.c.obj
 *fill*         0x000000001000881b        0x1 
 .rodata.process_get_descriptor
                0x000000001000881c       0x40 CMakeFiles/example.dir/home/sriram/pico/pico-sdk/lib/tinyusb/src/device/usbd.c.obj
 .rodata.process_control_request
                0x000000001000885c       0x28 CMakeFiles/example.dir/home/sriram/pico/pico-sdk/lib/tinyusb/src/device/usbd.c.obj
 .rodata.tud_task_ext
                0x0000000010008884       0x24 CMakeFiles/example.dir/home/sriram/pico/pico-sdk/lib/tinyusb/src/device/usbd.c.obj
 .rodata._usbd_driver
                0x00000000100088a8       0x18 CMakeFiles/example.dir/home/sriram/pico/pico-sdk/lib/tinyusb/src/device/usbd.c.obj
 .rodata.i2c_set_baudrate.str1.4
                0x00000000100088c0       0x5d CMakeFiles/example.dir/home/sriram/pico/pico-sdk/src/rp2_common/hardware_i2c/i2c.c.obj
 *fill*         0x000000001000891d        0x3 
 .rodata.__func__.0
                0x0000000010008920       0x11 CMakeFiles/example.dir/home/sriram/pico/pico-sdk/src/rp2_common/hardware_i2c/i2c.c.obj
                0x0000000010008934                . = ALIGN (0x4)
 *fill*         0x0000000010008931        0x3 
 *(SORT_BY_ALIGNMENT(SORT_BY_NAME(.flashdata*)))
                0x0000000010008934                . = ALIGN (0x4)

.ARM.extab
 *(.ARM.extab* .gnu.linkonce.armextab.*)
                0x0000000010008934                __exidx_start = .

.ARM.exidx
 *(.ARM.exidx* .gnu.linkonce.armexidx.*)
                0x0000000010008934                __exidx_end = .
                0x0000000010008934                . = ALIGN (0x4)
                0x0000000010008934                __binary_info_start = .

.binary_info    0x0000000010008934       0x20
 *(.binary_info.keep.*)
 .binary_info.keep.__bi_ptr22
                0x0000000010008934        0x4 CMakeFiles/example.dir/home/sriram/pico/pico-sdk/src/rp2_common/pico_standard_link/binary_info.c.obj
 .binary_info.keep.__bi_ptr30
                0x0000000010008938        0x4 CMakeFiles/example.dir/home/sriram/pico/pico-sdk/src/rp2_common/pico_standard_link/binary_info.c.obj
 .binary_info.keep.__bi_ptr38
                0x000000001000893c        0x4 CMakeFiles/example.dir/home/sriram/pico/pico-sdk/src/rp2_common/pico_standard_link/binary_info.c.obj
 .binary_info.keep.__bi_ptr44
                0x0000000010008940        0x4 CMakeFiles/example.dir/home/sriram/pico/pico-sdk/src/rp2_common/pico_standard_link/binary_info.c.obj
 .binary_info.keep.__bi_ptr50
                0x0000000010008944        0x4 CMakeFiles/example.dir/home/sriram/pico/pico-sdk/src/rp2_common/pico_standard_link/binary_info.c.obj
 .binary_info.keep.__bi_ptr75
                0x0000000010008948        0x4 CMakeFiles/example.dir/home/sriram/pico/pico-sdk/src/rp2_common/pico_standard_link/binary_info.c.obj
 .binary_info.keep.__bi_ptr81
                0x000000001000894c        0x4 CMakeFiles/example.dir/home/sriram/pico/pico-sdk/src/rp2_common/pico_standard_link/binary_info.c.obj
 *(.binary_info.*)
 .binary_info.__bi_ptr182
                0x0000000010008950        0x4 CMakeFiles/example.dir/home/sriram/pico/pico-sdk/src/rp2_common/pico_stdio_usb/stdio_usb.c.obj
                0x0000000010008954                __binary_info_end = .

.rel.dyn        0x0000000010008954        0x0
 .rel.iplt      0x0000000010008954        0x0 /usr/lib/gcc/arm-none-eabi/10.3.1/thumb/v6-m/nofp/crtbegin.o
                0x0000000010008954                . = ALIGN (0x4)

.ram_vector_table
                0x0000000020000000       0xc0
 *(.ram_vector_table)
 .ram_vector_table
                0x0000000020000000       0xc0 CMakeFiles/example.dir/home/sriram/pico/pico-sdk/src/rp2_common/pico_runtime/runtime.c.obj
                0x0000000020000000                ram_vector_table

.data           0x00000000200000c0      0xbf8 load address 0x0000000010008954
                0x00000000200000c0                __data_start__ = .
 *(vtable)
 *(.time_critical*)
 .time_critical.mutex_try_enter
                0x00000000200000c0       0x46 CMakeFiles/example.dir/home/sriram/pico/pico-sdk/src/common/pico_sync/mutex.c.obj
                0x00000000200000c0                mutex_try_enter
 *fill*         0x0000000020000106        0x2 
 .time_critical.mutex_enter_block_until
                0x0000000020000108       0x8c CMakeFiles/example.dir/home/sriram/pico/pico-sdk/src/common/pico_sync/mutex.c.obj
                0x0000000020000108                mutex_enter_block_until
 .time_critical.mutex_try_enter_block_until
                0x0000000020000194       0x34 CMakeFiles/example.dir/home/sriram/pico/pico-sdk/src/common/pico_sync/mutex.c.obj
                0x0000000020000194                mutex_try_enter_block_until
 .time_critical.mutex_enter_timeout_ms
                0x00000000200001c8       0x68 CMakeFiles/example.dir/home/sriram/pico/pico-sdk/src/common/pico_sync/mutex.c.obj
                0x00000000200001c8                mutex_enter_timeout_ms
 .time_critical.mutex_exit
                0x0000000020000230       0x4c CMakeFiles/example.dir/home/sriram/pico/pico-sdk/src/common/pico_sync/mutex.c.obj
                0x0000000020000230                mutex_exit
 .time_critical.flash_init_boot2_copyout
                0x000000002000027c       0x30 CMakeFiles/example.dir/home/sriram/pico/pico-sdk/src/rp2_common/hardware_flash/flash.c.obj
 .time_critical.flash_enable_xip_via_boot2
                0x00000000200002ac       0x10 CMakeFiles/example.dir/home/sriram/pico/pico-sdk/src/rp2_common/hardware_flash/flash.c.obj
 .time_critical.flash_cs_force
                0x00000000200002bc       0x28 CMakeFiles/example.dir/home/sriram/pico/pico-sdk/src/rp2_common/hardware_flash/flash.c.obj
 .time_critical.flash_do_cmd
                0x00000000200002e4       0xd8 CMakeFiles/example.dir/home/sriram/pico/pico-sdk/src/rp2_common/hardware_flash/flash.c.obj
                0x00000000200002e4                flash_do_cmd
 .time_critical.reset_non_control_endpoints
                0x00000000200003bc       0x40 CMakeFiles/example.dir/home/sriram/pico/pico-sdk/lib/tinyusb/src/portable/raspberrypi/rp2040/dcd_rp2040.c.obj
 .time_critical.hw_handle_buff_status
                0x00000000200003fc       0xa4 CMakeFiles/example.dir/home/sriram/pico/pico-sdk/lib/tinyusb/src/portable/raspberrypi/rp2040/dcd_rp2040.c.obj
 .time_critical.dcd_rp2040_irq
                0x00000000200004a0      0x1cc CMakeFiles/example.dir/home/sriram/pico/pico-sdk/lib/tinyusb/src/portable/raspberrypi/rp2040/dcd_rp2040.c.obj
 .time_critical.e15_is_bulkin_ep
                0x000000002000066c       0x2c CMakeFiles/example.dir/home/sriram/pico/pico-sdk/lib/tinyusb/src/portable/raspberrypi/rp2040/rp2040_usb.c.obj
 .time_critical.e15_is_critical_frame_period
                0x0000000020000698       0x30 CMakeFiles/example.dir/home/sriram/pico/pico-sdk/lib/tinyusb/src/portable/raspberrypi/rp2040/rp2040_usb.c.obj
 .time_critical.prepare_ep_buffer
                0x00000000200006c8       0x70 CMakeFiles/example.dir/home/sriram/pico/pico-sdk/lib/tinyusb/src/portable/raspberrypi/rp2040/rp2040_usb.c.obj
 .time_critical.sync_ep_buffer
                0x0000000020000738       0x80 CMakeFiles/example.dir/home/sriram/pico/pico-sdk/lib/tinyusb/src/portable/raspberrypi/rp2040/rp2040_usb.c.obj
 .time_critical._hw_endpoint_xfer_sync
                0x00000000200007b8       0x28 CMakeFiles/example.dir/home/sriram/pico/pico-sdk/lib/tinyusb/src/portable/raspberrypi/rp2040/rp2040_usb.c.obj
 .time_critical.hw_endpoint_reset_transfer
                0x00000000200007e0        0xc CMakeFiles/example.dir/home/sriram/pico/pico-sdk/lib/tinyusb/src/portable/raspberrypi/rp2040/rp2040_usb.c.obj
                0x00000000200007e0                hw_endpoint_reset_transfer
 .time_critical._hw_endpoint_buffer_control_update32
                0x00000000200007ec       0x58 CMakeFiles/example.dir/home/sriram/pico/pico-sdk/lib/tinyusb/src/portable/raspberrypi/rp2040/rp2040_usb.c.obj
                0x00000000200007ec                _hw_endpoint_buffer_control_update32
 .time_critical.hw_endpoint_start_next_buffer
                0x0000000020000844       0x88 CMakeFiles/example.dir/home/sriram/pico/pico-sdk/lib/tinyusb/src/portable/raspberrypi/rp2040/rp2040_usb.c.obj
                0x0000000020000844                hw_endpoint_start_next_buffer
 .time_critical.hw_endpoint_xfer_continue
                0x00000000200008cc       0x50 CMakeFiles/example.dir/home/sriram/pico/pico-sdk/lib/tinyusb/src/portable/raspberrypi/rp2040/rp2040_usb.c.obj
                0x00000000200008cc                hw_endpoint_xfer_continue
 .time_critical.tinyusb
                0x000000002000091c      0x200 CMakeFiles/example.dir/home/sriram/pico/pico-sdk/lib/tinyusb/src/device/usbd.c.obj
                0x000000002000091c                dcd_event_handler
 *(.text*)
 .text          0x0000000020000b1c        0x4 /usr/lib/gcc/arm-none-eabi/10.3.1/thumb/v6-m/nofp/libgcc.a(_dvmd_tls.o)
                0x0000000020000b1c                __aeabi_ldiv0
                0x0000000020000b1c                __aeabi_idiv0
 .text.__stub   0x0000000020000b20       0x90 linker stubs
                0x0000000020000bb0                . = ALIGN (0x4)
 *(.rodata*)
                0x0000000020000bb0                . = ALIGN (0x4)
 *(.data*)
 .data.striped_spin_lock_num
                0x0000000020000bb0        0x1 CMakeFiles/example.dir/home/sriram/pico/pico-sdk/src/rp2_common/hardware_sync/sync.c.obj
 *fill*         0x0000000020000bb1        0x3 
 .data          0x0000000020000bb4       0x48 CMakeFiles/example.dir/home/sriram/pico/pico-sdk/src/rp2_common/hardware_irq/irq_handler_chain.S.obj
                0x0000000020000bb4                irq_handler_chain_slots
                0x0000000020000be4                irq_handler_chain_first_slot
                0x0000000020000bee                irq_handler_chain_remove_tail
 .data.default_alarm_pool
                0x0000000020000bfc       0x18 CMakeFiles/example.dir/home/sriram/pico/pico-sdk/src/common/pico_time/time.c.obj
 .data.default_alarm_pool_heap
                0x0000000020000c14       0x10 CMakeFiles/example.dir/home/sriram/pico/pico-sdk/src/common/pico_time/time.c.obj
 *fill*         0x0000000020000c24        0xc 
 .data.aeabi_bits_funcs
                0x0000000020000c30       0x10 CMakeFiles/example.dir/home/sriram/pico/pico-sdk/src/rp2_common/pico_bit_ops/bit_ops_aeabi.S.obj
                0x0000000020000c30                aeabi_bits_funcs
                0x0000000020000c40                aeabi_bits_funcs_end
 .data.aeabi_mem_funcs
                0x0000000020000c40       0x10 CMakeFiles/example.dir/home/sriram/pico/pico-sdk/src/rp2_common/pico_mem_ops/mem_ops_aeabi.S.obj
                0x0000000020000c40                aeabi_mem_funcs
                0x0000000020000c50                aeabi_mem_funcs_end
 .data.stdio_usb
                0x0000000020000c50       0x18 CMakeFiles/example.dir/home/sriram/pico/pico-sdk/src/rp2_common/pico_stdio_usb/stdio_usb.c.obj
                0x0000000020000c50                stdio_usb
 .data.ep_dir_string
                0x0000000020000c68        0x8 CMakeFiles/example.dir/home/sriram/pico/pico-sdk/lib/tinyusb/src/portable/raspberrypi/rp2040/rp2040_usb.c.obj
                0x0000000020000c68                ep_dir_string
 .data._usbd_qdef
                0x0000000020000c70       0x1c CMakeFiles/example.dir/home/sriram/pico/pico-sdk/lib/tinyusb/src/device/usbd.c.obj
                0x0000000020000c70                _usbd_qdef
 .data._usbd_rhport
                0x0000000020000c8c        0x1 CMakeFiles/example.dir/home/sriram/pico/pico-sdk/lib/tinyusb/src/device/usbd.c.obj
 *fill*         0x0000000020000c8d        0x3 
 .data.i2c0_inst
                0x0000000020000c90        0x8 CMakeFiles/example.dir/home/sriram/pico/pico-sdk/src/rp2_common/hardware_i2c/i2c.c.obj
                0x0000000020000c90                i2c0_inst
                0x0000000020000c98                . = ALIGN (0x4)
 *(.after_data.*)
                0x0000000020000c98                . = ALIGN (0x4)
                0x0000000020000c98                PROVIDE (__mutex_array_start = .)
 *(SORT_BY_NAME(.mutex_array.*))
 *(.mutex_array)
 .mutex_array   0x0000000020000c98        0x8 CMakeFiles/example.dir/home/sriram/pico/pico-sdk/src/rp2_common/pico_stdio/stdio.c.obj
                0x0000000020000ca0                PROVIDE (__mutex_array_end = .)
                0x0000000020000ca0                . = ALIGN (0x4)
                0x0000000020000ca0                PROVIDE (__preinit_array_start = .)
 *(SORT_BY_NAME(.preinit_array.*))
 .preinit_array.00001
                0x0000000020000ca0        0x4 CMakeFiles/example.dir/home/sriram/pico/pico-sdk/src/rp2_common/pico_mem_ops/mem_ops_aeabi.S.obj
 .preinit_array.00010
                0x0000000020000ca4        0x4 CMakeFiles/example.dir/home/sriram/pico/pico-sdk/src/rp2_common/pico_bit_ops/bit_ops_aeabi.S.obj
 .preinit_array.00020
                0x0000000020000ca8        0x4 CMakeFiles/example.dir/home/sriram/pico/pico-sdk/src/rp2_common/pico_double/double_aeabi.S.obj
 .preinit_array.00020
                0x0000000020000cac        0x4 CMakeFiles/example.dir/home/sriram/pico/pico-sdk/src/rp2_common/pico_float/float_aeabi.S.obj
 *(.preinit_array)
                0x0000000020000cb0                PROVIDE (__preinit_array_end = .)
                0x0000000020000cb0                . = ALIGN (0x4)
                0x0000000020000cb0                PROVIDE (__init_array_start = .)
 *(SORT_BY_NAME(.init_array.*))
 *(.init_array)
 .init_array    0x0000000020000cb0        0x4 /usr/lib/gcc/arm-none-eabi/10.3.1/thumb/v6-m/nofp/crtbegin.o
 .init_array    0x0000000020000cb4        0x4 CMakeFiles/example.dir/home/sriram/pico/pico-sdk/src/rp2_common/pico_unique_id/unique_id.c.obj
                0x0000000020000cb8                PROVIDE (__init_array_end = .)
                0x0000000020000cb8                . = ALIGN (0x4)